******************************************************************************
              TMS320C55x Linker PC v4.4.1                      
******************************************************************************
>> Linked Tue Mar 15 10:39:40 2016

OUTPUT FILE NAME:   <FilterBank.out>
ENTRY POINT SYMBOL: "_c_int00"  address: 00027cae


MEMORY CONFIGURATION

         name            origin    length      used     unused   attr    fill
                        (bytes)   (bytes)    (bytes)   (bytes)
----------------------  --------  ---------  --------  --------  ----  --------
PAGE 0:
  MMR                   00000000   000000c0  00000000  000000c0  RWIX
  DARAM0                000000c0   0000ff40  00007e4c  000080f4  RWIX
  SARAM0                00010000   00010000  00000000  00010000  RWIX
  SARAM1                00020000   00020000  00007de1  0001821f  RWIX
  SARAM2                00040000   0000fe00  000003a8  0000fa58  RWIX
  VECS                  0004fe00   00000200  00000200  00000000  RWIX
  PDROM                 00ff8000   00008000  00000000  00008000  R IX

PAGE 2:
  IOPORT                00000000   00020000  00000000  00020000  RWI 


SECTION ALLOCATION MAP
(Addresses surrounded by []'s are displayed for convenience only!)

output                                                          attributes/
section   page  orgn(bytes) orgn(words) len(bytes) len(words)   input sections
--------  ----  ----------- ----------- ---------- ----------   --------------
.pinit       0   [ 00040000 ]  00020000          *   00000000   UNINITIALIZED

.stack       0   [ 000000c0 ]  00000060          *   00001000   UNINITIALIZED
                 [ 000000c0 ]  00000060          *   00001000   --HOLE--

.data        0   [ 000000c0 ]  00000060          *   00000000   UNINITIALIZED

.sysstack 
*            0   [ 000020c0 ]  00001060          *   00000800   UNINITIALIZED
                 [ 000020c0 ]  00001060          *   00000800   --HOLE--

.bss.1       0   [ 000030c0 ]  00001860          *   00001437   UNINITIALIZED
                 [ 000030c0 ]  00001860          *   00000d00   main.obj (.bss)
                 [ 00004ac0 ]  00002560          *   00000408   ezdsp5535_aic3204_dma.obj (.bss)
                 [ 000052d0 ]  00002968          *   00000119   rts55x.lib : defs.obj (.bss)
                 [ 00005502 ]  00002a81          *   000000d0              : trgdrv.obj (.bss)
                 [ 000056a2 ]  00002b51          *   00000001              : fopen.obj (.bss)
                 [ 000056a4 ]  00002b52          *   00000084   cslVC5505.lib : csl_intc.obj (.bss)
                 [ 000057ac ]  00002bd6          *   00000071   rts55x.lib : lowlev.obj (.bss)
                 [ 0000588e ]  00002c47          *   0000002a   cslVC5505.lib : csl_i2s.obj (.bss)
                 [ 000058e2 ]  00002c71          *   00000026   filter_coeff.obj (.bss)

.bss.2       0   [ 00005930 ]  00002c98          *   0000002c   UNINITIALIZED
                 [ 00005930 ]  00002c98          *   00000012   cslVC5505.lib : csl_i2c.obj (.bss)
                 [ 00005954 ]  00002caa          *   00000008   ezdsp5535bsl.lib : ezdsp5535_sar.obj (.bss)
                 [ 00005964 ]  00002cb2          *   00000006   rts55x.lib : memory.obj (.bss)
                 [ 00005970 ]  00002cb8          *   00000004              : _lock.obj (.bss)
                 [ 00005978 ]  00002cbc          *   00000004              : exit.obj (.bss)
                 [ 00005980 ]  00002cc0          *   00000002   aic3204.obj (.bss)
                 [ 00005984 ]  00002cc2          *   00000002   ezdsp5535bsl.lib : ezdsp5535_i2s.obj (.bss)

.sysmem      0   [ 00005988 ]  00002cc4          *   00001000   UNINITIALIZED
                 [ 00005988 ]  00002cc4          *   00001000   --HOLE--

.const.1     0   [ 00007988 ]  00003cc4          *   00000275   
                 [ 00007988 ]  00003cc4          *   00000174   aic3204_init.obj (.const:.string)
                 [ 00007c70 ]  00003e38          *   00000101   rts55x.lib : ctype.obj (.const:__ctypes_)

.const.2     0   [ 00007e74 ]  00003f3a          *   0000004e   
                 [ 00007e74 ]  00003f3a          *   00000024   rts55x.lib : _printfi.obj (.const:.string)
                 [ 00007ebc ]  00003f5e          *   00000012   main.obj (.const:.string)
                 [ 00007ee0 ]  00003f70          *   0000000c   rts55x.lib : _printfi.obj (.const)
                 [ 00007ef8 ]  00003f7c          *   00000008              : divd.obj (.const:_initial_approx$1)
                 [ 00007f08 ]  00003f84          *   00000002              : fputs.obj (.const:.string)
                 [ 00007f0c ]  00003f86          *   00000002              : fltlid.obj (.const)

.text        0     00020000  [ 00010000 ] 00007de1          *   
                   00020000  [ 00010000 ] 000015a4          *   rts55x.lib : _printfi.obj (.text)
                   000215a4  [ 00010ad2 ] 00000c3c          *   cslVC5505.lib : csl_i2c.obj (.text)
                   000221e0  [ 000110f0 ] 00000b18          *                 : csl_sar.obj (.text)
                   00022cf8  [ 0001167c ] 000009f3          *                 : csl_i2s.obj (.text)
                   000236eb  [ 00011b75+] 000005d4          *   main.obj (.text)
                   00023cbf  [ 00011e5f+] 000005b5          *   aic3204_init.obj (.text)
                   00024274  [ 0001213a ] 00000554          *   cslVC5505.lib : csl_intc.obj (.text)
                   000247c8  [ 000123e4 ] 00000543          *   rts55x.lib : lowlev.obj (.text)
                   00024d0b  [ 00012685+] 00000528          *              : trgdrv.obj (.text)
                   00025233  [ 00012919+] 000004b5          *              : memory.obj (.text)
                   000256e8  [ 00012b74 ] 000003cc          *              : divd.obj (.text)
                   00025ab4  [ 00012d5a ] 0000031b          *   ezdsp5535_aic3204_dma.obj (.text)
                   00025dcf  [ 00012ee7+] 0000027f          *   rts55x.lib : fopen.obj (.text)
                   0002604e  [ 00013027 ] 0000025e          *              : llmpy.obj (.text)
                   000262ac  [ 00013156 ] 0000025a          *              : addd.obj (.text)
                   00026506  [ 00013283 ] 000001ea          *              : cmpd.obj (.text)
                   000266f0  [ 00013378 ] 0000017a          *   ezdsp5535bsl.lib : ezdsp5535_sar.obj (.text)
                   0002686a  [ 00013435 ] 00000163          *   rts55x.lib : fputs.obj (.text)
                   000269cd  [ 000134e6+] 00000153          *   fir.obj (.text)
                   00026b20  [ 00013590 ] 0000014c          *   rts55x.lib : mpyd.obj (.text)
                   00026c6c  [ 00013636 ] 00000107          *   ezdsp5535bsl.lib : ezdsp5535_i2s.obj (.text)
                   00026d73  [ 000136b9+] 000000e6          *   rts55x.lib : setvbuf.obj (.text)
                   00026e59  [ 0001372c+] 000000dd          *              : _io_perm.obj (.text)
                   00026f36  [ 0001379b ] 000000cc          *   ezdsp5535_aic3204_dma.obj (.text:retain)
                   00027002  [ 00013801 ] 000000c3          *   aic3204.obj (.text)
                   000270c5  [ 00013862+] 000000c2          *   rts55x.lib : fflush.obj (.text)
                   00027187  [ 000138c3+] 000000ba          *              : trgmsg.obj (.text:CIO_breakpoint)
                   00027241  [ 00013920+] 000000ba          *   processing.obj (.text)
                   000272fb  [ 0001397d+] 000000a6          *   rts55x.lib : fputc.obj (.text)
                   000273a1  [ 000139d0+] 000000a1          *              : divul.obj (.text)
                   00027442  [ 00013a21 ] 0000008e          *   ezdsp5535bsl.lib : ezdsp5535_i2c.obj (.text)
                   000274d0  [ 00013a68 ] 0000008c          *   cslVC5505.lib : csl_irqplug.obj (.text)
                   0002755c  [ 00013aae ] 0000007d          *   rts55x.lib : ltoa.obj (.text)
                   000275d9  [ 00013aec+] 0000007b          *              : fclose.obj (.text)
                   00027654  [ 00013b2a ] 00000076          *              : frcmpyd.obj (.text)
                   000276ca  [ 00013b65 ] 00000073          *              : frcmpyd_div.obj (.text)
                   0002773d  [ 00013b9e+] 00000072          *              : remul.obj (.text)
                   000277af  [ 00013bd7+] 0000006f          *              : fixdli.obj (.text)
                   0002781e  [ 00013c0f ] 0000006d          *   cslVC5505.lib : vectors.obj (.text)
                   0002788b  [ 00013c45+] 0000006d          *   rts55x.lib : trgmsg.obj (.text)
                   000278f8  [ 00013c7c ] 0000006b          *              : fseek.obj (.text)
                   00027963  [ 00013cb1+] 00000067          *              : fltlid.obj (.text)
                   000279ca  [ 00013ce5 ] 0000005c          *              : atoi.obj (.text)
                   00027a26  [ 00013d13 ] 00000054          *   ezdsp5535bsl.lib : ezdsp5535.obj (.text)
                   00027a7a  [ 00013d3d ] 00000050          *   rts55x.lib : printf.obj (.text)
                   00027aca  [ 00013d65 ] 0000004d          *              : autoinit.obj (.text)
                   00027b17  [ 00013d8b+] 0000004b          *              : args_main.obj (.text)
                   00027b62  [ 00013db1 ] 0000004b          *              : remli.obj (.text)
                   00027bad  [ 00013dd6+] 00000048          *              : divli.obj (.text)
                   00027bf5  [ 00013dfa+] 0000003f          *              : memcpy.obj (.text)
                   00027c34  [ 00013e1a ] 0000003e          *              : exit.obj (.text)
                   00027c72  [ 00013e39 ] 0000003c          *              : idiv.obj (.text)
                   00027cae  [ 00013e57 ] 00000034          *              : boot.obj (.text)
                   00027ce2  [ 00013e71 ] 0000002a          *              : fixdi.obj (.text)
                   00027d0c  [ 00013e86 ] 0000002a          *              : udiv.obj (.text)
                   00027d36  [ 00013e9b ] 00000023          *              : memccpy.obj (.text)
                   00027d59  [ 00013eac+] 0000001a          *              : isinf.obj (.text)
                   00027d73  [ 00013eb9+] 00000014          *              : subd.obj (.text)
                   00027d87  [ 00013ec3+] 00000013          *              : lmpy.obj (.text)
                   00027d9a  [ 00013ecd ] 00000012          *              : _lock.obj (.text)
                   00027dac  [ 00013ed6 ] 00000011          *              : memset.obj (.text)
                   00027dbd  [ 00013ede+] 00000010          *              : negd.obj (.text)
                   00027dcd  [ 00013ee6+] 0000000a          *              : remove.obj (.text)
                   00027dd7  [ 00013eeb+] 00000007          *              : exit.obj (.text:CIO_breakpoint)
                   00027dde  [ 00013eef ] 00000002          *              : vectors.obj (.text)
                   00027de0  [ 00013ef0 ] 00000001          *   --HOLE-- [fill = 20]

.cio         0   [ 00040000 ]  00020000          *   00000120   UNINITIALIZED
                 [ 00040000 ]  00020000          *   00000120   rts55x.lib : trgmsg.obj (.cio)

.cinit       0   [ 00040240 ]  00020120          *   000000b4   
                 [ 00040240 ]  00020120          *   0000002d   rts55x.lib : lowlev.obj (.cinit)
                 [ 0004029a ]  0002014d          *   0000002c   filter_coeff.obj (.cinit)
                 [ 000402f2 ]  00020179          *   0000002a   rts55x.lib : defs.obj (.cinit)
                 [ 00040346 ]  000201a3          *   0000000c   ezdsp5535bsl.lib : ezdsp5535_sar.obj (.cinit)
                 [ 0004035e ]  000201af          *   0000000a   rts55x.lib : _lock.obj (.cinit)
                 [ 00040372 ]  000201b9          *   0000000a              : exit.obj (.cinit)
                 [ 00040386 ]  000201c3          *   00000008   cslVC5505.lib : csl_i2s.obj (.cinit)
                 [ 00040396 ]  000201cb          *   00000004   rts55x.lib : fopen.obj (.cinit)
                 [ 0004039e ]  000201cf          *   00000004              : memory.obj (.cinit)
                 [ 000403a6 ]  000201d3          *   00000001   --HOLE-- [fill = 0]

vectors      0     0004fe00  [ 00027f00 ] 00000200          *   
                   0004fe00  [ 00027f00 ] 00000100          *   cslVC5505.lib : vectors.obj (vectors)
                   0004ff00  [ 00027f80 ] 00000100          *   rts55x.lib : vectors.obj (vectors)


GLOBAL SYMBOLS: SORTED ALPHABETICALLY BY Name 

abs. value/
byte addr   word addr   name
---------   ---------   ----
00000002                $TI_capability$C5500$CallingConvention
00000002                $TI_capability$C5500$MemoryModel
00000001                $TI_capability_requires_rev3
ffffffff                .bss
ffffffff                .data
ffffffff                .text
00027dd8                C$$EXIT
0002723c                C$$IO$$
00027c72                I$$DIV
00027d87                I$$LMPY
00027c91                I$$MOD
00027d0c                I$$UDIV
00027d21                I$$UMOD
0004fe00                RST
00027002                _AIC3204_rget
0002704d                _AIC3204_rset
            00002568    _DMA_InputL
            00002668    _DMA_InputR
            00002768    _DMA_OutputL
            00002868    _DMA_OutputR
00027442                _EZDSP5535_I2C_init
000274a8                _EZDSP5535_I2C_read
00027477                _EZDSP5535_I2C_reset
00027482                _EZDSP5535_I2C_write
00026d61                _EZDSP5535_I2S_close
00026c6c                _EZDSP5535_I2S_init
00026cc5                _EZDSP5535_I2S_readLeft
00026d24                _EZDSP5535_I2S_readRight
00026cf7                _EZDSP5535_I2S_writeLeft
00026d45                _EZDSP5535_I2S_writeRight
000267b6                _EZDSP5535_SAR_getKey
000266f0                _EZDSP5535_SAR_init
00027a6c                _EZDSP5535_init
00027a26                _EZDSP5535_wait
00027a5a                _EZDSP5535_waitusec
            00002c71    _H0
            00002c84    _H1
000251d5                _HOSTclock
0002516a                _HOSTclose
000250b5                _HOSTlseek
00025016                _HOSTopen
00024f89                _HOSTread
00024edb                _HOSTrename
00024e7d                _HOSTtime
00024e13                _HOSTunlink
00024d86                _HOSTwrite
0002164d                _I2C_config
00022018                _I2C_eventDisable
00021ee4                _I2C_eventEnable
000217b2                _I2C_getConfig
000221c4                _I2C_getEventId
000215a4                _I2C_init
00021cc6                _I2C_read
00022137                _I2C_setCallback
00021888                _I2C_setup
00021a82                _I2C_write
0002312d                _I2S_close
00022cf8                _I2S_open
000231df                _I2S_read
000235ef                _I2S_reset
00022e3f                _I2S_setup
000236a0                _I2S_transEnable
00023499                _I2S_write
0002430e                _IRQ_clear
00024378                _IRQ_clearAll
00024388                _IRQ_config
000244ae                _IRQ_disable
0002452c                _IRQ_disableAll
0002453a                _IRQ_enable
00024634                _IRQ_getArg
0002441b                _IRQ_getConfig
00024782                _IRQ_globalDisable
0002479b                _IRQ_globalEnable
000247b4                _IRQ_globalRestore
00024274                _IRQ_init
000246ad                _IRQ_map
000274d0                _IRQ_plug
000245c4                _IRQ_restore
0002467a                _IRQ_setArg
000246df                _IRQ_setVecs
00024710                _IRQ_test
            00001860    _InputBufferL
            00001960    _InputBufferMono
            000018e0    _InputBufferR
            000019e0    _OutputBufferMono
0004ff00                _Reset
00022763                _SAR_A2DMeasParamSet
00022bdd                _SAR_GPODirSet
000222da                _SAR_chanClose
0002235e                _SAR_chanConfig
0002265a                _SAR_chanCycSet
0002225d                _SAR_chanInit
00022278                _SAR_chanOpen
00022446                _SAR_chanSetup
0002223d                _SAR_deInit
000223d4                _SAR_getConfig
00022cb9                _SAR_getStatus
000221e0                _SAR_init
00022722                _SAR_readData
000226a9                _SAR_startConversion
000226db                _SAR_stopConversion
            00002cae    _SarHandle
            00002caa    _SarObj
            00002060    _TempF0
            000020e0    _TempF1
            00002460    _TempFinalOut0
            000024e0    _TempFinalOut1
            00002260    _TempProcess00
            000022e0    _TempProcess01
            00002360    _TempProcess10
            000023e0    _TempProcess11
            00002160    _TempS0
            000021e0    _TempS1
0004fe00                _VECSTART
            00020000    __CIOBUF_
0002421b                __I2S_init
            00001060    __STACK_END
00002000                __STACK_SIZE
00002000                __SYSMEM_SIZE
00001000                __SYSSTACK_SIZE
00000001                __TI_args_main
ffffffff                ___binit__
ffffffff                ___bss__
ffffffff                ___c_args__
            00020120    ___cinit__
ffffffff                ___data__
ffffffff                ___edata__
ffffffff                ___end__
ffffffff                ___etext__
00027d59                ___isinf
ffffffff                ___pinit__
ffffffff                ___text__
000262ac                __addd
00027b17                __args_main
00025ef0                __cleanup
            00002cbc    __cleanup_ptr
00026698                __cmpd
            00003e38    __ctypes_
000256e8                __divd
00027c72                __divi
00027bad                __divli
00026277                __divlli
00027d0c                __divu
000273a1                __divul
00026183                __divull
000270c5                __doflush
            00002cbe    __dtors_ptr
00026664                __eqld
00027ce2                __fixdi
000277af                __fixdli
00027963                __fltlid
00027654                __frcmpyd
000276ca                __frcmpyd_div
            00002a80    __ft_end
            00002968    __ftable
0002661a                __geqd
000265cf                __gtrd
00026582                __leqd
            00002cb8    __lock
0002653a                __lssd
00026b20                __mpyd
00027d87                __mpyli
000260cb                __mpylli
00027dbd                __negd
00026506                __neqd
00027daa                __nop
00021362                __printfi
00026ed9                __rd_ok
00027da2                __register_lock
00027d9a                __register_unlock
00027c91                __remi
00027b62                __remli
0002609c                __remlli
00027d21                __remu
0002773d                __remul
0002604e                __remull
            00000060    __stack
00027d73                __subd
            00002cc4    __sys_memory
            00001060    __sysstack
            000029e0    __tmpnams
            00002cba    __unlock
00026e59                __wrt_ok
00027dd7                _abort
00024c1b                _add_device
0002709a                _aic3204_codec_read
000270b1                _aic3204_codec_write
00027089                _aic3204_disable
00025ab4                _aic3204_dma_init
00027077                _aic3204_hardware_init
00023cbf                _aic3204_init
00025c3f                _aic3204_read_block
00025cf4                _aic3204_write_block
000279ca                _atoi
00027aca                _auto_init
00027cae                _c_int00
000256c2                _calloc
000256ba                _chkheap
00024ba8                _close
            00002cc0    _counter1
            00002cc1    _counter2
00027241                _downsample
00027c34                _exit
000275d9                _fclose
0002712e                _fflush
00024b9f                _find_registered_device
000269cd                _fir_basic
00026a71                _fir_circular
00026013                _fopen
000272fb                _fputc
0002686a                _fputs
00025233                _free
00025664                _free_memory
00025f4a                _freopen
            00002c6f    _fsError
000278f8                _fseek
            00002c98    _gI2cObj
00024d0b                _getenv
            00002cc2    _hI2s
            00002ca8    _i2cHandle
            00002cb0    _keyCnt1
            00002cb1    _keyCnt2
00024b39                _lseek
0002755c                _ltoa
0002372e                _main
00025364                _malloc
0002560a                _max_free
00027d36                _memccpy
00027bf5                _memcpy
00027dac                _memset
000252ff                _minit
00024a7a                _open
            00002c70    _ouError
            00002cad    _preKey
00027a7a                _printf
000272fb                _putc
00027392                _putchar
0002699f                _puts
000249cc                _read
0002788b                _readmsg
00025459                _realloc
00027dcd                _remove
00024996                _remove_device
0002493d                _rename
00023eb0                _set_sampling_frequency_and_gain
00026d73                _setvbuf
000236eb                _stereoToMono
0002490a                _unlink
0002728b                _upsample
000247c8                _write
00027187                _writemsg
            00001a60    _zHI0
            00001c60    _zHI00
            00001ce0    _zHI01
            00001ae0    _zHI1
            00001d60    _zHI10
            00001de0    _zHI11
            00001b60    _zHO0
            00001e60    _zHO00
            00001ee0    _zHO01
            00001be0    _zHO1
            00001f60    _zHO10
            00001fe0    _zHO11
ffffffff                binit
            00020120    cinit
ffffffff                edata
ffffffff                end
ffffffff                etext
ffffffff                pinit


GLOBAL SYMBOLS: SORTED BY Symbol Address 

abs. value/
byte addr   word addr   name
---------   ---------   ----
00000001                $TI_capability_requires_rev3
00000001                __TI_args_main
00000002                $TI_capability$C5500$CallingConvention
00000002                $TI_capability$C5500$MemoryModel
            00000060    __stack
00001000                __SYSSTACK_SIZE
00002000                __STACK_SIZE
00002000                __SYSMEM_SIZE
            00001060    __STACK_END
            00001060    __sysstack
            00001860    _InputBufferL
            000018e0    _InputBufferR
            00001960    _InputBufferMono
            000019e0    _OutputBufferMono
            00001a60    _zHI0
            00001ae0    _zHI1
            00001b60    _zHO0
            00001be0    _zHO1
            00001c60    _zHI00
            00001ce0    _zHI01
            00001d60    _zHI10
            00001de0    _zHI11
            00001e60    _zHO00
            00001ee0    _zHO01
            00001f60    _zHO10
            00001fe0    _zHO11
            00002060    _TempF0
            000020e0    _TempF1
            00002160    _TempS0
            000021e0    _TempS1
            00002260    _TempProcess00
            000022e0    _TempProcess01
            00002360    _TempProcess10
            000023e0    _TempProcess11
            00002460    _TempFinalOut0
            000024e0    _TempFinalOut1
            00002568    _DMA_InputL
            00002668    _DMA_InputR
            00002768    _DMA_OutputL
            00002868    _DMA_OutputR
            00002968    __ftable
            000029e0    __tmpnams
            00002a80    __ft_end
            00002c6f    _fsError
            00002c70    _ouError
            00002c71    _H0
            00002c84    _H1
            00002c98    _gI2cObj
            00002ca8    _i2cHandle
            00002caa    _SarObj
            00002cad    _preKey
            00002cae    _SarHandle
            00002cb0    _keyCnt1
            00002cb1    _keyCnt2
            00002cb8    __lock
            00002cba    __unlock
            00002cbc    __cleanup_ptr
            00002cbe    __dtors_ptr
            00002cc0    _counter1
            00002cc1    _counter2
            00002cc2    _hI2s
            00002cc4    __sys_memory
            00003e38    __ctypes_
00021362                __printfi
000215a4                _I2C_init
0002164d                _I2C_config
000217b2                _I2C_getConfig
00021888                _I2C_setup
00021a82                _I2C_write
00021cc6                _I2C_read
00021ee4                _I2C_eventEnable
00022018                _I2C_eventDisable
00022137                _I2C_setCallback
000221c4                _I2C_getEventId
000221e0                _SAR_init
0002223d                _SAR_deInit
0002225d                _SAR_chanInit
00022278                _SAR_chanOpen
000222da                _SAR_chanClose
0002235e                _SAR_chanConfig
000223d4                _SAR_getConfig
00022446                _SAR_chanSetup
0002265a                _SAR_chanCycSet
000226a9                _SAR_startConversion
000226db                _SAR_stopConversion
00022722                _SAR_readData
00022763                _SAR_A2DMeasParamSet
00022bdd                _SAR_GPODirSet
00022cb9                _SAR_getStatus
00022cf8                _I2S_open
00022e3f                _I2S_setup
0002312d                _I2S_close
000231df                _I2S_read
00023499                _I2S_write
000235ef                _I2S_reset
000236a0                _I2S_transEnable
000236eb                _stereoToMono
0002372e                _main
00023cbf                _aic3204_init
00023eb0                _set_sampling_frequency_and_gain
0002421b                __I2S_init
00024274                _IRQ_init
0002430e                _IRQ_clear
00024378                _IRQ_clearAll
00024388                _IRQ_config
0002441b                _IRQ_getConfig
000244ae                _IRQ_disable
0002452c                _IRQ_disableAll
0002453a                _IRQ_enable
000245c4                _IRQ_restore
00024634                _IRQ_getArg
0002467a                _IRQ_setArg
000246ad                _IRQ_map
000246df                _IRQ_setVecs
00024710                _IRQ_test
00024782                _IRQ_globalDisable
0002479b                _IRQ_globalEnable
000247b4                _IRQ_globalRestore
000247c8                _write
0002490a                _unlink
0002493d                _rename
00024996                _remove_device
000249cc                _read
00024a7a                _open
00024b39                _lseek
00024b9f                _find_registered_device
00024ba8                _close
00024c1b                _add_device
00024d0b                _getenv
00024d86                _HOSTwrite
00024e13                _HOSTunlink
00024e7d                _HOSTtime
00024edb                _HOSTrename
00024f89                _HOSTread
00025016                _HOSTopen
000250b5                _HOSTlseek
0002516a                _HOSTclose
000251d5                _HOSTclock
00025233                _free
000252ff                _minit
00025364                _malloc
00025459                _realloc
0002560a                _max_free
00025664                _free_memory
000256ba                _chkheap
000256c2                _calloc
000256e8                __divd
00025ab4                _aic3204_dma_init
00025c3f                _aic3204_read_block
00025cf4                _aic3204_write_block
00025ef0                __cleanup
00025f4a                _freopen
00026013                _fopen
0002604e                __remull
0002609c                __remlli
000260cb                __mpylli
00026183                __divull
00026277                __divlli
000262ac                __addd
00026506                __neqd
0002653a                __lssd
00026582                __leqd
000265cf                __gtrd
0002661a                __geqd
00026664                __eqld
00026698                __cmpd
000266f0                _EZDSP5535_SAR_init
000267b6                _EZDSP5535_SAR_getKey
0002686a                _fputs
0002699f                _puts
000269cd                _fir_basic
00026a71                _fir_circular
00026b20                __mpyd
00026c6c                _EZDSP5535_I2S_init
00026cc5                _EZDSP5535_I2S_readLeft
00026cf7                _EZDSP5535_I2S_writeLeft
00026d24                _EZDSP5535_I2S_readRight
00026d45                _EZDSP5535_I2S_writeRight
00026d61                _EZDSP5535_I2S_close
00026d73                _setvbuf
00026e59                __wrt_ok
00026ed9                __rd_ok
00027002                _AIC3204_rget
0002704d                _AIC3204_rset
00027077                _aic3204_hardware_init
00027089                _aic3204_disable
0002709a                _aic3204_codec_read
000270b1                _aic3204_codec_write
000270c5                __doflush
0002712e                _fflush
00027187                _writemsg
0002723c                C$$IO$$
00027241                _downsample
0002728b                _upsample
000272fb                _fputc
000272fb                _putc
00027392                _putchar
000273a1                __divul
00027442                _EZDSP5535_I2C_init
00027477                _EZDSP5535_I2C_reset
00027482                _EZDSP5535_I2C_write
000274a8                _EZDSP5535_I2C_read
000274d0                _IRQ_plug
0002755c                _ltoa
000275d9                _fclose
00027654                __frcmpyd
000276ca                __frcmpyd_div
0002773d                __remul
000277af                __fixdli
0002788b                _readmsg
000278f8                _fseek
00027963                __fltlid
000279ca                _atoi
00027a26                _EZDSP5535_wait
00027a5a                _EZDSP5535_waitusec
00027a6c                _EZDSP5535_init
00027a7a                _printf
00027aca                _auto_init
00027b17                __args_main
00027b62                __remli
00027bad                __divli
00027bf5                _memcpy
00027c34                _exit
00027c72                I$$DIV
00027c72                __divi
00027c91                I$$MOD
00027c91                __remi
00027cae                _c_int00
00027ce2                __fixdi
00027d0c                I$$UDIV
00027d0c                __divu
00027d21                I$$UMOD
00027d21                __remu
00027d36                _memccpy
00027d59                ___isinf
00027d73                __subd
00027d87                I$$LMPY
00027d87                __mpyli
00027d9a                __register_unlock
00027da2                __register_lock
00027daa                __nop
00027dac                _memset
00027dbd                __negd
00027dcd                _remove
00027dd7                _abort
00027dd8                C$$EXIT
            00020000    __CIOBUF_
            00020120    ___cinit__
            00020120    cinit
0004fe00                RST
0004fe00                _VECSTART
0004ff00                _Reset
ffffffff                .bss
ffffffff                .data
ffffffff                .text
ffffffff                ___binit__
ffffffff                ___bss__
ffffffff                ___c_args__
ffffffff                ___data__
ffffffff                ___edata__
ffffffff                ___end__
ffffffff                ___etext__
ffffffff                ___pinit__
ffffffff                ___text__
ffffffff                binit
ffffffff                edata
ffffffff                end
ffffffff                etext
ffffffff                pinit

[269 symbols]
