<?xml version="1.0"?>
<link_info>
   <banner>TMS320C55x Linker PC v4.4.1</banner>
   <copyright>Copyright (c) 1996-2012 Texas Instruments Incorporated</copyright>
   <link_time>0x56e7d85c</link_time>
   <output_file>FilterBank.out</output_file>
   <entry_point>
      <name>_c_int00</name>
      <address>0x27cae</address>
   </entry_point>
   <input_file_list>
      <input_file id="fl-2">
         <path>.\</path>
         <kind>object</kind>
         <file>aic3204.obj</file>
         <name>aic3204.obj</name>
      </input_file>
      <input_file id="fl-3">
         <path>.\</path>
         <kind>object</kind>
         <file>aic3204_init.obj</file>
         <name>aic3204_init.obj</name>
      </input_file>
      <input_file id="fl-4">
         <path>.\</path>
         <kind>object</kind>
         <file>ezdsp5535_aic3204_dma.obj</file>
         <name>ezdsp5535_aic3204_dma.obj</name>
      </input_file>
      <input_file id="fl-5">
         <path>.\</path>
         <kind>object</kind>
         <file>filter_coeff.obj</file>
         <name>filter_coeff.obj</name>
      </input_file>
      <input_file id="fl-6">
         <path>.\</path>
         <kind>object</kind>
         <file>fir.obj</file>
         <name>fir.obj</name>
      </input_file>
      <input_file id="fl-7">
         <path>.\</path>
         <kind>object</kind>
         <file>main.obj</file>
         <name>main.obj</name>
      </input_file>
      <input_file id="fl-8">
         <path>.\</path>
         <kind>object</kind>
         <file>processing.obj</file>
         <name>processing.obj</name>
      </input_file>
      <input_file id="fl-11">
         <path>..\lib\</path>
         <kind>archive</kind>
         <file>ezdsp5535bsl.lib</file>
         <name>ezdsp5535_sar.obj</name>
      </input_file>
      <input_file id="fl-12">
         <path>..\lib\</path>
         <kind>archive</kind>
         <file>ezdsp5535bsl.lib</file>
         <name>ezdsp5535_i2s.obj</name>
      </input_file>
      <input_file id="fl-13">
         <path>..\lib\</path>
         <kind>archive</kind>
         <file>ezdsp5535bsl.lib</file>
         <name>ezdsp5535_i2c.obj</name>
      </input_file>
      <input_file id="fl-14">
         <path>..\lib\</path>
         <kind>archive</kind>
         <file>ezdsp5535bsl.lib</file>
         <name>ezdsp5535.obj</name>
      </input_file>
      <input_file id="fl-15">
         <path>..\c55xx_csl\lib\</path>
         <kind>archive</kind>
         <file>cslVC5505.lib</file>
         <name>vectors.obj</name>
      </input_file>
      <input_file id="fl-16">
         <path>..\c55xx_csl\lib\</path>
         <kind>archive</kind>
         <file>cslVC5505.lib</file>
         <name>csl_sar.obj</name>
      </input_file>
      <input_file id="fl-17">
         <path>..\c55xx_csl\lib\</path>
         <kind>archive</kind>
         <file>cslVC5505.lib</file>
         <name>csl_irqplug.obj</name>
      </input_file>
      <input_file id="fl-18">
         <path>..\c55xx_csl\lib\</path>
         <kind>archive</kind>
         <file>cslVC5505.lib</file>
         <name>csl_intc.obj</name>
      </input_file>
      <input_file id="fl-19">
         <path>..\c55xx_csl\lib\</path>
         <kind>archive</kind>
         <file>cslVC5505.lib</file>
         <name>csl_i2s.obj</name>
      </input_file>
      <input_file id="fl-1a">
         <path>..\c55xx_csl\lib\</path>
         <kind>archive</kind>
         <file>cslVC5505.lib</file>
         <name>csl_i2c.obj</name>
      </input_file>
      <input_file id="fl-1b">
         <path>C:\ti\ccsv6\tools\compiler\c5500_4.4.1\lib\</path>
         <kind>archive</kind>
         <file>rts55x.lib</file>
         <name>boot.obj</name>
      </input_file>
      <input_file id="fl-1c">
         <path>C:\ti\ccsv6\tools\compiler\c5500_4.4.1\lib\</path>
         <kind>archive</kind>
         <file>rts55x.lib</file>
         <name>divul.obj</name>
      </input_file>
      <input_file id="fl-1d">
         <path>C:\ti\ccsv6\tools\compiler\c5500_4.4.1\lib\</path>
         <kind>archive</kind>
         <file>rts55x.lib</file>
         <name>exit.obj</name>
      </input_file>
      <input_file id="fl-1e">
         <path>C:\ti\ccsv6\tools\compiler\c5500_4.4.1\lib\</path>
         <kind>archive</kind>
         <file>rts55x.lib</file>
         <name>idiv.obj</name>
      </input_file>
      <input_file id="fl-1f">
         <path>C:\ti\ccsv6\tools\compiler\c5500_4.4.1\lib\</path>
         <kind>archive</kind>
         <file>rts55x.lib</file>
         <name>lmpy.obj</name>
      </input_file>
      <input_file id="fl-20">
         <path>C:\ti\ccsv6\tools\compiler\c5500_4.4.1\lib\</path>
         <kind>archive</kind>
         <file>rts55x.lib</file>
         <name>memset.obj</name>
      </input_file>
      <input_file id="fl-21">
         <path>C:\ti\ccsv6\tools\compiler\c5500_4.4.1\lib\</path>
         <kind>archive</kind>
         <file>rts55x.lib</file>
         <name>printf.obj</name>
      </input_file>
      <input_file id="fl-22">
         <path>C:\ti\ccsv6\tools\compiler\c5500_4.4.1\lib\</path>
         <kind>archive</kind>
         <file>rts55x.lib</file>
         <name>remul.obj</name>
      </input_file>
      <input_file id="fl-23">
         <path>C:\ti\ccsv6\tools\compiler\c5500_4.4.1\lib\</path>
         <kind>archive</kind>
         <file>rts55x.lib</file>
         <name>vectors.obj</name>
      </input_file>
      <input_file id="fl-24">
         <path>C:\ti\ccsv6\tools\compiler\c5500_4.4.1\lib\</path>
         <kind>archive</kind>
         <file>rts55x.lib</file>
         <name>_lock.obj</name>
      </input_file>
      <input_file id="fl-25">
         <path>C:\ti\ccsv6\tools\compiler\c5500_4.4.1\lib\</path>
         <kind>archive</kind>
         <file>rts55x.lib</file>
         <name>_printfi.obj</name>
      </input_file>
      <input_file id="fl-26">
         <path>C:\ti\ccsv6\tools\compiler\c5500_4.4.1\lib\</path>
         <kind>archive</kind>
         <file>rts55x.lib</file>
         <name>args_main.obj</name>
      </input_file>
      <input_file id="fl-27">
         <path>C:\ti\ccsv6\tools\compiler\c5500_4.4.1\lib\</path>
         <kind>archive</kind>
         <file>rts55x.lib</file>
         <name>atoi.obj</name>
      </input_file>
      <input_file id="fl-28">
         <path>C:\ti\ccsv6\tools\compiler\c5500_4.4.1\lib\</path>
         <kind>archive</kind>
         <file>rts55x.lib</file>
         <name>autoinit.obj</name>
      </input_file>
      <input_file id="fl-29">
         <path>C:\ti\ccsv6\tools\compiler\c5500_4.4.1\lib\</path>
         <kind>archive</kind>
         <file>rts55x.lib</file>
         <name>cmpd.obj</name>
      </input_file>
      <input_file id="fl-2a">
         <path>C:\ti\ccsv6\tools\compiler\c5500_4.4.1\lib\</path>
         <kind>archive</kind>
         <file>rts55x.lib</file>
         <name>ctype.obj</name>
      </input_file>
      <input_file id="fl-2b">
         <path>C:\ti\ccsv6\tools\compiler\c5500_4.4.1\lib\</path>
         <kind>archive</kind>
         <file>rts55x.lib</file>
         <name>defs.obj</name>
      </input_file>
      <input_file id="fl-2c">
         <path>C:\ti\ccsv6\tools\compiler\c5500_4.4.1\lib\</path>
         <kind>archive</kind>
         <file>rts55x.lib</file>
         <name>divd.obj</name>
      </input_file>
      <input_file id="fl-2d">
         <path>C:\ti\ccsv6\tools\compiler\c5500_4.4.1\lib\</path>
         <kind>archive</kind>
         <file>rts55x.lib</file>
         <name>fixdi.obj</name>
      </input_file>
      <input_file id="fl-2e">
         <path>C:\ti\ccsv6\tools\compiler\c5500_4.4.1\lib\</path>
         <kind>archive</kind>
         <file>rts55x.lib</file>
         <name>fixdli.obj</name>
      </input_file>
      <input_file id="fl-2f">
         <path>C:\ti\ccsv6\tools\compiler\c5500_4.4.1\lib\</path>
         <kind>archive</kind>
         <file>rts55x.lib</file>
         <name>fltlid.obj</name>
      </input_file>
      <input_file id="fl-30">
         <path>C:\ti\ccsv6\tools\compiler\c5500_4.4.1\lib\</path>
         <kind>archive</kind>
         <file>rts55x.lib</file>
         <name>fputc.obj</name>
      </input_file>
      <input_file id="fl-31">
         <path>C:\ti\ccsv6\tools\compiler\c5500_4.4.1\lib\</path>
         <kind>archive</kind>
         <file>rts55x.lib</file>
         <name>fputs.obj</name>
      </input_file>
      <input_file id="fl-32">
         <path>C:\ti\ccsv6\tools\compiler\c5500_4.4.1\lib\</path>
         <kind>archive</kind>
         <file>rts55x.lib</file>
         <name>frcmpyd_div.obj</name>
      </input_file>
      <input_file id="fl-33">
         <path>C:\ti\ccsv6\tools\compiler\c5500_4.4.1\lib\</path>
         <kind>archive</kind>
         <file>rts55x.lib</file>
         <name>isinf.obj</name>
      </input_file>
      <input_file id="fl-34">
         <path>C:\ti\ccsv6\tools\compiler\c5500_4.4.1\lib\</path>
         <kind>archive</kind>
         <file>rts55x.lib</file>
         <name>llmpy.obj</name>
      </input_file>
      <input_file id="fl-35">
         <path>C:\ti\ccsv6\tools\compiler\c5500_4.4.1\lib\</path>
         <kind>archive</kind>
         <file>rts55x.lib</file>
         <name>lowlev.obj</name>
      </input_file>
      <input_file id="fl-36">
         <path>C:\ti\ccsv6\tools\compiler\c5500_4.4.1\lib\</path>
         <kind>archive</kind>
         <file>rts55x.lib</file>
         <name>ltoa.obj</name>
      </input_file>
      <input_file id="fl-37">
         <path>C:\ti\ccsv6\tools\compiler\c5500_4.4.1\lib\</path>
         <kind>archive</kind>
         <file>rts55x.lib</file>
         <name>memccpy.obj</name>
      </input_file>
      <input_file id="fl-38">
         <path>C:\ti\ccsv6\tools\compiler\c5500_4.4.1\lib\</path>
         <kind>archive</kind>
         <file>rts55x.lib</file>
         <name>memcpy.obj</name>
      </input_file>
      <input_file id="fl-39">
         <path>C:\ti\ccsv6\tools\compiler\c5500_4.4.1\lib\</path>
         <kind>archive</kind>
         <file>rts55x.lib</file>
         <name>mpyd.obj</name>
      </input_file>
      <input_file id="fl-3a">
         <path>C:\ti\ccsv6\tools\compiler\c5500_4.4.1\lib\</path>
         <kind>archive</kind>
         <file>rts55x.lib</file>
         <name>negd.obj</name>
      </input_file>
      <input_file id="fl-3b">
         <path>C:\ti\ccsv6\tools\compiler\c5500_4.4.1\lib\</path>
         <kind>archive</kind>
         <file>rts55x.lib</file>
         <name>remli.obj</name>
      </input_file>
      <input_file id="fl-3c">
         <path>C:\ti\ccsv6\tools\compiler\c5500_4.4.1\lib\</path>
         <kind>archive</kind>
         <file>rts55x.lib</file>
         <name>subd.obj</name>
      </input_file>
      <input_file id="fl-3d">
         <path>C:\ti\ccsv6\tools\compiler\c5500_4.4.1\lib\</path>
         <kind>archive</kind>
         <file>rts55x.lib</file>
         <name>trgdrv.obj</name>
      </input_file>
      <input_file id="fl-3e">
         <path>C:\ti\ccsv6\tools\compiler\c5500_4.4.1\lib\</path>
         <kind>archive</kind>
         <file>rts55x.lib</file>
         <name>trgmsg.obj</name>
      </input_file>
      <input_file id="fl-3f">
         <path>C:\ti\ccsv6\tools\compiler\c5500_4.4.1\lib\</path>
         <kind>archive</kind>
         <file>rts55x.lib</file>
         <name>udiv.obj</name>
      </input_file>
      <input_file id="fl-40">
         <path>C:\ti\ccsv6\tools\compiler\c5500_4.4.1\lib\</path>
         <kind>archive</kind>
         <file>rts55x.lib</file>
         <name>_io_perm.obj</name>
      </input_file>
      <input_file id="fl-41">
         <path>C:\ti\ccsv6\tools\compiler\c5500_4.4.1\lib\</path>
         <kind>archive</kind>
         <file>rts55x.lib</file>
         <name>addd.obj</name>
      </input_file>
      <input_file id="fl-42">
         <path>C:\ti\ccsv6\tools\compiler\c5500_4.4.1\lib\</path>
         <kind>archive</kind>
         <file>rts55x.lib</file>
         <name>divli.obj</name>
      </input_file>
      <input_file id="fl-43">
         <path>C:\ti\ccsv6\tools\compiler\c5500_4.4.1\lib\</path>
         <kind>archive</kind>
         <file>rts55x.lib</file>
         <name>fflush.obj</name>
      </input_file>
      <input_file id="fl-44">
         <path>C:\ti\ccsv6\tools\compiler\c5500_4.4.1\lib\</path>
         <kind>archive</kind>
         <file>rts55x.lib</file>
         <name>frcmpyd.obj</name>
      </input_file>
      <input_file id="fl-45">
         <path>C:\ti\ccsv6\tools\compiler\c5500_4.4.1\lib\</path>
         <kind>archive</kind>
         <file>rts55x.lib</file>
         <name>fseek.obj</name>
      </input_file>
      <input_file id="fl-46">
         <path>C:\ti\ccsv6\tools\compiler\c5500_4.4.1\lib\</path>
         <kind>archive</kind>
         <file>rts55x.lib</file>
         <name>setvbuf.obj</name>
      </input_file>
      <input_file id="fl-47">
         <path>C:\ti\ccsv6\tools\compiler\c5500_4.4.1\lib\</path>
         <kind>archive</kind>
         <file>rts55x.lib</file>
         <name>fopen.obj</name>
      </input_file>
      <input_file id="fl-48">
         <path>C:\ti\ccsv6\tools\compiler\c5500_4.4.1\lib\</path>
         <kind>archive</kind>
         <file>rts55x.lib</file>
         <name>memory.obj</name>
      </input_file>
      <input_file id="fl-49">
         <path>C:\ti\ccsv6\tools\compiler\c5500_4.4.1\lib\</path>
         <kind>archive</kind>
         <file>rts55x.lib</file>
         <name>fclose.obj</name>
      </input_file>
      <input_file id="fl-4a">
         <path>C:\ti\ccsv6\tools\compiler\c5500_4.4.1\lib\</path>
         <kind>archive</kind>
         <file>rts55x.lib</file>
         <name>remove.obj</name>
      </input_file>
   </input_file_list>
   <object_component_list>
      <object_component id="oc-9f">
         <name>.text</name>
         <load_address>0x20000</load_address>
         <run_address>0x20000</run_address>
         <size>0x15a4</size>
         <input_file_ref idref="fl-25"/>
      </object_component>
      <object_component id="oc-6c">
         <name>.text</name>
         <load_address>0x215a4</load_address>
         <run_address>0x215a4</run_address>
         <size>0xc3c</size>
         <input_file_ref idref="fl-1a"/>
      </object_component>
      <object_component id="oc-56">
         <name>.text</name>
         <load_address>0x221e0</load_address>
         <run_address>0x221e0</run_address>
         <size>0xb18</size>
         <input_file_ref idref="fl-16"/>
      </object_component>
      <object_component id="oc-65">
         <name>.text</name>
         <load_address>0x22cf8</load_address>
         <run_address>0x22cf8</run_address>
         <size>0x9f3</size>
         <input_file_ref idref="fl-19"/>
      </object_component>
      <object_component id="oc-2e">
         <name>.text</name>
         <load_address>0x236eb</load_address>
         <run_address>0x236eb</run_address>
         <size>0x5d4</size>
         <input_file_ref idref="fl-7"/>
      </object_component>
      <object_component id="oc-18">
         <name>.text</name>
         <load_address>0x23cbf</load_address>
         <run_address>0x23cbf</run_address>
         <size>0x5b5</size>
         <input_file_ref idref="fl-3"/>
      </object_component>
      <object_component id="oc-5f">
         <name>.text</name>
         <load_address>0x24274</load_address>
         <run_address>0x24274</run_address>
         <size>0x554</size>
         <input_file_ref idref="fl-18"/>
      </object_component>
      <object_component id="oc-e1">
         <name>.text</name>
         <load_address>0x247c8</load_address>
         <run_address>0x247c8</run_address>
         <size>0x543</size>
         <input_file_ref idref="fl-35"/>
      </object_component>
      <object_component id="oc-103">
         <name>.text</name>
         <load_address>0x24d0b</load_address>
         <run_address>0x24d0b</run_address>
         <size>0x528</size>
         <input_file_ref idref="fl-3d"/>
      </object_component>
      <object_component id="oc-134">
         <name>.text</name>
         <load_address>0x25233</load_address>
         <run_address>0x25233</run_address>
         <size>0x4b5</size>
         <input_file_ref idref="fl-48"/>
      </object_component>
      <object_component id="oc-bb">
         <name>.text</name>
         <load_address>0x256e8</load_address>
         <run_address>0x256e8</run_address>
         <size>0x3cc</size>
         <input_file_ref idref="fl-2c"/>
      </object_component>
      <object_component id="oc-1e">
         <name>.text</name>
         <load_address>0x25ab4</load_address>
         <run_address>0x25ab4</run_address>
         <size>0x31b</size>
         <input_file_ref idref="fl-4"/>
      </object_component>
      <object_component id="oc-12e">
         <name>.text</name>
         <load_address>0x25dcf</load_address>
         <run_address>0x25dcf</run_address>
         <size>0x27f</size>
         <input_file_ref idref="fl-47"/>
      </object_component>
      <object_component id="oc-dd">
         <name>.text</name>
         <load_address>0x2604e</load_address>
         <run_address>0x2604e</run_address>
         <size>0x25e</size>
         <input_file_ref idref="fl-34"/>
      </object_component>
      <object_component id="oc-116">
         <name>.text</name>
         <load_address>0x262ac</load_address>
         <run_address>0x262ac</run_address>
         <size>0x25a</size>
         <input_file_ref idref="fl-41"/>
      </object_component>
      <object_component id="oc-b1">
         <name>.text</name>
         <load_address>0x26506</load_address>
         <run_address>0x26506</run_address>
         <size>0x1ea</size>
         <input_file_ref idref="fl-29"/>
      </object_component>
      <object_component id="oc-3a">
         <name>.text</name>
         <load_address>0x266f0</load_address>
         <run_address>0x266f0</run_address>
         <size>0x17a</size>
         <input_file_ref idref="fl-11"/>
      </object_component>
      <object_component id="oc-d0">
         <name>.text</name>
         <load_address>0x2686a</load_address>
         <run_address>0x2686a</run_address>
         <size>0x163</size>
         <input_file_ref idref="fl-31"/>
      </object_component>
      <object_component id="oc-29">
         <name>.text</name>
         <load_address>0x269cd</load_address>
         <run_address>0x269cd</run_address>
         <size>0x153</size>
         <input_file_ref idref="fl-6"/>
      </object_component>
      <object_component id="oc-f3">
         <name>.text</name>
         <load_address>0x26b20</load_address>
         <run_address>0x26b20</run_address>
         <size>0x14c</size>
         <input_file_ref idref="fl-39"/>
      </object_component>
      <object_component id="oc-41">
         <name>.text</name>
         <load_address>0x26c6c</load_address>
         <run_address>0x26c6c</run_address>
         <size>0x107</size>
         <input_file_ref idref="fl-12"/>
      </object_component>
      <object_component id="oc-12a">
         <name>.text</name>
         <load_address>0x26d73</load_address>
         <run_address>0x26d73</run_address>
         <size>0xe6</size>
         <input_file_ref idref="fl-46"/>
      </object_component>
      <object_component id="oc-112">
         <name>.text</name>
         <load_address>0x26e59</load_address>
         <run_address>0x26e59</run_address>
         <size>0xdd</size>
         <input_file_ref idref="fl-40"/>
      </object_component>
      <object_component id="oc-21">
         <name>.text:retain</name>
         <load_address>0x26f36</load_address>
         <run_address>0x26f36</run_address>
         <size>0xcc</size>
         <input_file_ref idref="fl-4"/>
      </object_component>
      <object_component id="oc-12">
         <name>.text</name>
         <load_address>0x27002</load_address>
         <run_address>0x27002</run_address>
         <size>0xc3</size>
         <input_file_ref idref="fl-2"/>
      </object_component>
      <object_component id="oc-11e">
         <name>.text</name>
         <load_address>0x270c5</load_address>
         <run_address>0x270c5</run_address>
         <size>0xc2</size>
         <input_file_ref idref="fl-43"/>
      </object_component>
      <object_component id="oc-10b">
         <name>.text:CIO_breakpoint</name>
         <load_address>0x27187</load_address>
         <run_address>0x27187</run_address>
         <size>0xba</size>
         <input_file_ref idref="fl-3e"/>
      </object_component>
      <object_component id="oc-35">
         <name>.text</name>
         <load_address>0x27241</load_address>
         <run_address>0x27241</run_address>
         <size>0xba</size>
         <input_file_ref idref="fl-8"/>
      </object_component>
      <object_component id="oc-cc">
         <name>.text</name>
         <load_address>0x272fb</load_address>
         <run_address>0x272fb</run_address>
         <size>0xa6</size>
         <input_file_ref idref="fl-30"/>
      </object_component>
      <object_component id="oc-76">
         <name>.text</name>
         <load_address>0x273a1</load_address>
         <run_address>0x273a1</run_address>
         <size>0xa1</size>
         <input_file_ref idref="fl-1c"/>
      </object_component>
      <object_component id="oc-47">
         <name>.text</name>
         <load_address>0x27442</load_address>
         <run_address>0x27442</run_address>
         <size>0x8e</size>
         <input_file_ref idref="fl-13"/>
      </object_component>
      <object_component id="oc-5b">
         <name>.text</name>
         <load_address>0x274d0</load_address>
         <run_address>0x274d0</run_address>
         <size>0x8c</size>
         <input_file_ref idref="fl-17"/>
      </object_component>
      <object_component id="oc-e7">
         <name>.text</name>
         <load_address>0x2755c</load_address>
         <run_address>0x2755c</run_address>
         <size>0x7d</size>
         <input_file_ref idref="fl-36"/>
      </object_component>
      <object_component id="oc-13b">
         <name>.text</name>
         <load_address>0x275d9</load_address>
         <run_address>0x275d9</run_address>
         <size>0x7b</size>
         <input_file_ref idref="fl-49"/>
      </object_component>
      <object_component id="oc-122">
         <name>.text</name>
         <load_address>0x27654</load_address>
         <run_address>0x27654</run_address>
         <size>0x76</size>
         <input_file_ref idref="fl-44"/>
      </object_component>
      <object_component id="oc-d5">
         <name>.text</name>
         <load_address>0x276ca</load_address>
         <run_address>0x276ca</run_address>
         <size>0x73</size>
         <input_file_ref idref="fl-32"/>
      </object_component>
      <object_component id="oc-91">
         <name>.text</name>
         <load_address>0x2773d</load_address>
         <run_address>0x2773d</run_address>
         <size>0x72</size>
         <input_file_ref idref="fl-22"/>
      </object_component>
      <object_component id="oc-c3">
         <name>.text</name>
         <load_address>0x277af</load_address>
         <run_address>0x277af</run_address>
         <size>0x6f</size>
         <input_file_ref idref="fl-2e"/>
      </object_component>
      <object_component id="oc-51">
         <name>.text</name>
         <load_address>0x2781e</load_address>
         <run_address>0x2781e</run_address>
         <size>0x6d</size>
         <input_file_ref idref="fl-15"/>
      </object_component>
      <object_component id="oc-108">
         <name>.text</name>
         <load_address>0x2788b</load_address>
         <run_address>0x2788b</run_address>
         <size>0x6d</size>
         <input_file_ref idref="fl-3e"/>
      </object_component>
      <object_component id="oc-126">
         <name>.text</name>
         <load_address>0x278f8</load_address>
         <run_address>0x278f8</run_address>
         <size>0x6b</size>
         <input_file_ref idref="fl-45"/>
      </object_component>
      <object_component id="oc-c7">
         <name>.text</name>
         <load_address>0x27963</load_address>
         <run_address>0x27963</run_address>
         <size>0x67</size>
         <input_file_ref idref="fl-2f"/>
      </object_component>
      <object_component id="oc-a9">
         <name>.text</name>
         <load_address>0x279ca</load_address>
         <run_address>0x279ca</run_address>
         <size>0x5c</size>
         <input_file_ref idref="fl-27"/>
      </object_component>
      <object_component id="oc-4c">
         <name>.text</name>
         <load_address>0x27a26</load_address>
         <run_address>0x27a26</run_address>
         <size>0x54</size>
         <input_file_ref idref="fl-14"/>
      </object_component>
      <object_component id="oc-8d">
         <name>.text</name>
         <load_address>0x27a7a</load_address>
         <run_address>0x27a7a</run_address>
         <size>0x50</size>
         <input_file_ref idref="fl-21"/>
      </object_component>
      <object_component id="oc-ad">
         <name>.text</name>
         <load_address>0x27aca</load_address>
         <run_address>0x27aca</run_address>
         <size>0x4d</size>
         <input_file_ref idref="fl-28"/>
      </object_component>
      <object_component id="oc-a5">
         <name>.text</name>
         <load_address>0x27b17</load_address>
         <run_address>0x27b17</run_address>
         <size>0x4b</size>
         <input_file_ref idref="fl-26"/>
      </object_component>
      <object_component id="oc-fb">
         <name>.text</name>
         <load_address>0x27b62</load_address>
         <run_address>0x27b62</run_address>
         <size>0x4b</size>
         <input_file_ref idref="fl-3b"/>
      </object_component>
      <object_component id="oc-11a">
         <name>.text</name>
         <load_address>0x27bad</load_address>
         <run_address>0x27bad</run_address>
         <size>0x48</size>
         <input_file_ref idref="fl-42"/>
      </object_component>
      <object_component id="oc-ef">
         <name>.text</name>
         <load_address>0x27bf5</load_address>
         <run_address>0x27bf5</run_address>
         <size>0x3f</size>
         <input_file_ref idref="fl-38"/>
      </object_component>
      <object_component id="oc-7a">
         <name>.text</name>
         <load_address>0x27c34</load_address>
         <run_address>0x27c34</run_address>
         <size>0x3e</size>
         <input_file_ref idref="fl-1d"/>
      </object_component>
      <object_component id="oc-81">
         <name>.text</name>
         <load_address>0x27c72</load_address>
         <run_address>0x27c72</run_address>
         <size>0x3c</size>
         <input_file_ref idref="fl-1e"/>
      </object_component>
      <object_component id="oc-10">
         <name>.text</name>
         <load_address>0x27cae</load_address>
         <run_address>0x27cae</run_address>
         <size>0x34</size>
         <input_file_ref idref="fl-1b"/>
      </object_component>
      <object_component id="oc-bf">
         <name>.text</name>
         <load_address>0x27ce2</load_address>
         <run_address>0x27ce2</run_address>
         <size>0x2a</size>
         <input_file_ref idref="fl-2d"/>
      </object_component>
      <object_component id="oc-10e">
         <name>.text</name>
         <load_address>0x27d0c</load_address>
         <run_address>0x27d0c</run_address>
         <size>0x2a</size>
         <input_file_ref idref="fl-3f"/>
      </object_component>
      <object_component id="oc-eb">
         <name>.text</name>
         <load_address>0x27d36</load_address>
         <run_address>0x27d36</run_address>
         <size>0x23</size>
         <input_file_ref idref="fl-37"/>
      </object_component>
      <object_component id="oc-d9">
         <name>.text</name>
         <load_address>0x27d59</load_address>
         <run_address>0x27d59</run_address>
         <size>0x1a</size>
         <input_file_ref idref="fl-33"/>
      </object_component>
      <object_component id="oc-ff">
         <name>.text</name>
         <load_address>0x27d73</load_address>
         <run_address>0x27d73</run_address>
         <size>0x14</size>
         <input_file_ref idref="fl-3c"/>
      </object_component>
      <object_component id="oc-85">
         <name>.text</name>
         <load_address>0x27d87</load_address>
         <run_address>0x27d87</run_address>
         <size>0x13</size>
         <input_file_ref idref="fl-1f"/>
      </object_component>
      <object_component id="oc-99">
         <name>.text</name>
         <load_address>0x27d9a</load_address>
         <run_address>0x27d9a</run_address>
         <size>0x12</size>
         <input_file_ref idref="fl-24"/>
      </object_component>
      <object_component id="oc-89">
         <name>.text</name>
         <load_address>0x27dac</load_address>
         <run_address>0x27dac</run_address>
         <size>0x11</size>
         <input_file_ref idref="fl-20"/>
      </object_component>
      <object_component id="oc-f7">
         <name>.text</name>
         <load_address>0x27dbd</load_address>
         <run_address>0x27dbd</run_address>
         <size>0x10</size>
         <input_file_ref idref="fl-3a"/>
      </object_component>
      <object_component id="oc-13f">
         <name>.text</name>
         <load_address>0x27dcd</load_address>
         <run_address>0x27dcd</run_address>
         <size>0xa</size>
         <input_file_ref idref="fl-4a"/>
      </object_component>
      <object_component id="oc-7e">
         <name>.text:CIO_breakpoint</name>
         <load_address>0x27dd7</load_address>
         <run_address>0x27dd7</run_address>
         <size>0x7</size>
         <input_file_ref idref="fl-1d"/>
      </object_component>
      <object_component id="oc-95">
         <name>.text</name>
         <load_address>0x27dde</load_address>
         <run_address>0x27dde</run_address>
         <size>0x2</size>
         <input_file_ref idref="fl-23"/>
      </object_component>
      <object_component id="oc-72">
         <name>.stack</name>
         <uninitialized>true</uninitialized>
         <run_address>0xc0</run_address>
         <size>0x0</size>
         <input_file_ref idref="fl-1b"/>
      </object_component>
      <object_component id="oc-15d">
         <name>.stack</name>
         <uninitialized>true</uninitialized>
         <run_address>0xc0</run_address>
         <size>0x0</size>
      </object_component>
      <object_component id="oc-143">
         <name>.sysstack</name>
         <uninitialized>true</uninitialized>
         <run_address>0x20c0</run_address>
         <size>0x0</size>
         <input_file_ref idref="fl-1b"/>
      </object_component>
      <object_component id="oc-15f">
         <name>.sysstack</name>
         <uninitialized>true</uninitialized>
         <run_address>0x20c0</run_address>
         <size>0x0</size>
      </object_component>
      <object_component id="oc-2f">
         <name>.bss</name>
         <uninitialized>true</uninitialized>
         <run_address>0x30c0</run_address>
         <size>0x1a00</size>
         <input_file_ref idref="fl-7"/>
      </object_component>
      <object_component id="oc-1f">
         <name>.bss</name>
         <uninitialized>true</uninitialized>
         <run_address>0x4ac0</run_address>
         <size>0x810</size>
         <input_file_ref idref="fl-4"/>
      </object_component>
      <object_component id="oc-b7">
         <name>.bss</name>
         <uninitialized>true</uninitialized>
         <run_address>0x52d0</run_address>
         <size>0x232</size>
         <input_file_ref idref="fl-2b"/>
      </object_component>
      <object_component id="oc-104">
         <name>.bss</name>
         <uninitialized>true</uninitialized>
         <run_address>0x5502</run_address>
         <size>0x1a0</size>
         <input_file_ref idref="fl-3d"/>
      </object_component>
      <object_component id="oc-12f">
         <name>.bss</name>
         <uninitialized>true</uninitialized>
         <run_address>0x56a2</run_address>
         <size>0x2</size>
         <input_file_ref idref="fl-47"/>
      </object_component>
      <object_component id="oc-60">
         <name>.bss</name>
         <uninitialized>true</uninitialized>
         <run_address>0x56a4</run_address>
         <size>0x108</size>
         <input_file_ref idref="fl-18"/>
      </object_component>
      <object_component id="oc-e2">
         <name>.bss</name>
         <uninitialized>true</uninitialized>
         <run_address>0x57ac</run_address>
         <size>0xe2</size>
         <input_file_ref idref="fl-35"/>
      </object_component>
      <object_component id="oc-66">
         <name>.bss</name>
         <uninitialized>true</uninitialized>
         <run_address>0x588e</run_address>
         <size>0x54</size>
         <input_file_ref idref="fl-19"/>
      </object_component>
      <object_component id="oc-25">
         <name>.bss</name>
         <uninitialized>true</uninitialized>
         <run_address>0x58e2</run_address>
         <size>0x4c</size>
         <input_file_ref idref="fl-5"/>
      </object_component>
      <object_component id="oc-6d">
         <name>.bss</name>
         <uninitialized>true</uninitialized>
         <run_address>0x5930</run_address>
         <size>0x24</size>
         <input_file_ref idref="fl-1a"/>
      </object_component>
      <object_component id="oc-3b">
         <name>.bss</name>
         <uninitialized>true</uninitialized>
         <run_address>0x5954</run_address>
         <size>0x10</size>
         <input_file_ref idref="fl-11"/>
      </object_component>
      <object_component id="oc-135">
         <name>.bss</name>
         <uninitialized>true</uninitialized>
         <run_address>0x5964</run_address>
         <size>0xc</size>
         <input_file_ref idref="fl-48"/>
      </object_component>
      <object_component id="oc-9a">
         <name>.bss</name>
         <uninitialized>true</uninitialized>
         <run_address>0x5970</run_address>
         <size>0x8</size>
         <input_file_ref idref="fl-24"/>
      </object_component>
      <object_component id="oc-7b">
         <name>.bss</name>
         <uninitialized>true</uninitialized>
         <run_address>0x5978</run_address>
         <size>0x8</size>
         <input_file_ref idref="fl-1d"/>
      </object_component>
      <object_component id="oc-13">
         <name>.bss</name>
         <uninitialized>true</uninitialized>
         <run_address>0x5980</run_address>
         <size>0x4</size>
         <input_file_ref idref="fl-2"/>
      </object_component>
      <object_component id="oc-42">
         <name>.bss</name>
         <uninitialized>true</uninitialized>
         <run_address>0x5984</run_address>
         <size>0x4</size>
         <input_file_ref idref="fl-12"/>
      </object_component>
      <object_component id="oc-1a">
         <name>.const:.string</name>
         <load_address>0x7988</load_address>
         <run_address>0x7988</run_address>
         <size>0x2e8</size>
         <input_file_ref idref="fl-3"/>
      </object_component>
      <object_component id="oc-144">
         <name>.const:__ctypes_</name>
         <load_address>0x7c70</load_address>
         <run_address>0x7c70</run_address>
         <size>0x202</size>
         <input_file_ref idref="fl-2a"/>
      </object_component>
      <object_component id="oc-a2">
         <name>.const:.string</name>
         <load_address>0x7e74</load_address>
         <run_address>0x7e74</run_address>
         <size>0x48</size>
         <input_file_ref idref="fl-25"/>
      </object_component>
      <object_component id="oc-31">
         <name>.const:.string</name>
         <load_address>0x7ebc</load_address>
         <run_address>0x7ebc</run_address>
         <size>0x24</size>
         <input_file_ref idref="fl-7"/>
      </object_component>
      <object_component id="oc-a1">
         <name>.const</name>
         <load_address>0x7ee0</load_address>
         <run_address>0x7ee0</run_address>
         <size>0x18</size>
         <input_file_ref idref="fl-25"/>
      </object_component>
      <object_component id="oc-145">
         <name>.const:_initial_approx$1</name>
         <load_address>0x7ef8</load_address>
         <run_address>0x7ef8</run_address>
         <size>0x10</size>
         <input_file_ref idref="fl-2c"/>
      </object_component>
      <object_component id="oc-d2">
         <name>.const:.string</name>
         <load_address>0x7f08</load_address>
         <run_address>0x7f08</run_address>
         <size>0x4</size>
         <input_file_ref idref="fl-31"/>
      </object_component>
      <object_component id="oc-c9">
         <name>.const</name>
         <load_address>0x7f0c</load_address>
         <run_address>0x7f0c</run_address>
         <size>0x4</size>
         <input_file_ref idref="fl-2f"/>
      </object_component>
      <object_component id="oc-138">
         <name>.sysmem</name>
         <uninitialized>true</uninitialized>
         <run_address>0x5988</run_address>
         <size>0x0</size>
         <input_file_ref idref="fl-48"/>
      </object_component>
      <object_component id="oc-15e">
         <name>.sysmem</name>
         <uninitialized>true</uninitialized>
         <run_address>0x5988</run_address>
         <size>0x0</size>
      </object_component>
      <object_component id="oc-e4">
         <name>.cinit</name>
         <load_address>0x40240</load_address>
         <run_address>0x40240</run_address>
         <size>0x5a</size>
         <input_file_ref idref="fl-35"/>
      </object_component>
      <object_component id="oc-27">
         <name>.cinit</name>
         <load_address>0x4029a</load_address>
         <run_address>0x4029a</run_address>
         <size>0x58</size>
         <input_file_ref idref="fl-5"/>
      </object_component>
      <object_component id="oc-b9">
         <name>.cinit</name>
         <load_address>0x402f2</load_address>
         <run_address>0x402f2</run_address>
         <size>0x54</size>
         <input_file_ref idref="fl-2b"/>
      </object_component>
      <object_component id="oc-3d">
         <name>.cinit</name>
         <load_address>0x40346</load_address>
         <run_address>0x40346</run_address>
         <size>0x18</size>
         <input_file_ref idref="fl-11"/>
      </object_component>
      <object_component id="oc-9c">
         <name>.cinit</name>
         <load_address>0x4035e</load_address>
         <run_address>0x4035e</run_address>
         <size>0x14</size>
         <input_file_ref idref="fl-24"/>
      </object_component>
      <object_component id="oc-7d">
         <name>.cinit</name>
         <load_address>0x40372</load_address>
         <run_address>0x40372</run_address>
         <size>0x14</size>
         <input_file_ref idref="fl-1d"/>
      </object_component>
      <object_component id="oc-68">
         <name>.cinit</name>
         <load_address>0x40386</load_address>
         <run_address>0x40386</run_address>
         <size>0x10</size>
         <input_file_ref idref="fl-19"/>
      </object_component>
      <object_component id="oc-131">
         <name>.cinit</name>
         <load_address>0x40396</load_address>
         <run_address>0x40396</run_address>
         <size>0x8</size>
         <input_file_ref idref="fl-47"/>
      </object_component>
      <object_component id="oc-137">
         <name>.cinit</name>
         <load_address>0x4039e</load_address>
         <run_address>0x4039e</run_address>
         <size>0x8</size>
         <input_file_ref idref="fl-48"/>
      </object_component>
      <object_component id="oc-10a">
         <name>.cio</name>
         <uninitialized>true</uninitialized>
         <run_address>0x40000</run_address>
         <size>0x240</size>
         <input_file_ref idref="fl-3e"/>
      </object_component>
      <object_component id="oc-52">
         <name>vectors</name>
         <load_address>0x4fe00</load_address>
         <run_address>0x4fe00</run_address>
         <size>0x100</size>
         <input_file_ref idref="fl-15"/>
      </object_component>
      <object_component id="oc-11">
         <name>vectors</name>
         <load_address>0x4ff00</load_address>
         <run_address>0x4ff00</run_address>
         <size>0x100</size>
         <input_file_ref idref="fl-23"/>
      </object_component>
      <object_component id="oc-14">
         <name>.debug_info</name>
         <load_address>0x0</load_address>
         <run_address>0x0</run_address>
         <size>0xc61</size>
         <input_file_ref idref="fl-2"/>
      </object_component>
      <object_component id="oc-19">
         <name>.debug_info</name>
         <load_address>0xc61</load_address>
         <run_address>0xc61</run_address>
         <size>0x1bb8</size>
         <input_file_ref idref="fl-3"/>
      </object_component>
      <object_component id="oc-20">
         <name>.debug_info</name>
         <load_address>0x2819</load_address>
         <run_address>0x2819</run_address>
         <size>0x105f</size>
         <input_file_ref idref="fl-4"/>
      </object_component>
      <object_component id="oc-26">
         <name>.debug_info</name>
         <load_address>0x3878</load_address>
         <run_address>0x3878</run_address>
         <size>0x4b3</size>
         <input_file_ref idref="fl-5"/>
      </object_component>
      <object_component id="oc-2a">
         <name>.debug_info</name>
         <load_address>0x3d2b</load_address>
         <run_address>0x3d2b</run_address>
         <size>0x9bd</size>
         <input_file_ref idref="fl-6"/>
      </object_component>
      <object_component id="oc-30">
         <name>.debug_info</name>
         <load_address>0x46e8</load_address>
         <run_address>0x46e8</run_address>
         <size>0x1234</size>
         <input_file_ref idref="fl-7"/>
      </object_component>
      <object_component id="oc-36">
         <name>.debug_info</name>
         <load_address>0x591c</load_address>
         <run_address>0x591c</run_address>
         <size>0x7bb</size>
         <input_file_ref idref="fl-8"/>
      </object_component>
      <object_component id="oc-3c">
         <name>.debug_info</name>
         <load_address>0x60d7</load_address>
         <run_address>0x60d7</run_address>
         <size>0x6384</size>
         <input_file_ref idref="fl-11"/>
      </object_component>
      <object_component id="oc-43">
         <name>.debug_info</name>
         <load_address>0xc45b</load_address>
         <run_address>0xc45b</run_address>
         <size>0x6979</size>
         <input_file_ref idref="fl-12"/>
      </object_component>
      <object_component id="oc-48">
         <name>.debug_info</name>
         <load_address>0x12dd4</load_address>
         <run_address>0x12dd4</run_address>
         <size>0x65d7</size>
         <input_file_ref idref="fl-13"/>
      </object_component>
      <object_component id="oc-4d">
         <name>.debug_info</name>
         <load_address>0x193ab</load_address>
         <run_address>0x193ab</run_address>
         <size>0x5896</size>
         <input_file_ref idref="fl-14"/>
      </object_component>
      <object_component id="oc-53">
         <name>.debug_info</name>
         <load_address>0x1ec41</load_address>
         <run_address>0x1ec41</run_address>
         <size>0x1a4</size>
         <input_file_ref idref="fl-15"/>
      </object_component>
      <object_component id="oc-57">
         <name>.debug_info</name>
         <load_address>0x1ede5</load_address>
         <run_address>0x1ede5</run_address>
         <size>0x6ebb</size>
         <input_file_ref idref="fl-16"/>
      </object_component>
      <object_component id="oc-5c">
         <name>.debug_info</name>
         <load_address>0x25ca0</load_address>
         <run_address>0x25ca0</run_address>
         <size>0x18e</size>
         <input_file_ref idref="fl-17"/>
      </object_component>
      <object_component id="oc-61">
         <name>.debug_info</name>
         <load_address>0x25e2e</load_address>
         <run_address>0x25e2e</run_address>
         <size>0x6f61</size>
         <input_file_ref idref="fl-18"/>
      </object_component>
      <object_component id="oc-67">
         <name>.debug_info</name>
         <load_address>0x2cd8f</load_address>
         <run_address>0x2cd8f</run_address>
         <size>0x710f</size>
         <input_file_ref idref="fl-19"/>
      </object_component>
      <object_component id="oc-6e">
         <name>.debug_info</name>
         <load_address>0x33e9e</load_address>
         <run_address>0x33e9e</run_address>
         <size>0x7424</size>
         <input_file_ref idref="fl-1a"/>
      </object_component>
      <object_component id="oc-73">
         <name>.debug_info</name>
         <load_address>0x3b2c2</load_address>
         <run_address>0x3b2c2</run_address>
         <size>0xe8</size>
         <input_file_ref idref="fl-1b"/>
      </object_component>
      <object_component id="oc-77">
         <name>.debug_info</name>
         <load_address>0x3b3aa</load_address>
         <run_address>0x3b3aa</run_address>
         <size>0x534</size>
         <input_file_ref idref="fl-1c"/>
      </object_component>
      <object_component id="oc-7c">
         <name>.debug_info</name>
         <load_address>0x3b8de</load_address>
         <run_address>0x3b8de</run_address>
         <size>0x5fb</size>
         <input_file_ref idref="fl-1d"/>
      </object_component>
      <object_component id="oc-82">
         <name>.debug_info</name>
         <load_address>0x3bed9</load_address>
         <run_address>0x3bed9</run_address>
         <size>0xeb</size>
         <input_file_ref idref="fl-1e"/>
      </object_component>
      <object_component id="oc-86">
         <name>.debug_info</name>
         <load_address>0x3bfc4</load_address>
         <run_address>0x3bfc4</run_address>
         <size>0xbd</size>
         <input_file_ref idref="fl-1f"/>
      </object_component>
      <object_component id="oc-8a">
         <name>.debug_info</name>
         <load_address>0x3c081</load_address>
         <run_address>0x3c081</run_address>
         <size>0x59d</size>
         <input_file_ref idref="fl-20"/>
      </object_component>
      <object_component id="oc-8e">
         <name>.debug_info</name>
         <load_address>0x3c61e</load_address>
         <run_address>0x3c61e</run_address>
         <size>0x76c</size>
         <input_file_ref idref="fl-21"/>
      </object_component>
      <object_component id="oc-92">
         <name>.debug_info</name>
         <load_address>0x3cd8a</load_address>
         <run_address>0x3cd8a</run_address>
         <size>0x534</size>
         <input_file_ref idref="fl-22"/>
      </object_component>
      <object_component id="oc-96">
         <name>.debug_info</name>
         <load_address>0x3d2be</load_address>
         <run_address>0x3d2be</run_address>
         <size>0xbc</size>
         <input_file_ref idref="fl-23"/>
      </object_component>
      <object_component id="oc-9b">
         <name>.debug_info</name>
         <load_address>0x3d37a</load_address>
         <run_address>0x3d37a</run_address>
         <size>0x5bc</size>
         <input_file_ref idref="fl-24"/>
      </object_component>
      <object_component id="oc-a0">
         <name>.debug_info</name>
         <load_address>0x3d936</load_address>
         <run_address>0x3d936</run_address>
         <size>0x27bd</size>
         <input_file_ref idref="fl-25"/>
      </object_component>
      <object_component id="oc-a6">
         <name>.debug_info</name>
         <load_address>0x400f3</load_address>
         <run_address>0x400f3</run_address>
         <size>0x586</size>
         <input_file_ref idref="fl-26"/>
      </object_component>
      <object_component id="oc-aa">
         <name>.debug_info</name>
         <load_address>0x40679</load_address>
         <run_address>0x40679</run_address>
         <size>0x5a4</size>
         <input_file_ref idref="fl-27"/>
      </object_component>
      <object_component id="oc-ae">
         <name>.debug_info</name>
         <load_address>0x40c1d</load_address>
         <run_address>0x40c1d</run_address>
         <size>0xcd</size>
         <input_file_ref idref="fl-28"/>
      </object_component>
      <object_component id="oc-b2">
         <name>.debug_info</name>
         <load_address>0x40cea</load_address>
         <run_address>0x40cea</run_address>
         <size>0x81f</size>
         <input_file_ref idref="fl-29"/>
      </object_component>
      <object_component id="oc-b5">
         <name>.debug_info</name>
         <load_address>0x41509</load_address>
         <run_address>0x41509</run_address>
         <size>0x498</size>
         <input_file_ref idref="fl-2a"/>
      </object_component>
      <object_component id="oc-b8">
         <name>.debug_info</name>
         <load_address>0x419a1</load_address>
         <run_address>0x419a1</run_address>
         <size>0x57e</size>
         <input_file_ref idref="fl-2b"/>
      </object_component>
      <object_component id="oc-bc">
         <name>.debug_info</name>
         <load_address>0x41f1f</load_address>
         <run_address>0x41f1f</run_address>
         <size>0x7e8</size>
         <input_file_ref idref="fl-2c"/>
      </object_component>
      <object_component id="oc-c0">
         <name>.debug_info</name>
         <load_address>0x42707</load_address>
         <run_address>0x42707</run_address>
         <size>0x4cf</size>
         <input_file_ref idref="fl-2d"/>
      </object_component>
      <object_component id="oc-c4">
         <name>.debug_info</name>
         <load_address>0x42bd6</load_address>
         <run_address>0x42bd6</run_address>
         <size>0x534</size>
         <input_file_ref idref="fl-2e"/>
      </object_component>
      <object_component id="oc-c8">
         <name>.debug_info</name>
         <load_address>0x4310a</load_address>
         <run_address>0x4310a</run_address>
         <size>0x549</size>
         <input_file_ref idref="fl-2f"/>
      </object_component>
      <object_component id="oc-cd">
         <name>.debug_info</name>
         <load_address>0x43653</load_address>
         <run_address>0x43653</run_address>
         <size>0x6aa</size>
         <input_file_ref idref="fl-30"/>
      </object_component>
      <object_component id="oc-d1">
         <name>.debug_info</name>
         <load_address>0x43cfd</load_address>
         <run_address>0x43cfd</run_address>
         <size>0x942</size>
         <input_file_ref idref="fl-31"/>
      </object_component>
      <object_component id="oc-d6">
         <name>.debug_info</name>
         <load_address>0x4463f</load_address>
         <run_address>0x4463f</run_address>
         <size>0x53e</size>
         <input_file_ref idref="fl-32"/>
      </object_component>
      <object_component id="oc-da">
         <name>.debug_info</name>
         <load_address>0x44b7d</load_address>
         <run_address>0x44b7d</run_address>
         <size>0x680</size>
         <input_file_ref idref="fl-33"/>
      </object_component>
      <object_component id="oc-de">
         <name>.debug_info</name>
         <load_address>0x451fd</load_address>
         <run_address>0x451fd</run_address>
         <size>0x7d4</size>
         <input_file_ref idref="fl-34"/>
      </object_component>
      <object_component id="oc-e3">
         <name>.debug_info</name>
         <load_address>0x459d1</load_address>
         <run_address>0x459d1</run_address>
         <size>0x144b</size>
         <input_file_ref idref="fl-35"/>
      </object_component>
      <object_component id="oc-e8">
         <name>.debug_info</name>
         <load_address>0x46e1c</load_address>
         <run_address>0x46e1c</run_address>
         <size>0x5ad</size>
         <input_file_ref idref="fl-36"/>
      </object_component>
      <object_component id="oc-ec">
         <name>.debug_info</name>
         <load_address>0x473c9</load_address>
         <run_address>0x473c9</run_address>
         <size>0x574</size>
         <input_file_ref idref="fl-37"/>
      </object_component>
      <object_component id="oc-f0">
         <name>.debug_info</name>
         <load_address>0x4793d</load_address>
         <run_address>0x4793d</run_address>
         <size>0xd1</size>
         <input_file_ref idref="fl-38"/>
      </object_component>
      <object_component id="oc-f4">
         <name>.debug_info</name>
         <load_address>0x47a0e</load_address>
         <run_address>0x47a0e</run_address>
         <size>0x55b</size>
         <input_file_ref idref="fl-39"/>
      </object_component>
      <object_component id="oc-f8">
         <name>.debug_info</name>
         <load_address>0x47f69</load_address>
         <run_address>0x47f69</run_address>
         <size>0x4b7</size>
         <input_file_ref idref="fl-3a"/>
      </object_component>
      <object_component id="oc-fc">
         <name>.debug_info</name>
         <load_address>0x48420</load_address>
         <run_address>0x48420</run_address>
         <size>0x4f2</size>
         <input_file_ref idref="fl-3b"/>
      </object_component>
      <object_component id="oc-100">
         <name>.debug_info</name>
         <load_address>0x48912</load_address>
         <run_address>0x48912</run_address>
         <size>0x4de</size>
         <input_file_ref idref="fl-3c"/>
      </object_component>
      <object_component id="oc-105">
         <name>.debug_info</name>
         <load_address>0x48df0</load_address>
         <run_address>0x48df0</run_address>
         <size>0xed4</size>
         <input_file_ref idref="fl-3d"/>
      </object_component>
      <object_component id="oc-109">
         <name>.debug_info</name>
         <load_address>0x49cc4</load_address>
         <run_address>0x49cc4</run_address>
         <size>0x744</size>
         <input_file_ref idref="fl-3e"/>
      </object_component>
      <object_component id="oc-10f">
         <name>.debug_info</name>
         <load_address>0x4a408</load_address>
         <run_address>0x4a408</run_address>
         <size>0xef</size>
         <input_file_ref idref="fl-3f"/>
      </object_component>
      <object_component id="oc-113">
         <name>.debug_info</name>
         <load_address>0x4a4f7</load_address>
         <run_address>0x4a4f7</run_address>
         <size>0x662</size>
         <input_file_ref idref="fl-40"/>
      </object_component>
      <object_component id="oc-117">
         <name>.debug_info</name>
         <load_address>0x4ab59</load_address>
         <run_address>0x4ab59</run_address>
         <size>0x5ab</size>
         <input_file_ref idref="fl-41"/>
      </object_component>
      <object_component id="oc-11b">
         <name>.debug_info</name>
         <load_address>0x4b104</load_address>
         <run_address>0x4b104</run_address>
         <size>0x4f2</size>
         <input_file_ref idref="fl-42"/>
      </object_component>
      <object_component id="oc-11f">
         <name>.debug_info</name>
         <load_address>0x4b5f6</load_address>
         <run_address>0x4b5f6</run_address>
         <size>0x706</size>
         <input_file_ref idref="fl-43"/>
      </object_component>
      <object_component id="oc-123">
         <name>.debug_info</name>
         <load_address>0x4bcfc</load_address>
         <run_address>0x4bcfc</run_address>
         <size>0x4d2</size>
         <input_file_ref idref="fl-44"/>
      </object_component>
      <object_component id="oc-127">
         <name>.debug_info</name>
         <load_address>0x4c1ce</load_address>
         <run_address>0x4c1ce</run_address>
         <size>0x5f7</size>
         <input_file_ref idref="fl-45"/>
      </object_component>
      <object_component id="oc-12b">
         <name>.debug_info</name>
         <load_address>0x4c7c5</load_address>
         <run_address>0x4c7c5</run_address>
         <size>0x64a</size>
         <input_file_ref idref="fl-46"/>
      </object_component>
      <object_component id="oc-130">
         <name>.debug_info</name>
         <load_address>0x4ce0f</load_address>
         <run_address>0x4ce0f</run_address>
         <size>0xa1c</size>
         <input_file_ref idref="fl-47"/>
      </object_component>
      <object_component id="oc-136">
         <name>.debug_info</name>
         <load_address>0x4d82b</load_address>
         <run_address>0x4d82b</run_address>
         <size>0xb97</size>
         <input_file_ref idref="fl-48"/>
      </object_component>
      <object_component id="oc-13c">
         <name>.debug_info</name>
         <load_address>0x4e3c2</load_address>
         <run_address>0x4e3c2</run_address>
         <size>0x64f</size>
         <input_file_ref idref="fl-49"/>
      </object_component>
      <object_component id="oc-140">
         <name>.debug_info</name>
         <load_address>0x4ea11</load_address>
         <run_address>0x4ea11</run_address>
         <size>0x510</size>
         <input_file_ref idref="fl-4a"/>
      </object_component>
      <object_component id="oc-166">
         <name>.debug_info</name>
         <load_address>0x4ef21</load_address>
         <run_address>0x4ef21</run_address>
         <size>0x6e</size>
      </object_component>
      <object_component id="oc-15">
         <name>.debug_frame</name>
         <load_address>0x0</load_address>
         <run_address>0x0</run_address>
         <size>0x171</size>
         <input_file_ref idref="fl-2"/>
      </object_component>
      <object_component id="oc-1b">
         <name>.debug_frame</name>
         <load_address>0x171</load_address>
         <run_address>0x171</run_address>
         <size>0x121</size>
         <input_file_ref idref="fl-3"/>
      </object_component>
      <object_component id="oc-22">
         <name>.debug_frame</name>
         <load_address>0x292</load_address>
         <run_address>0x292</run_address>
         <size>0x16a</size>
         <input_file_ref idref="fl-4"/>
      </object_component>
      <object_component id="oc-2b">
         <name>.debug_frame</name>
         <load_address>0x3fc</load_address>
         <run_address>0x3fc</run_address>
         <size>0x102</size>
         <input_file_ref idref="fl-6"/>
      </object_component>
      <object_component id="oc-32">
         <name>.debug_frame</name>
         <load_address>0x4fe</load_address>
         <run_address>0x4fe</run_address>
         <size>0x118</size>
         <input_file_ref idref="fl-7"/>
      </object_component>
      <object_component id="oc-37">
         <name>.debug_frame</name>
         <load_address>0x616</load_address>
         <run_address>0x616</run_address>
         <size>0x100</size>
         <input_file_ref idref="fl-8"/>
      </object_component>
      <object_component id="oc-3e">
         <name>.debug_frame</name>
         <load_address>0x716</load_address>
         <run_address>0x716</run_address>
         <size>0x102</size>
         <input_file_ref idref="fl-11"/>
      </object_component>
      <object_component id="oc-44">
         <name>.debug_frame</name>
         <load_address>0x818</load_address>
         <run_address>0x818</run_address>
         <size>0x171</size>
         <input_file_ref idref="fl-12"/>
      </object_component>
      <object_component id="oc-49">
         <name>.debug_frame</name>
         <load_address>0x989</load_address>
         <run_address>0x989</run_address>
         <size>0x138</size>
         <input_file_ref idref="fl-13"/>
      </object_component>
      <object_component id="oc-4e">
         <name>.debug_frame</name>
         <load_address>0xac1</load_address>
         <run_address>0xac1</run_address>
         <size>0x116</size>
         <input_file_ref idref="fl-14"/>
      </object_component>
      <object_component id="oc-58">
         <name>.debug_frame</name>
         <load_address>0xbd7</load_address>
         <run_address>0xbd7</run_address>
         <size>0x272</size>
         <input_file_ref idref="fl-16"/>
      </object_component>
      <object_component id="oc-62">
         <name>.debug_frame</name>
         <load_address>0xe49</load_address>
         <run_address>0xe49</run_address>
         <size>0x2a1</size>
         <input_file_ref idref="fl-18"/>
      </object_component>
      <object_component id="oc-69">
         <name>.debug_frame</name>
         <load_address>0x10ea</load_address>
         <run_address>0x10ea</run_address>
         <size>0x197</size>
         <input_file_ref idref="fl-19"/>
      </object_component>
      <object_component id="oc-6f">
         <name>.debug_frame</name>
         <load_address>0x1281</load_address>
         <run_address>0x1281</run_address>
         <size>0x1ef</size>
         <input_file_ref idref="fl-1a"/>
      </object_component>
      <object_component id="oc-16">
         <name>.debug_line</name>
         <load_address>0x0</load_address>
         <run_address>0x0</run_address>
         <size>0xd0</size>
         <input_file_ref idref="fl-2"/>
      </object_component>
      <object_component id="oc-1c">
         <name>.debug_line</name>
         <load_address>0xd0</load_address>
         <run_address>0xd0</run_address>
         <size>0x253</size>
         <input_file_ref idref="fl-3"/>
      </object_component>
      <object_component id="oc-23">
         <name>.debug_line</name>
         <load_address>0x323</load_address>
         <run_address>0x323</run_address>
         <size>0x198</size>
         <input_file_ref idref="fl-4"/>
      </object_component>
      <object_component id="oc-2c">
         <name>.debug_line</name>
         <load_address>0x4bb</load_address>
         <run_address>0x4bb</run_address>
         <size>0xe1</size>
         <input_file_ref idref="fl-6"/>
      </object_component>
      <object_component id="oc-33">
         <name>.debug_line</name>
         <load_address>0x59c</load_address>
         <run_address>0x59c</run_address>
         <size>0x1a0</size>
         <input_file_ref idref="fl-7"/>
      </object_component>
      <object_component id="oc-38">
         <name>.debug_line</name>
         <load_address>0x73c</load_address>
         <run_address>0x73c</run_address>
         <size>0x88</size>
         <input_file_ref idref="fl-8"/>
      </object_component>
      <object_component id="oc-3f">
         <name>.debug_line</name>
         <load_address>0x7c4</load_address>
         <run_address>0x7c4</run_address>
         <size>0x66e</size>
         <input_file_ref idref="fl-11"/>
      </object_component>
      <object_component id="oc-45">
         <name>.debug_line</name>
         <load_address>0xe32</load_address>
         <run_address>0xe32</run_address>
         <size>0x69c</size>
         <input_file_ref idref="fl-12"/>
      </object_component>
      <object_component id="oc-4a">
         <name>.debug_line</name>
         <load_address>0x14ce</load_address>
         <run_address>0x14ce</run_address>
         <size>0x659</size>
         <input_file_ref idref="fl-13"/>
      </object_component>
      <object_component id="oc-4f">
         <name>.debug_line</name>
         <load_address>0x1b27</load_address>
         <run_address>0x1b27</run_address>
         <size>0x59c</size>
         <input_file_ref idref="fl-14"/>
      </object_component>
      <object_component id="oc-54">
         <name>.debug_line</name>
         <load_address>0x20c3</load_address>
         <run_address>0x20c3</run_address>
         <size>0xa8</size>
         <input_file_ref idref="fl-15"/>
      </object_component>
      <object_component id="oc-59">
         <name>.debug_line</name>
         <load_address>0x216b</load_address>
         <run_address>0x216b</run_address>
         <size>0x94b</size>
         <input_file_ref idref="fl-16"/>
      </object_component>
      <object_component id="oc-5d">
         <name>.debug_line</name>
         <load_address>0x2ab6</load_address>
         <run_address>0x2ab6</run_address>
         <size>0xab</size>
         <input_file_ref idref="fl-17"/>
      </object_component>
      <object_component id="oc-63">
         <name>.debug_line</name>
         <load_address>0x2b61</load_address>
         <run_address>0x2b61</run_address>
         <size>0x83c</size>
         <input_file_ref idref="fl-18"/>
      </object_component>
      <object_component id="oc-6a">
         <name>.debug_line</name>
         <load_address>0x339d</load_address>
         <run_address>0x339d</run_address>
         <size>0x94c</size>
         <input_file_ref idref="fl-19"/>
      </object_component>
      <object_component id="oc-70">
         <name>.debug_line</name>
         <load_address>0x3ce9</load_address>
         <run_address>0x3ce9</run_address>
         <size>0x96d</size>
         <input_file_ref idref="fl-1a"/>
      </object_component>
      <object_component id="oc-74">
         <name>.debug_line</name>
         <load_address>0x4656</load_address>
         <run_address>0x4656</run_address>
         <size>0x54</size>
         <input_file_ref idref="fl-1b"/>
      </object_component>
      <object_component id="oc-78">
         <name>.debug_line</name>
         <load_address>0x46aa</load_address>
         <run_address>0x46aa</run_address>
         <size>0x44</size>
         <input_file_ref idref="fl-1c"/>
      </object_component>
      <object_component id="oc-7f">
         <name>.debug_line</name>
         <load_address>0x46ee</load_address>
         <run_address>0x46ee</run_address>
         <size>0x51</size>
         <input_file_ref idref="fl-1d"/>
      </object_component>
      <object_component id="oc-83">
         <name>.debug_line</name>
         <load_address>0x473f</load_address>
         <run_address>0x473f</run_address>
         <size>0x5c</size>
         <input_file_ref idref="fl-1e"/>
      </object_component>
      <object_component id="oc-87">
         <name>.debug_line</name>
         <load_address>0x479b</load_address>
         <run_address>0x479b</run_address>
         <size>0x3c</size>
         <input_file_ref idref="fl-1f"/>
      </object_component>
      <object_component id="oc-8b">
         <name>.debug_line</name>
         <load_address>0x47d7</load_address>
         <run_address>0x47d7</run_address>
         <size>0x52</size>
         <input_file_ref idref="fl-20"/>
      </object_component>
      <object_component id="oc-8f">
         <name>.debug_line</name>
         <load_address>0x4829</load_address>
         <run_address>0x4829</run_address>
         <size>0x69</size>
         <input_file_ref idref="fl-21"/>
      </object_component>
      <object_component id="oc-93">
         <name>.debug_line</name>
         <load_address>0x4892</load_address>
         <run_address>0x4892</run_address>
         <size>0x44</size>
         <input_file_ref idref="fl-22"/>
      </object_component>
      <object_component id="oc-97">
         <name>.debug_line</name>
         <load_address>0x48d6</load_address>
         <run_address>0x48d6</run_address>
         <size>0x37</size>
         <input_file_ref idref="fl-23"/>
      </object_component>
      <object_component id="oc-9d">
         <name>.debug_line</name>
         <load_address>0x490d</load_address>
         <run_address>0x490d</run_address>
         <size>0x57</size>
         <input_file_ref idref="fl-24"/>
      </object_component>
      <object_component id="oc-a3">
         <name>.debug_line</name>
         <load_address>0x4964</load_address>
         <run_address>0x4964</run_address>
         <size>0x328</size>
         <input_file_ref idref="fl-25"/>
      </object_component>
      <object_component id="oc-a7">
         <name>.debug_line</name>
         <load_address>0x4c8c</load_address>
         <run_address>0x4c8c</run_address>
         <size>0x41</size>
         <input_file_ref idref="fl-26"/>
      </object_component>
      <object_component id="oc-ab">
         <name>.debug_line</name>
         <load_address>0x4ccd</load_address>
         <run_address>0x4ccd</run_address>
         <size>0x46</size>
         <input_file_ref idref="fl-27"/>
      </object_component>
      <object_component id="oc-af">
         <name>.debug_line</name>
         <load_address>0x4d13</load_address>
         <run_address>0x4d13</run_address>
         <size>0x55</size>
         <input_file_ref idref="fl-28"/>
      </object_component>
      <object_component id="oc-b3">
         <name>.debug_line</name>
         <load_address>0x4d68</load_address>
         <run_address>0x4d68</run_address>
         <size>0xad</size>
         <input_file_ref idref="fl-29"/>
      </object_component>
      <object_component id="oc-bd">
         <name>.debug_line</name>
         <load_address>0x4e15</load_address>
         <run_address>0x4e15</run_address>
         <size>0x5b</size>
         <input_file_ref idref="fl-2c"/>
      </object_component>
      <object_component id="oc-c1">
         <name>.debug_line</name>
         <load_address>0x4e70</load_address>
         <run_address>0x4e70</run_address>
         <size>0x3d</size>
         <input_file_ref idref="fl-2d"/>
      </object_component>
      <object_component id="oc-c5">
         <name>.debug_line</name>
         <load_address>0x4ead</load_address>
         <run_address>0x4ead</run_address>
         <size>0x3d</size>
         <input_file_ref idref="fl-2e"/>
      </object_component>
      <object_component id="oc-ca">
         <name>.debug_line</name>
         <load_address>0x4eea</load_address>
         <run_address>0x4eea</run_address>
         <size>0x44</size>
         <input_file_ref idref="fl-2f"/>
      </object_component>
      <object_component id="oc-ce">
         <name>.debug_line</name>
         <load_address>0x4f2e</load_address>
         <run_address>0x4f2e</run_address>
         <size>0x56</size>
         <input_file_ref idref="fl-30"/>
      </object_component>
      <object_component id="oc-d3">
         <name>.debug_line</name>
         <load_address>0x4f84</load_address>
         <run_address>0x4f84</run_address>
         <size>0xa8</size>
         <input_file_ref idref="fl-31"/>
      </object_component>
      <object_component id="oc-d7">
         <name>.debug_line</name>
         <load_address>0x502c</load_address>
         <run_address>0x502c</run_address>
         <size>0x40</size>
         <input_file_ref idref="fl-32"/>
      </object_component>
      <object_component id="oc-db">
         <name>.debug_line</name>
         <load_address>0x506c</load_address>
         <run_address>0x506c</run_address>
         <size>0x38</size>
         <input_file_ref idref="fl-33"/>
      </object_component>
      <object_component id="oc-df">
         <name>.debug_line</name>
         <load_address>0x50a4</load_address>
         <run_address>0x50a4</run_address>
         <size>0xa8</size>
         <input_file_ref idref="fl-34"/>
      </object_component>
      <object_component id="oc-e5">
         <name>.debug_line</name>
         <load_address>0x514c</load_address>
         <run_address>0x514c</run_address>
         <size>0x1b0</size>
         <input_file_ref idref="fl-35"/>
      </object_component>
      <object_component id="oc-e9">
         <name>.debug_line</name>
         <load_address>0x52fc</load_address>
         <run_address>0x52fc</run_address>
         <size>0x40</size>
         <input_file_ref idref="fl-36"/>
      </object_component>
      <object_component id="oc-ed">
         <name>.debug_line</name>
         <load_address>0x533c</load_address>
         <run_address>0x533c</run_address>
         <size>0x3c</size>
         <input_file_ref idref="fl-37"/>
      </object_component>
      <object_component id="oc-f1">
         <name>.debug_line</name>
         <load_address>0x5378</load_address>
         <run_address>0x5378</run_address>
         <size>0x4d</size>
         <input_file_ref idref="fl-38"/>
      </object_component>
      <object_component id="oc-f5">
         <name>.debug_line</name>
         <load_address>0x53c5</load_address>
         <run_address>0x53c5</run_address>
         <size>0x3c</size>
         <input_file_ref idref="fl-39"/>
      </object_component>
      <object_component id="oc-f9">
         <name>.debug_line</name>
         <load_address>0x5401</load_address>
         <run_address>0x5401</run_address>
         <size>0x37</size>
         <input_file_ref idref="fl-3a"/>
      </object_component>
      <object_component id="oc-fd">
         <name>.debug_line</name>
         <load_address>0x5438</load_address>
         <run_address>0x5438</run_address>
         <size>0x3c</size>
         <input_file_ref idref="fl-3b"/>
      </object_component>
      <object_component id="oc-101">
         <name>.debug_line</name>
         <load_address>0x5474</load_address>
         <run_address>0x5474</run_address>
         <size>0x37</size>
         <input_file_ref idref="fl-3c"/>
      </object_component>
      <object_component id="oc-106">
         <name>.debug_line</name>
         <load_address>0x54ab</load_address>
         <run_address>0x54ab</run_address>
         <size>0x15d</size>
         <input_file_ref idref="fl-3d"/>
      </object_component>
      <object_component id="oc-10c">
         <name>.debug_line</name>
         <load_address>0x5608</load_address>
         <run_address>0x5608</run_address>
         <size>0x6a</size>
         <input_file_ref idref="fl-3e"/>
      </object_component>
      <object_component id="oc-110">
         <name>.debug_line</name>
         <load_address>0x5672</load_address>
         <run_address>0x5672</run_address>
         <size>0x58</size>
         <input_file_ref idref="fl-3f"/>
      </object_component>
      <object_component id="oc-114">
         <name>.debug_line</name>
         <load_address>0x56ca</load_address>
         <run_address>0x56ca</run_address>
         <size>0x57</size>
         <input_file_ref idref="fl-40"/>
      </object_component>
      <object_component id="oc-118">
         <name>.debug_line</name>
         <load_address>0x5721</load_address>
         <run_address>0x5721</run_address>
         <size>0x5c</size>
         <input_file_ref idref="fl-41"/>
      </object_component>
      <object_component id="oc-11c">
         <name>.debug_line</name>
         <load_address>0x577d</load_address>
         <run_address>0x577d</run_address>
         <size>0x3c</size>
         <input_file_ref idref="fl-42"/>
      </object_component>
      <object_component id="oc-120">
         <name>.debug_line</name>
         <load_address>0x57b9</load_address>
         <run_address>0x57b9</run_address>
         <size>0x5b</size>
         <input_file_ref idref="fl-43"/>
      </object_component>
      <object_component id="oc-124">
         <name>.debug_line</name>
         <load_address>0x5814</load_address>
         <run_address>0x5814</run_address>
         <size>0x3a</size>
         <input_file_ref idref="fl-44"/>
      </object_component>
      <object_component id="oc-128">
         <name>.debug_line</name>
         <load_address>0x584e</load_address>
         <run_address>0x584e</run_address>
         <size>0x3c</size>
         <input_file_ref idref="fl-45"/>
      </object_component>
      <object_component id="oc-12c">
         <name>.debug_line</name>
         <load_address>0x588a</load_address>
         <run_address>0x588a</run_address>
         <size>0x3f</size>
         <input_file_ref idref="fl-46"/>
      </object_component>
      <object_component id="oc-132">
         <name>.debug_line</name>
         <load_address>0x58c9</load_address>
         <run_address>0x58c9</run_address>
         <size>0xd7</size>
         <input_file_ref idref="fl-47"/>
      </object_component>
      <object_component id="oc-139">
         <name>.debug_line</name>
         <load_address>0x59a0</load_address>
         <run_address>0x59a0</run_address>
         <size>0x112</size>
         <input_file_ref idref="fl-48"/>
      </object_component>
      <object_component id="oc-13d">
         <name>.debug_line</name>
         <load_address>0x5ab2</load_address>
         <run_address>0x5ab2</run_address>
         <size>0x3d</size>
         <input_file_ref idref="fl-49"/>
      </object_component>
      <object_component id="oc-141">
         <name>.debug_line</name>
         <load_address>0x5aef</load_address>
         <run_address>0x5aef</run_address>
         <size>0x39</size>
         <input_file_ref idref="fl-4a"/>
      </object_component>
      <object_component id="oc-17">
         <name>.debug_abbrev</name>
         <load_address>0x0</load_address>
         <run_address>0x0</run_address>
         <size>0x125</size>
         <input_file_ref idref="fl-2"/>
      </object_component>
      <object_component id="oc-1d">
         <name>.debug_abbrev</name>
         <load_address>0x125</load_address>
         <run_address>0x125</run_address>
         <size>0x178</size>
         <input_file_ref idref="fl-3"/>
      </object_component>
      <object_component id="oc-24">
         <name>.debug_abbrev</name>
         <load_address>0x29d</load_address>
         <run_address>0x29d</run_address>
         <size>0x17d</size>
         <input_file_ref idref="fl-4"/>
      </object_component>
      <object_component id="oc-28">
         <name>.debug_abbrev</name>
         <load_address>0x41a</load_address>
         <run_address>0x41a</run_address>
         <size>0x63</size>
         <input_file_ref idref="fl-5"/>
      </object_component>
      <object_component id="oc-2d">
         <name>.debug_abbrev</name>
         <load_address>0x47d</load_address>
         <run_address>0x47d</run_address>
         <size>0xb8</size>
         <input_file_ref idref="fl-6"/>
      </object_component>
      <object_component id="oc-34">
         <name>.debug_abbrev</name>
         <load_address>0x535</load_address>
         <run_address>0x535</run_address>
         <size>0x155</size>
         <input_file_ref idref="fl-7"/>
      </object_component>
      <object_component id="oc-39">
         <name>.debug_abbrev</name>
         <load_address>0x68a</load_address>
         <run_address>0x68a</run_address>
         <size>0xc4</size>
         <input_file_ref idref="fl-8"/>
      </object_component>
      <object_component id="oc-40">
         <name>.debug_abbrev</name>
         <load_address>0x74e</load_address>
         <run_address>0x74e</run_address>
         <size>0x1e0</size>
         <input_file_ref idref="fl-11"/>
      </object_component>
      <object_component id="oc-46">
         <name>.debug_abbrev</name>
         <load_address>0x92e</load_address>
         <run_address>0x92e</run_address>
         <size>0x21f</size>
         <input_file_ref idref="fl-12"/>
      </object_component>
      <object_component id="oc-4b">
         <name>.debug_abbrev</name>
         <load_address>0xb4d</load_address>
         <run_address>0xb4d</run_address>
         <size>0x1db</size>
         <input_file_ref idref="fl-13"/>
      </object_component>
      <object_component id="oc-50">
         <name>.debug_abbrev</name>
         <load_address>0xd28</load_address>
         <run_address>0xd28</run_address>
         <size>0x198</size>
         <input_file_ref idref="fl-14"/>
      </object_component>
      <object_component id="oc-55">
         <name>.debug_abbrev</name>
         <load_address>0xec0</load_address>
         <run_address>0xec0</run_address>
         <size>0x20</size>
         <input_file_ref idref="fl-15"/>
      </object_component>
      <object_component id="oc-5a">
         <name>.debug_abbrev</name>
         <load_address>0xee0</load_address>
         <run_address>0xee0</run_address>
         <size>0x1c4</size>
         <input_file_ref idref="fl-16"/>
      </object_component>
      <object_component id="oc-5e">
         <name>.debug_abbrev</name>
         <load_address>0x10a4</load_address>
         <run_address>0x10a4</run_address>
         <size>0x3a</size>
         <input_file_ref idref="fl-17"/>
      </object_component>
      <object_component id="oc-64">
         <name>.debug_abbrev</name>
         <load_address>0x10de</load_address>
         <run_address>0x10de</run_address>
         <size>0x263</size>
         <input_file_ref idref="fl-18"/>
      </object_component>
      <object_component id="oc-6b">
         <name>.debug_abbrev</name>
[...]
      </symbol>
      <symbol id="sm-367">
         <name>_I2S_setup</name>
         <value>0x22e3f</value>
         <object_component_ref idref="oc-65"/>
      </symbol>
      <symbol id="sm-368">
         <name>_fsError</name>
         <value>0x58de</value>
         <object_component_ref idref="oc-66"/>
      </symbol>
      <symbol id="sm-369">
         <name>_I2S_open</name>
         <value>0x22cf8</value>
         <object_component_ref idref="oc-65"/>
      </symbol>
      <symbol id="sm-36a">
         <name>_I2S_transEnable</name>
         <value>0x236a0</value>
         <object_component_ref idref="oc-65"/>
      </symbol>
      <symbol id="sm-3e7">
         <name>_I2C_eventEnable</name>
         <value>0x21ee4</value>
         <object_component_ref idref="oc-6c"/>
      </symbol>
      <symbol id="sm-3e8">
         <name>_I2C_setCallback</name>
         <value>0x22137</value>
         <object_component_ref idref="oc-6c"/>
      </symbol>
      <symbol id="sm-3e9">
         <name>_I2C_init</name>
         <value>0x215a4</value>
         <object_component_ref idref="oc-6c"/>
      </symbol>
      <symbol id="sm-3ea">
         <name>_I2C_config</name>
         <value>0x2164d</value>
         <object_component_ref idref="oc-6c"/>
      </symbol>
      <symbol id="sm-3eb">
         <name>_gI2cObj</name>
         <value>0x5930</value>
         <object_component_ref idref="oc-6d"/>
      </symbol>
      <symbol id="sm-3ec">
         <name>_I2C_getConfig</name>
         <value>0x217b2</value>
         <object_component_ref idref="oc-6c"/>
      </symbol>
      <symbol id="sm-3ed">
         <name>_I2C_setup</name>
         <value>0x21888</value>
         <object_component_ref idref="oc-6c"/>
      </symbol>
      <symbol id="sm-3ee">
         <name>_I2C_write</name>
         <value>0x21a82</value>
         <object_component_ref idref="oc-6c"/>
      </symbol>
      <symbol id="sm-3ef">
         <name>_I2C_read</name>
         <value>0x21cc6</value>
         <object_component_ref idref="oc-6c"/>
      </symbol>
      <symbol id="sm-3f0">
         <name>_I2C_eventDisable</name>
         <value>0x22018</value>
         <object_component_ref idref="oc-6c"/>
      </symbol>
      <symbol id="sm-3f1">
         <name>_I2C_getEventId</name>
         <value>0x221c4</value>
         <object_component_ref idref="oc-6c"/>
      </symbol>
      <symbol id="sm-3f2">
         <name>_i2cHandle</name>
         <value>0x5950</value>
         <object_component_ref idref="oc-6d"/>
      </symbol>
      <symbol id="sm-3fe">
         <name>__sysstack</name>
         <value>0x20c0</value>
         <object_component_ref idref="oc-143"/>
      </symbol>
      <symbol id="sm-3ff">
         <name>_c_int00</name>
         <value>0x27cae</value>
         <object_component_ref idref="oc-10"/>
      </symbol>
      <symbol id="sm-400">
         <name>__stack</name>
         <value>0xc0</value>
         <object_component_ref idref="oc-72"/>
      </symbol>
      <symbol id="sm-40b">
         <name>__divul</name>
         <value>0x273a1</value>
         <object_component_ref idref="oc-76"/>
      </symbol>
      <symbol id="sm-41b">
         <name>C$$EXIT</name>
         <value>0x27dd8</value>
         <object_component_ref idref="oc-7e"/>
      </symbol>
      <symbol id="sm-41c">
         <name>_exit</name>
         <value>0x27c34</value>
         <object_component_ref idref="oc-7a"/>
      </symbol>
      <symbol id="sm-41d">
         <name>_abort</name>
         <value>0x27dd7</value>
         <object_component_ref idref="oc-7e"/>
      </symbol>
      <symbol id="sm-41e">
         <name>__cleanup_ptr</name>
         <value>0x5978</value>
         <object_component_ref idref="oc-7b"/>
      </symbol>
      <symbol id="sm-41f">
         <name>__dtors_ptr</name>
         <value>0x597c</value>
         <object_component_ref idref="oc-7b"/>
      </symbol>
      <symbol id="sm-427">
         <name>__remi</name>
         <value>0x27c91</value>
         <object_component_ref idref="oc-81"/>
      </symbol>
      <symbol id="sm-428">
         <name>__divi</name>
         <value>0x27c72</value>
         <object_component_ref idref="oc-81"/>
      </symbol>
      <symbol id="sm-429">
         <name>I$$MOD</name>
         <value>0x27c91</value>
         <object_component_ref idref="oc-81"/>
      </symbol>
      <symbol id="sm-42a">
         <name>I$$DIV</name>
         <value>0x27c72</value>
         <object_component_ref idref="oc-81"/>
      </symbol>
      <symbol id="sm-432">
         <name>__mpyli</name>
         <value>0x27d87</value>
         <object_component_ref idref="oc-85"/>
      </symbol>
      <symbol id="sm-433">
         <name>I$$LMPY</name>
         <value>0x27d87</value>
         <object_component_ref idref="oc-85"/>
      </symbol>
      <symbol id="sm-43d">
         <name>_memset</name>
         <value>0x27dac</value>
         <object_component_ref idref="oc-89"/>
      </symbol>
      <symbol id="sm-447">
         <name>_printf</name>
         <value>0x27a7a</value>
         <object_component_ref idref="oc-8d"/>
      </symbol>
      <symbol id="sm-452">
         <name>__remul</name>
         <value>0x2773d</value>
         <object_component_ref idref="oc-91"/>
      </symbol>
      <symbol id="sm-45c">
         <name>_Reset</name>
         <value>0x4ff00</value>
         <object_component_ref idref="oc-11"/>
      </symbol>
      <symbol id="sm-46a">
         <name>__unlock</name>
         <value>0x5974</value>
         <object_component_ref idref="oc-9a"/>
      </symbol>
      <symbol id="sm-46b">
         <name>__lock</name>
         <value>0x5970</value>
         <object_component_ref idref="oc-9a"/>
      </symbol>
      <symbol id="sm-46c">
         <name>__register_lock</name>
         <value>0x27da2</value>
         <object_component_ref idref="oc-99"/>
      </symbol>
      <symbol id="sm-46d">
         <name>__nop</name>
         <value>0x27daa</value>
         <object_component_ref idref="oc-99"/>
      </symbol>
      <symbol id="sm-46e">
         <name>__register_unlock</name>
         <value>0x27d9a</value>
         <object_component_ref idref="oc-99"/>
      </symbol>
      <symbol id="sm-480">
         <name>__printfi</name>
         <value>0x21362</value>
         <object_component_ref idref="oc-9f"/>
      </symbol>
      <symbol id="sm-48a">
         <name>__args_main</name>
         <value>0x27b17</value>
         <object_component_ref idref="oc-a5"/>
      </symbol>
      <symbol id="sm-48b">
         <name>__TI_args_main</name>
         <value>0x1</value>
      </symbol>
      <symbol id="sm-495">
         <name>_atoi</name>
         <value>0x279ca</value>
         <object_component_ref idref="oc-a9"/>
      </symbol>
      <symbol id="sm-49d">
         <name>_auto_init</name>
         <value>0x27aca</value>
         <object_component_ref idref="oc-ad"/>
      </symbol>
      <symbol id="sm-4a7">
         <name>__eqld</name>
         <value>0x26664</value>
         <object_component_ref idref="oc-b1"/>
      </symbol>
      <symbol id="sm-4a8">
         <name>__cmpd</name>
         <value>0x26698</value>
         <object_component_ref idref="oc-b1"/>
      </symbol>
      <symbol id="sm-4a9">
         <name>__neqd</name>
         <value>0x26506</value>
         <object_component_ref idref="oc-b1"/>
      </symbol>
      <symbol id="sm-4aa">
         <name>__gtrd</name>
         <value>0x265cf</value>
         <object_component_ref idref="oc-b1"/>
      </symbol>
      <symbol id="sm-4ab">
         <name>__geqd</name>
         <value>0x2661a</value>
         <object_component_ref idref="oc-b1"/>
      </symbol>
      <symbol id="sm-4ac">
         <name>__leqd</name>
         <value>0x26582</value>
         <object_component_ref idref="oc-b1"/>
      </symbol>
      <symbol id="sm-4ad">
         <name>__lssd</name>
         <value>0x2653a</value>
         <object_component_ref idref="oc-b1"/>
      </symbol>
      <symbol id="sm-4b5">
         <name>__ctypes_</name>
         <value>0x7c70</value>
         <object_component_ref idref="oc-144"/>
      </symbol>
      <symbol id="sm-4bf">
         <name>__tmpnams</name>
         <value>0x53c0</value>
         <object_component_ref idref="oc-b7"/>
      </symbol>
      <symbol id="sm-4c0">
         <name>__ft_end</name>
         <value>0x5500</value>
         <object_component_ref idref="oc-b7"/>
      </symbol>
      <symbol id="sm-4c1">
         <name>__ftable</name>
         <value>0x52d0</value>
         <object_component_ref idref="oc-b7"/>
      </symbol>
      <symbol id="sm-4cd">
         <name>__divd</name>
         <value>0x256e8</value>
         <object_component_ref idref="oc-bb"/>
      </symbol>
      <symbol id="sm-4d7">
         <name>__fixdi</name>
         <value>0x27ce2</value>
         <object_component_ref idref="oc-bf"/>
      </symbol>
      <symbol id="sm-4e1">
         <name>__fixdli</name>
         <value>0x277af</value>
         <object_component_ref idref="oc-c3"/>
      </symbol>
      <symbol id="sm-4ed">
         <name>__fltlid</name>
         <value>0x27963</value>
         <object_component_ref idref="oc-c7"/>
      </symbol>
      <symbol id="sm-4f7">
         <name>_putchar</name>
         <value>0x27392</value>
         <object_component_ref idref="oc-cc"/>
      </symbol>
      <symbol id="sm-4f8">
         <name>_putc</name>
         <value>0x272fb</value>
         <object_component_ref idref="oc-cc"/>
      </symbol>
      <symbol id="sm-4f9">
         <name>_fputc</name>
         <value>0x272fb</value>
         <object_component_ref idref="oc-cc"/>
      </symbol>
      <symbol id="sm-507">
         <name>_puts</name>
         <value>0x2699f</value>
         <object_component_ref idref="oc-d0"/>
      </symbol>
      <symbol id="sm-508">
         <name>_fputs</name>
         <value>0x2686a</value>
         <object_component_ref idref="oc-d0"/>
      </symbol>
      <symbol id="sm-512">
         <name>__frcmpyd_div</name>
         <value>0x276ca</value>
         <object_component_ref idref="oc-d5"/>
      </symbol>
      <symbol id="sm-51c">
         <name>___isinf</name>
         <value>0x27d59</value>
         <object_component_ref idref="oc-d9"/>
      </symbol>
      <symbol id="sm-526">
         <name>__divull</name>
         <value>0x26183</value>
         <object_component_ref idref="oc-dd"/>
      </symbol>
      <symbol id="sm-527">
         <name>__mpylli</name>
         <value>0x260cb</value>
         <object_component_ref idref="oc-dd"/>
      </symbol>
      <symbol id="sm-528">
         <name>__remlli</name>
         <value>0x2609c</value>
         <object_component_ref idref="oc-dd"/>
      </symbol>
      <symbol id="sm-529">
         <name>__divlli</name>
         <value>0x26277</value>
         <object_component_ref idref="oc-dd"/>
      </symbol>
      <symbol id="sm-52a">
         <name>__remull</name>
         <value>0x2604e</value>
         <object_component_ref idref="oc-dd"/>
      </symbol>
      <symbol id="sm-53c">
         <name>_add_device</name>
         <value>0x24c1b</value>
         <object_component_ref idref="oc-e1"/>
      </symbol>
      <symbol id="sm-53d">
         <name>_rename</name>
         <value>0x2493d</value>
         <object_component_ref idref="oc-e1"/>
      </symbol>
      <symbol id="sm-53e">
         <name>_read</name>
         <value>0x249cc</value>
         <object_component_ref idref="oc-e1"/>
      </symbol>
      <symbol id="sm-53f">
         <name>_unlink</name>
         <value>0x2490a</value>
         <object_component_ref idref="oc-e1"/>
      </symbol>
      <symbol id="sm-540">
         <name>_remove_device</name>
         <value>0x24996</value>
         <object_component_ref idref="oc-e1"/>
      </symbol>
      <symbol id="sm-541">
         <name>_open</name>
         <value>0x24a7a</value>
         <object_component_ref idref="oc-e1"/>
      </symbol>
      <symbol id="sm-542">
         <name>_find_registered_device</name>
         <value>0x24b9f</value>
         <object_component_ref idref="oc-e1"/>
      </symbol>
      <symbol id="sm-543">
         <name>_lseek</name>
         <value>0x24b39</value>
         <object_component_ref idref="oc-e1"/>
      </symbol>
      <symbol id="sm-544">
         <name>_close</name>
         <value>0x24ba8</value>
         <object_component_ref idref="oc-e1"/>
      </symbol>
      <symbol id="sm-545">
         <name>_write</name>
         <value>0x247c8</value>
         <object_component_ref idref="oc-e1"/>
      </symbol>
      <symbol id="sm-54f">
         <name>_ltoa</name>
         <value>0x2755c</value>
         <object_component_ref idref="oc-e7"/>
      </symbol>
      <symbol id="sm-55a">
         <name>_memccpy</name>
         <value>0x27d36</value>
         <object_component_ref idref="oc-eb"/>
      </symbol>
      <symbol id="sm-562">
         <name>_memcpy</name>
         <value>0x27bf5</value>
         <object_component_ref idref="oc-ef"/>
      </symbol>
      <symbol id="sm-56c">
         <name>__mpyd</name>
         <value>0x26b20</value>
         <object_component_ref idref="oc-f3"/>
      </symbol>
      <symbol id="sm-576">
         <name>__negd</name>
         <value>0x27dbd</value>
         <object_component_ref idref="oc-f7"/>
      </symbol>
      <symbol id="sm-580">
         <name>__remli</name>
         <value>0x27b62</value>
         <object_component_ref idref="oc-fb"/>
      </symbol>
      <symbol id="sm-58a">
         <name>__subd</name>
         <value>0x27d73</value>
         <object_component_ref idref="oc-ff"/>
      </symbol>
      <symbol id="sm-596">
         <name>_HOSTopen</name>
         <value>0x25016</value>
         <object_component_ref idref="oc-103"/>
      </symbol>
      <symbol id="sm-597">
         <name>_HOSTread</name>
         <value>0x24f89</value>
         <object_component_ref idref="oc-103"/>
      </symbol>
      <symbol id="sm-598">
         <name>_HOSTtime</name>
         <value>0x24e7d</value>
         <object_component_ref idref="oc-103"/>
      </symbol>
      <symbol id="sm-599">
         <name>_getenv</name>
         <value>0x24d0b</value>
         <object_component_ref idref="oc-103"/>
      </symbol>
      <symbol id="sm-59a">
         <name>_HOSTrename</name>
         <value>0x24edb</value>
         <object_component_ref idref="oc-103"/>
      </symbol>
      <symbol id="sm-59b">
         <name>_HOSTclock</name>
         <value>0x251d5</value>
         <object_component_ref idref="oc-103"/>
      </symbol>
      <symbol id="sm-59c">
         <name>_HOSTwrite</name>
         <value>0x24d86</value>
         <object_component_ref idref="oc-103"/>
      </symbol>
      <symbol id="sm-59d">
         <name>_HOSTlseek</name>
         <value>0x250b5</value>
         <object_component_ref idref="oc-103"/>
      </symbol>
      <symbol id="sm-59e">
         <name>_HOSTunlink</name>
         <value>0x24e13</value>
         <object_component_ref idref="oc-103"/>
      </symbol>
      <symbol id="sm-59f">
         <name>_HOSTclose</name>
         <value>0x2516a</value>
         <object_component_ref idref="oc-103"/>
      </symbol>
      <symbol id="sm-5b1">
         <name>C$$IO$$</name>
         <value>0x2723c</value>
         <object_component_ref idref="oc-10b"/>
      </symbol>
      <symbol id="sm-5b2">
         <name>__CIOBUF_</name>
         <value>0x40000</value>
         <object_component_ref idref="oc-10a"/>
      </symbol>
      <symbol id="sm-5b3">
         <name>_readmsg</name>
         <value>0x2788b</value>
         <object_component_ref idref="oc-108"/>
      </symbol>
      <symbol id="sm-5b4">
         <name>_writemsg</name>
         <value>0x27187</value>
         <object_component_ref idref="oc-10b"/>
      </symbol>
      <symbol id="sm-5bc">
         <name>__remu</name>
         <value>0x27d21</value>
         <object_component_ref idref="oc-10e"/>
      </symbol>
      <symbol id="sm-5bd">
         <name>__divu</name>
         <value>0x27d0c</value>
         <object_component_ref idref="oc-10e"/>
      </symbol>
      <symbol id="sm-5be">
         <name>I$$UMOD</name>
         <value>0x27d21</value>
         <object_component_ref idref="oc-10e"/>
      </symbol>
      <symbol id="sm-5bf">
         <name>I$$UDIV</name>
         <value>0x27d0c</value>
         <object_component_ref idref="oc-10e"/>
      </symbol>
      <symbol id="sm-5c9">
         <name>__rd_ok</name>
         <value>0x26ed9</value>
         <object_component_ref idref="oc-112"/>
      </symbol>
      <symbol id="sm-5ca">
         <name>__wrt_ok</name>
         <value>0x26e59</value>
         <object_component_ref idref="oc-112"/>
      </symbol>
      <symbol id="sm-5d4">
         <name>__addd</name>
         <value>0x262ac</value>
         <object_component_ref idref="oc-116"/>
      </symbol>
      <symbol id="sm-5de">
         <name>__divli</name>
         <value>0x27bad</value>
         <object_component_ref idref="oc-11a"/>
      </symbol>
      <symbol id="sm-5e8">
         <name>__doflush</name>
         <value>0x270c5</value>
         <object_component_ref idref="oc-11e"/>
      </symbol>
      <symbol id="sm-5e9">
         <name>_fflush</name>
         <value>0x2712e</value>
         <object_component_ref idref="oc-11e"/>
      </symbol>
      <symbol id="sm-5f3">
         <name>__frcmpyd</name>
         <value>0x27654</value>
         <object_component_ref idref="oc-122"/>
      </symbol>
      <symbol id="sm-5fd">
         <name>_fseek</name>
         <value>0x278f8</value>
         <object_component_ref idref="oc-126"/>
      </symbol>
      <symbol id="sm-607">
         <name>_setvbuf</name>
         <value>0x26d73</value>
         <object_component_ref idref="oc-12a"/>
      </symbol>
      <symbol id="sm-616">
         <name>__cleanup</name>
         <value>0x25ef0</value>
         <object_component_ref idref="oc-12e"/>
      </symbol>
      <symbol id="sm-617">
         <name>_fopen</name>
         <value>0x26013</value>
         <object_component_ref idref="oc-12e"/>
      </symbol>
      <symbol id="sm-618">
         <name>_freopen</name>
         <value>0x25f4a</value>
         <object_component_ref idref="oc-12e"/>
      </symbol>
      <symbol id="sm-628">
         <name>__sys_memory</name>
         <value>0x5988</value>
         <object_component_ref idref="oc-138"/>
      </symbol>
      <symbol id="sm-629">
         <name>_chkheap</name>
         <value>0x256ba</value>
         <object_component_ref idref="oc-134"/>
      </symbol>
      <symbol id="sm-62a">
         <name>_realloc</name>
         <value>0x25459</value>
         <object_component_ref idref="oc-134"/>
      </symbol>
      <symbol id="sm-62b">
         <name>_free_memory</name>
         <value>0x25664</value>
         <object_component_ref idref="oc-134"/>
      </symbol>
      <symbol id="sm-62c">
         <name>_max_free</name>
         <value>0x2560a</value>
         <object_component_ref idref="oc-134"/>
      </symbol>
      <symbol id="sm-62d">
         <name>_free</name>
         <value>0x25233</value>
         <object_component_ref idref="oc-134"/>
      </symbol>
      <symbol id="sm-62e">
         <name>_calloc</name>
         <value>0x256c2</value>
         <object_component_ref idref="oc-134"/>
      </symbol>
      <symbol id="sm-62f">
         <name>_malloc</name>
         <value>0x25364</value>
         <object_component_ref idref="oc-134"/>
      </symbol>
      <symbol id="sm-630">
         <name>_minit</name>
         <value>0x252ff</value>
         <object_component_ref idref="oc-134"/>
      </symbol>
      <symbol id="sm-63a">
         <name>_fclose</name>
         <value>0x275d9</value>
         <object_component_ref idref="oc-13b"/>
      </symbol>
      <symbol id="sm-644">
         <name>_remove</name>
         <value>0x27dcd</value>
         <object_component_ref idref="oc-13f"/>
      </symbol>
   </symbol_table>
</link_info>
