<?xml version="1.0"?>
<link_info>
   <banner>TMS320C55x Linker PC v4.4.1</banner>
   <copyright>Copyright (c) 1996-2012 Texas Instruments Incorporated</copyright>
   <link_time>0x56d47e90</link_time>
   <output_file>Zadatak1.out</output_file>
   <entry_point>
      <name>_c_int00</name>
      <address>0x23f8d</address>
   </entry_point>
   <input_file_list>
      <input_file id="fl-2">
         <path>.\</path>
         <kind>object</kind>
         <file>filter_coeff.obj</file>
         <name>filter_coeff.obj</name>
      </input_file>
      <input_file id="fl-3">
         <path>.\</path>
         <kind>object</kind>
         <file>main.obj</file>
         <name>main.obj</name>
      </input_file>
      <input_file id="fl-4">
         <path>.\</path>
         <kind>object</kind>
         <file>processing.obj</file>
         <name>processing.obj</name>
      </input_file>
      <input_file id="fl-5">
         <path>.\</path>
         <kind>object</kind>
         <file>signal.obj</file>
         <name>signal.obj</name>
      </input_file>
      <input_file id="fl-e">
         <path>C:\ti6\ccsv6\tools\compiler\c5500_4.4.1\lib\</path>
         <kind>archive</kind>
         <file>rts55x.lib</file>
         <name>boot.obj</name>
      </input_file>
      <input_file id="fl-f">
         <path>C:\ti6\ccsv6\tools\compiler\c5500_4.4.1\lib\</path>
         <kind>archive</kind>
         <file>rts55x.lib</file>
         <name>exit.obj</name>
      </input_file>
      <input_file id="fl-10">
         <path>C:\ti6\ccsv6\tools\compiler\c5500_4.4.1\lib\</path>
         <kind>archive</kind>
         <file>rts55x.lib</file>
         <name>printf.obj</name>
      </input_file>
      <input_file id="fl-11">
         <path>C:\ti6\ccsv6\tools\compiler\c5500_4.4.1\lib\</path>
         <kind>archive</kind>
         <file>rts55x.lib</file>
         <name>vectors.obj</name>
      </input_file>
      <input_file id="fl-12">
         <path>C:\ti6\ccsv6\tools\compiler\c5500_4.4.1\lib\</path>
         <kind>archive</kind>
         <file>rts55x.lib</file>
         <name>_lock.obj</name>
      </input_file>
      <input_file id="fl-13">
         <path>C:\ti6\ccsv6\tools\compiler\c5500_4.4.1\lib\</path>
         <kind>archive</kind>
         <file>rts55x.lib</file>
         <name>_printfi.obj</name>
      </input_file>
      <input_file id="fl-14">
         <path>C:\ti6\ccsv6\tools\compiler\c5500_4.4.1\lib\</path>
         <kind>archive</kind>
         <file>rts55x.lib</file>
         <name>args_main.obj</name>
      </input_file>
      <input_file id="fl-15">
         <path>C:\ti6\ccsv6\tools\compiler\c5500_4.4.1\lib\</path>
         <kind>archive</kind>
         <file>rts55x.lib</file>
         <name>atoi.obj</name>
      </input_file>
      <input_file id="fl-16">
         <path>C:\ti6\ccsv6\tools\compiler\c5500_4.4.1\lib\</path>
         <kind>archive</kind>
         <file>rts55x.lib</file>
         <name>autoinit.obj</name>
      </input_file>
      <input_file id="fl-17">
         <path>C:\ti6\ccsv6\tools\compiler\c5500_4.4.1\lib\</path>
         <kind>archive</kind>
         <file>rts55x.lib</file>
         <name>cmpd.obj</name>
      </input_file>
      <input_file id="fl-18">
         <path>C:\ti6\ccsv6\tools\compiler\c5500_4.4.1\lib\</path>
         <kind>archive</kind>
         <file>rts55x.lib</file>
         <name>ctype.obj</name>
      </input_file>
      <input_file id="fl-19">
         <path>C:\ti6\ccsv6\tools\compiler\c5500_4.4.1\lib\</path>
         <kind>archive</kind>
         <file>rts55x.lib</file>
         <name>defs.obj</name>
      </input_file>
      <input_file id="fl-1a">
         <path>C:\ti6\ccsv6\tools\compiler\c5500_4.4.1\lib\</path>
         <kind>archive</kind>
         <file>rts55x.lib</file>
         <name>divd.obj</name>
      </input_file>
      <input_file id="fl-1b">
         <path>C:\ti6\ccsv6\tools\compiler\c5500_4.4.1\lib\</path>
         <kind>archive</kind>
         <file>rts55x.lib</file>
         <name>divul.obj</name>
      </input_file>
      <input_file id="fl-1c">
         <path>C:\ti6\ccsv6\tools\compiler\c5500_4.4.1\lib\</path>
         <kind>archive</kind>
         <file>rts55x.lib</file>
         <name>fixdi.obj</name>
      </input_file>
      <input_file id="fl-1d">
         <path>C:\ti6\ccsv6\tools\compiler\c5500_4.4.1\lib\</path>
         <kind>archive</kind>
         <file>rts55x.lib</file>
         <name>fixdli.obj</name>
      </input_file>
      <input_file id="fl-1e">
         <path>C:\ti6\ccsv6\tools\compiler\c5500_4.4.1\lib\</path>
         <kind>archive</kind>
         <file>rts55x.lib</file>
         <name>fltlid.obj</name>
      </input_file>
      <input_file id="fl-1f">
         <path>C:\ti6\ccsv6\tools\compiler\c5500_4.4.1\lib\</path>
         <kind>archive</kind>
         <file>rts55x.lib</file>
         <name>fputc.obj</name>
      </input_file>
      <input_file id="fl-20">
         <path>C:\ti6\ccsv6\tools\compiler\c5500_4.4.1\lib\</path>
         <kind>archive</kind>
         <file>rts55x.lib</file>
         <name>fputs.obj</name>
      </input_file>
      <input_file id="fl-21">
         <path>C:\ti6\ccsv6\tools\compiler\c5500_4.4.1\lib\</path>
         <kind>archive</kind>
         <file>rts55x.lib</file>
         <name>frcmpyd_div.obj</name>
      </input_file>
      <input_file id="fl-22">
         <path>C:\ti6\ccsv6\tools\compiler\c5500_4.4.1\lib\</path>
         <kind>archive</kind>
         <file>rts55x.lib</file>
         <name>isinf.obj</name>
      </input_file>
      <input_file id="fl-23">
         <path>C:\ti6\ccsv6\tools\compiler\c5500_4.4.1\lib\</path>
         <kind>archive</kind>
         <file>rts55x.lib</file>
         <name>llmpy.obj</name>
      </input_file>
      <input_file id="fl-24">
         <path>C:\ti6\ccsv6\tools\compiler\c5500_4.4.1\lib\</path>
         <kind>archive</kind>
         <file>rts55x.lib</file>
         <name>lmpy.obj</name>
      </input_file>
      <input_file id="fl-25">
         <path>C:\ti6\ccsv6\tools\compiler\c5500_4.4.1\lib\</path>
         <kind>archive</kind>
         <file>rts55x.lib</file>
         <name>lowlev.obj</name>
      </input_file>
      <input_file id="fl-26">
         <path>C:\ti6\ccsv6\tools\compiler\c5500_4.4.1\lib\</path>
         <kind>archive</kind>
         <file>rts55x.lib</file>
         <name>ltoa.obj</name>
      </input_file>
      <input_file id="fl-27">
         <path>C:\ti6\ccsv6\tools\compiler\c5500_4.4.1\lib\</path>
         <kind>archive</kind>
         <file>rts55x.lib</file>
         <name>memccpy.obj</name>
      </input_file>
      <input_file id="fl-28">
         <path>C:\ti6\ccsv6\tools\compiler\c5500_4.4.1\lib\</path>
         <kind>archive</kind>
         <file>rts55x.lib</file>
         <name>memcpy.obj</name>
      </input_file>
      <input_file id="fl-29">
         <path>C:\ti6\ccsv6\tools\compiler\c5500_4.4.1\lib\</path>
         <kind>archive</kind>
         <file>rts55x.lib</file>
         <name>mpyd.obj</name>
      </input_file>
      <input_file id="fl-2a">
         <path>C:\ti6\ccsv6\tools\compiler\c5500_4.4.1\lib\</path>
         <kind>archive</kind>
         <file>rts55x.lib</file>
         <name>negd.obj</name>
      </input_file>
      <input_file id="fl-2b">
         <path>C:\ti6\ccsv6\tools\compiler\c5500_4.4.1\lib\</path>
         <kind>archive</kind>
         <file>rts55x.lib</file>
         <name>remli.obj</name>
      </input_file>
      <input_file id="fl-2c">
         <path>C:\ti6\ccsv6\tools\compiler\c5500_4.4.1\lib\</path>
         <kind>archive</kind>
         <file>rts55x.lib</file>
         <name>remul.obj</name>
      </input_file>
      <input_file id="fl-2d">
         <path>C:\ti6\ccsv6\tools\compiler\c5500_4.4.1\lib\</path>
         <kind>archive</kind>
         <file>rts55x.lib</file>
         <name>subd.obj</name>
      </input_file>
      <input_file id="fl-2e">
         <path>C:\ti6\ccsv6\tools\compiler\c5500_4.4.1\lib\</path>
         <kind>archive</kind>
         <file>rts55x.lib</file>
         <name>trgdrv.obj</name>
      </input_file>
      <input_file id="fl-2f">
         <path>C:\ti6\ccsv6\tools\compiler\c5500_4.4.1\lib\</path>
         <kind>archive</kind>
         <file>rts55x.lib</file>
         <name>trgmsg.obj</name>
      </input_file>
      <input_file id="fl-30">
         <path>C:\ti6\ccsv6\tools\compiler\c5500_4.4.1\lib\</path>
         <kind>archive</kind>
         <file>rts55x.lib</file>
         <name>udiv.obj</name>
      </input_file>
      <input_file id="fl-31">
         <path>C:\ti6\ccsv6\tools\compiler\c5500_4.4.1\lib\</path>
         <kind>archive</kind>
         <file>rts55x.lib</file>
         <name>_io_perm.obj</name>
      </input_file>
      <input_file id="fl-32">
         <path>C:\ti6\ccsv6\tools\compiler\c5500_4.4.1\lib\</path>
         <kind>archive</kind>
         <file>rts55x.lib</file>
         <name>addd.obj</name>
      </input_file>
      <input_file id="fl-33">
         <path>C:\ti6\ccsv6\tools\compiler\c5500_4.4.1\lib\</path>
         <kind>archive</kind>
         <file>rts55x.lib</file>
         <name>divli.obj</name>
      </input_file>
      <input_file id="fl-34">
         <path>C:\ti6\ccsv6\tools\compiler\c5500_4.4.1\lib\</path>
         <kind>archive</kind>
         <file>rts55x.lib</file>
         <name>fflush.obj</name>
      </input_file>
      <input_file id="fl-35">
         <path>C:\ti6\ccsv6\tools\compiler\c5500_4.4.1\lib\</path>
         <kind>archive</kind>
         <file>rts55x.lib</file>
         <name>frcmpyd.obj</name>
      </input_file>
      <input_file id="fl-36">
         <path>C:\ti6\ccsv6\tools\compiler\c5500_4.4.1\lib\</path>
         <kind>archive</kind>
         <file>rts55x.lib</file>
         <name>fseek.obj</name>
      </input_file>
      <input_file id="fl-37">
         <path>C:\ti6\ccsv6\tools\compiler\c5500_4.4.1\lib\</path>
         <kind>archive</kind>
         <file>rts55x.lib</file>
         <name>setvbuf.obj</name>
      </input_file>
      <input_file id="fl-38">
         <path>C:\ti6\ccsv6\tools\compiler\c5500_4.4.1\lib\</path>
         <kind>archive</kind>
         <file>rts55x.lib</file>
         <name>fopen.obj</name>
      </input_file>
      <input_file id="fl-39">
         <path>C:\ti6\ccsv6\tools\compiler\c5500_4.4.1\lib\</path>
         <kind>archive</kind>
         <file>rts55x.lib</file>
         <name>memory.obj</name>
      </input_file>
      <input_file id="fl-3a">
         <path>C:\ti6\ccsv6\tools\compiler\c5500_4.4.1\lib\</path>
         <kind>archive</kind>
         <file>rts55x.lib</file>
         <name>fclose.obj</name>
      </input_file>
      <input_file id="fl-3b">
         <path>C:\ti6\ccsv6\tools\compiler\c5500_4.4.1\lib\</path>
         <kind>archive</kind>
         <file>rts55x.lib</file>
         <name>remove.obj</name>
      </input_file>
   </input_file_list>
   <object_component_list>
      <object_component id="oc-3e">
         <name>.text</name>
         <load_address>0x20000</load_address>
         <run_address>0x20000</run_address>
         <size>0x15a4</size>
         <input_file_ref idref="fl-13"/>
      </object_component>
      <object_component id="oc-88">
         <name>.text</name>
         <load_address>0x215a4</load_address>
         <run_address>0x215a4</run_address>
         <size>0x543</size>
         <input_file_ref idref="fl-25"/>
      </object_component>
      <object_component id="oc-ae">
         <name>.text</name>
         <load_address>0x21ae7</load_address>
         <run_address>0x21ae7</run_address>
         <size>0x528</size>
         <input_file_ref idref="fl-2e"/>
      </object_component>
      <object_component id="oc-df">
         <name>.text</name>
         <load_address>0x2200f</load_address>
         <run_address>0x2200f</run_address>
         <size>0x4b5</size>
         <input_file_ref idref="fl-39"/>
      </object_component>
      <object_component id="oc-5a">
         <name>.text</name>
         <load_address>0x224c4</load_address>
         <run_address>0x224c4</run_address>
         <size>0x3cc</size>
         <input_file_ref idref="fl-1a"/>
      </object_component>
      <object_component id="oc-d9">
         <name>.text</name>
         <load_address>0x22890</load_address>
         <run_address>0x22890</run_address>
         <size>0x27f</size>
         <input_file_ref idref="fl-38"/>
      </object_component>
      <object_component id="oc-80">
         <name>.text</name>
         <load_address>0x22b0f</load_address>
         <run_address>0x22b0f</run_address>
         <size>0x25e</size>
         <input_file_ref idref="fl-23"/>
      </object_component>
      <object_component id="oc-c1">
         <name>.text</name>
         <load_address>0x22d6d</load_address>
         <run_address>0x22d6d</run_address>
         <size>0x25a</size>
         <input_file_ref idref="fl-32"/>
      </object_component>
      <object_component id="oc-50">
         <name>.text</name>
         <load_address>0x22fc7</load_address>
         <run_address>0x22fc7</run_address>
         <size>0x1ea</size>
         <input_file_ref idref="fl-17"/>
      </object_component>
      <object_component id="oc-73">
         <name>.text</name>
         <load_address>0x231b1</load_address>
         <run_address>0x231b1</run_address>
         <size>0x163</size>
         <input_file_ref idref="fl-20"/>
      </object_component>
      <object_component id="oc-9a">
         <name>.text</name>
         <load_address>0x23314</load_address>
         <run_address>0x23314</run_address>
         <size>0x14c</size>
         <input_file_ref idref="fl-29"/>
      </object_component>
      <object_component id="oc-d5">
         <name>.text</name>
         <load_address>0x23460</load_address>
         <run_address>0x23460</run_address>
         <size>0xe6</size>
         <input_file_ref idref="fl-37"/>
      </object_component>
      <object_component id="oc-bd">
         <name>.text</name>
         <load_address>0x23546</load_address>
         <run_address>0x23546</run_address>
         <size>0xdd</size>
         <input_file_ref idref="fl-31"/>
      </object_component>
      <object_component id="oc-c9">
         <name>.text</name>
         <load_address>0x23623</load_address>
         <run_address>0x23623</run_address>
         <size>0xc2</size>
         <input_file_ref idref="fl-34"/>
      </object_component>
      <object_component id="oc-b6">
         <name>.text:CIO_breakpoint</name>
         <load_address>0x236e5</load_address>
         <run_address>0x236e5</run_address>
         <size>0xba</size>
         <input_file_ref idref="fl-2f"/>
      </object_component>
      <object_component id="oc-6f">
         <name>.text</name>
         <load_address>0x2379f</load_address>
         <run_address>0x2379f</run_address>
         <size>0xa6</size>
         <input_file_ref idref="fl-1f"/>
      </object_component>
      <object_component id="oc-5e">
         <name>.text</name>
         <load_address>0x23845</load_address>
         <run_address>0x23845</run_address>
         <size>0xa1</size>
         <input_file_ref idref="fl-1b"/>
      </object_component>
      <object_component id="oc-8e">
         <name>.text</name>
         <load_address>0x238e6</load_address>
         <run_address>0x238e6</run_address>
         <size>0x7d</size>
         <input_file_ref idref="fl-26"/>
      </object_component>
      <object_component id="oc-e6">
         <name>.text</name>
         <load_address>0x23963</load_address>
         <run_address>0x23963</run_address>
         <size>0x7b</size>
         <input_file_ref idref="fl-3a"/>
      </object_component>
      <object_component id="oc-cd">
         <name>.text</name>
         <load_address>0x239de</load_address>
         <run_address>0x239de</run_address>
         <size>0x76</size>
         <input_file_ref idref="fl-35"/>
      </object_component>
      <object_component id="oc-78">
         <name>.text</name>
         <load_address>0x23a54</load_address>
         <run_address>0x23a54</run_address>
         <size>0x73</size>
         <input_file_ref idref="fl-21"/>
      </object_component>
      <object_component id="oc-a6">
         <name>.text</name>
         <load_address>0x23ac7</load_address>
         <run_address>0x23ac7</run_address>
         <size>0x72</size>
         <input_file_ref idref="fl-2c"/>
      </object_component>
      <object_component id="oc-66">
         <name>.text</name>
         <load_address>0x23b39</load_address>
         <run_address>0x23b39</run_address>
         <size>0x6f</size>
         <input_file_ref idref="fl-1d"/>
      </object_component>
      <object_component id="oc-b3">
         <name>.text</name>
         <load_address>0x23ba8</load_address>
         <run_address>0x23ba8</run_address>
         <size>0x6d</size>
         <input_file_ref idref="fl-2f"/>
      </object_component>
      <object_component id="oc-d1">
         <name>.text</name>
         <load_address>0x23c15</load_address>
         <run_address>0x23c15</run_address>
         <size>0x6b</size>
         <input_file_ref idref="fl-36"/>
      </object_component>
      <object_component id="oc-6a">
         <name>.text</name>
         <load_address>0x23c80</load_address>
         <run_address>0x23c80</run_address>
         <size>0x67</size>
         <input_file_ref idref="fl-1e"/>
      </object_component>
      <object_component id="oc-48">
         <name>.text</name>
         <load_address>0x23ce7</load_address>
         <run_address>0x23ce7</run_address>
         <size>0x5c</size>
         <input_file_ref idref="fl-15"/>
      </object_component>
      <object_component id="oc-1c">
         <name>.text</name>
         <load_address>0x23d43</load_address>
         <run_address>0x23d43</run_address>
         <size>0x52</size>
         <input_file_ref idref="fl-4"/>
      </object_component>
      <object_component id="oc-30">
         <name>.text</name>
         <load_address>0x23d95</load_address>
         <run_address>0x23d95</run_address>
         <size>0x50</size>
         <input_file_ref idref="fl-10"/>
      </object_component>
      <object_component id="oc-4c">
         <name>.text</name>
         <load_address>0x23de5</load_address>
         <run_address>0x23de5</run_address>
         <size>0x4d</size>
         <input_file_ref idref="fl-16"/>
      </object_component>
      <object_component id="oc-44">
         <name>.text</name>
         <load_address>0x23e32</load_address>
         <run_address>0x23e32</run_address>
         <size>0x4b</size>
         <input_file_ref idref="fl-14"/>
      </object_component>
      <object_component id="oc-a2">
         <name>.text</name>
         <load_address>0x23e7d</load_address>
         <run_address>0x23e7d</run_address>
         <size>0x4b</size>
         <input_file_ref idref="fl-2b"/>
      </object_component>
      <object_component id="oc-c5">
         <name>.text</name>
         <load_address>0x23ec8</load_address>
         <run_address>0x23ec8</run_address>
         <size>0x48</size>
         <input_file_ref idref="fl-33"/>
      </object_component>
      <object_component id="oc-96">
         <name>.text</name>
         <load_address>0x23f10</load_address>
         <run_address>0x23f10</run_address>
         <size>0x3f</size>
         <input_file_ref idref="fl-28"/>
      </object_component>
      <object_component id="oc-29">
         <name>.text</name>
         <load_address>0x23f4f</load_address>
         <run_address>0x23f4f</run_address>
         <size>0x3e</size>
         <input_file_ref idref="fl-f"/>
      </object_component>
      <object_component id="oc-10">
         <name>.text</name>
         <load_address>0x23f8d</load_address>
         <run_address>0x23f8d</run_address>
         <size>0x34</size>
         <input_file_ref idref="fl-e"/>
      </object_component>
      <object_component id="oc-62">
         <name>.text</name>
         <load_address>0x23fc1</load_address>
         <run_address>0x23fc1</run_address>
         <size>0x2a</size>
         <input_file_ref idref="fl-1c"/>
      </object_component>
      <object_component id="oc-b9">
         <name>.text</name>
         <load_address>0x23feb</load_address>
         <run_address>0x23feb</run_address>
         <size>0x2a</size>
         <input_file_ref idref="fl-30"/>
      </object_component>
      <object_component id="oc-92">
         <name>.text</name>
         <load_address>0x24015</load_address>
         <run_address>0x24015</run_address>
         <size>0x23</size>
         <input_file_ref idref="fl-27"/>
      </object_component>
      <object_component id="oc-16">
         <name>.text</name>
         <load_address>0x24038</load_address>
         <run_address>0x24038</run_address>
         <size>0x1e</size>
         <input_file_ref idref="fl-3"/>
      </object_component>
      <object_component id="oc-7c">
         <name>.text</name>
         <load_address>0x24056</load_address>
         <run_address>0x24056</run_address>
         <size>0x1a</size>
         <input_file_ref idref="fl-22"/>
      </object_component>
      <object_component id="oc-aa">
         <name>.text</name>
         <load_address>0x24070</load_address>
         <run_address>0x24070</run_address>
         <size>0x14</size>
         <input_file_ref idref="fl-2d"/>
      </object_component>
      <object_component id="oc-84">
         <name>.text</name>
         <load_address>0x24084</load_address>
         <run_address>0x24084</run_address>
         <size>0x13</size>
         <input_file_ref idref="fl-24"/>
      </object_component>
      <object_component id="oc-38">
         <name>.text</name>
         <load_address>0x24097</load_address>
         <run_address>0x24097</run_address>
         <size>0x12</size>
         <input_file_ref idref="fl-12"/>
      </object_component>
      <object_component id="oc-9e">
         <name>.text</name>
         <load_address>0x240a9</load_address>
         <run_address>0x240a9</run_address>
         <size>0x10</size>
         <input_file_ref idref="fl-2a"/>
      </object_component>
      <object_component id="oc-ea">
         <name>.text</name>
         <load_address>0x240b9</load_address>
         <run_address>0x240b9</run_address>
         <size>0xa</size>
         <input_file_ref idref="fl-3b"/>
      </object_component>
      <object_component id="oc-2d">
         <name>.text:CIO_breakpoint</name>
         <load_address>0x240c3</load_address>
         <run_address>0x240c3</run_address>
         <size>0x7</size>
         <input_file_ref idref="fl-f"/>
      </object_component>
      <object_component id="oc-34">
         <name>.text</name>
         <load_address>0x240ca</load_address>
         <run_address>0x240ca</run_address>
         <size>0x2</size>
         <input_file_ref idref="fl-11"/>
      </object_component>
      <object_component id="oc-25">
         <name>.stack</name>
         <uninitialized>true</uninitialized>
         <run_address>0xc0</run_address>
         <size>0x0</size>
         <input_file_ref idref="fl-e"/>
      </object_component>
      <object_component id="oc-108">
         <name>.stack</name>
         <uninitialized>true</uninitialized>
         <run_address>0xc0</run_address>
         <size>0x0</size>
      </object_component>
      <object_component id="oc-ee">
         <name>.sysstack</name>
         <uninitialized>true</uninitialized>
         <run_address>0x20c0</run_address>
         <size>0x0</size>
         <input_file_ref idref="fl-e"/>
      </object_component>
      <object_component id="oc-10a">
         <name>.sysstack</name>
         <uninitialized>true</uninitialized>
         <run_address>0x20c0</run_address>
         <size>0x0</size>
      </object_component>
      <object_component id="oc-21">
         <name>.bss</name>
         <uninitialized>true</uninitialized>
         <run_address>0x50c0</run_address>
         <size>0xa00</size>
         <input_file_ref idref="fl-5"/>
      </object_component>
      <object_component id="oc-56">
         <name>.bss</name>
         <uninitialized>true</uninitialized>
         <run_address>0x5ac0</run_address>
         <size>0x232</size>
         <input_file_ref idref="fl-19"/>
      </object_component>
      <object_component id="oc-af">
         <name>.bss</name>
         <uninitialized>true</uninitialized>
         <run_address>0x5cf2</run_address>
         <size>0x1a0</size>
         <input_file_ref idref="fl-2e"/>
      </object_component>
      <object_component id="oc-da">
         <name>.bss</name>
         <uninitialized>true</uninitialized>
         <run_address>0x5e92</run_address>
         <size>0x2</size>
         <input_file_ref idref="fl-38"/>
      </object_component>
      <object_component id="oc-89">
         <name>.bss</name>
         <uninitialized>true</uninitialized>
         <run_address>0x5e94</run_address>
         <size>0xe2</size>
         <input_file_ref idref="fl-25"/>
      </object_component>
      <object_component id="oc-12">
         <name>.bss</name>
         <uninitialized>true</uninitialized>
         <run_address>0x5f76</run_address>
         <size>0x2a</size>
         <input_file_ref idref="fl-2"/>
      </object_component>
      <object_component id="oc-e0">
         <name>.bss</name>
         <uninitialized>true</uninitialized>
         <run_address>0x5fa0</run_address>
         <size>0xc</size>
         <input_file_ref idref="fl-39"/>
      </object_component>
      <object_component id="oc-39">
         <name>.bss</name>
         <uninitialized>true</uninitialized>
         <run_address>0x5fac</run_address>
         <size>0x8</size>
         <input_file_ref idref="fl-12"/>
      </object_component>
      <object_component id="oc-2a">
         <name>.bss</name>
         <uninitialized>true</uninitialized>
         <run_address>0x5fb4</run_address>
         <size>0x8</size>
         <input_file_ref idref="fl-f"/>
      </object_component>
      <object_component id="oc-ef">
         <name>.const:__ctypes_</name>
         <load_address>0x5fbc</load_address>
         <run_address>0x5fbc</run_address>
         <size>0x202</size>
         <input_file_ref idref="fl-18"/>
      </object_component>
      <object_component id="oc-18">
         <name>.const:.string</name>
         <load_address>0x61c0</load_address>
         <run_address>0x61c0</run_address>
         <size>0x92</size>
         <input_file_ref idref="fl-3"/>
      </object_component>
      <object_component id="oc-41">
         <name>.const:.string</name>
         <load_address>0x6254</load_address>
         <run_address>0x6254</run_address>
         <size>0x48</size>
         <input_file_ref idref="fl-13"/>
      </object_component>
      <object_component id="oc-40">
         <name>.const</name>
         <load_address>0x629c</load_address>
         <run_address>0x629c</run_address>
         <size>0x18</size>
         <input_file_ref idref="fl-13"/>
      </object_component>
      <object_component id="oc-f0">
         <name>.const:_initial_approx$1</name>
         <load_address>0x62b4</load_address>
         <run_address>0x62b4</run_address>
         <size>0x10</size>
         <input_file_ref idref="fl-1a"/>
      </object_component>
      <object_component id="oc-75">
         <name>.const:.string</name>
         <load_address>0x62c4</load_address>
         <run_address>0x62c4</run_address>
         <size>0x4</size>
         <input_file_ref idref="fl-20"/>
      </object_component>
      <object_component id="oc-6c">
         <name>.const</name>
         <load_address>0x62c8</load_address>
         <run_address>0x62c8</run_address>
         <size>0x4</size>
         <input_file_ref idref="fl-1e"/>
      </object_component>
      <object_component id="oc-e3">
         <name>.sysmem</name>
         <uninitialized>true</uninitialized>
         <run_address>0x30c0</run_address>
         <size>0x0</size>
         <input_file_ref idref="fl-39"/>
      </object_component>
      <object_component id="oc-109">
         <name>.sysmem</name>
         <uninitialized>true</uninitialized>
         <run_address>0x30c0</run_address>
         <size>0x0</size>
      </object_component>
      <object_component id="oc-23">
         <name>.cinit</name>
         <load_address>0x40000</load_address>
         <run_address>0x40000</run_address>
         <size>0xa0c</size>
         <input_file_ref idref="fl-5"/>
      </object_component>
      <object_component id="oc-8b">
         <name>.cinit</name>
         <load_address>0x40a0c</load_address>
         <run_address>0x40a0c</run_address>
         <size>0x5a</size>
         <input_file_ref idref="fl-25"/>
      </object_component>
      <object_component id="oc-58">
         <name>.cinit</name>
         <load_address>0x40a66</load_address>
         <run_address>0x40a66</run_address>
         <size>0x54</size>
         <input_file_ref idref="fl-19"/>
      </object_component>
      <object_component id="oc-14">
         <name>.cinit</name>
         <load_address>0x40aba</load_address>
         <run_address>0x40aba</run_address>
         <size>0x30</size>
         <input_file_ref idref="fl-2"/>
      </object_component>
      <object_component id="oc-3b">
         <name>.cinit</name>
         <load_address>0x40aea</load_address>
         <run_address>0x40aea</run_address>
         <size>0x14</size>
         <input_file_ref idref="fl-12"/>
      </object_component>
      <object_component id="oc-2c">
         <name>.cinit</name>
         <load_address>0x40afe</load_address>
         <run_address>0x40afe</run_address>
         <size>0x14</size>
         <input_file_ref idref="fl-f"/>
      </object_component>
      <object_component id="oc-dc">
         <name>.cinit</name>
         <load_address>0x40b12</load_address>
         <run_address>0x40b12</run_address>
         <size>0x8</size>
         <input_file_ref idref="fl-38"/>
      </object_component>
      <object_component id="oc-e2">
         <name>.cinit</name>
         <load_address>0x40b1a</load_address>
         <run_address>0x40b1a</run_address>
         <size>0x8</size>
         <input_file_ref idref="fl-39"/>
      </object_component>
      <object_component id="oc-b5">
         <name>.cio</name>
         <uninitialized>true</uninitialized>
         <run_address>0x40b28</run_address>
         <size>0x240</size>
         <input_file_ref idref="fl-2f"/>
      </object_component>
      <object_component id="oc-11">
         <name>vectors</name>
         <load_address>0x4fe00</load_address>
         <run_address>0x4fe00</run_address>
         <size>0x100</size>
         <input_file_ref idref="fl-11"/>
      </object_component>
      <object_component id="oc-13">
         <name>.debug_info</name>
         <load_address>0x0</load_address>
         <run_address>0x0</run_address>
         <size>0x4b0</size>
         <input_file_ref idref="fl-2"/>
      </object_component>
      <object_component id="oc-17">
         <name>.debug_info</name>
         <load_address>0x4b0</load_address>
         <run_address>0x4b0</run_address>
         <size>0x557</size>
         <input_file_ref idref="fl-3"/>
      </object_component>
      <object_component id="oc-1d">
         <name>.debug_info</name>
         <load_address>0xa07</load_address>
         <run_address>0xa07</run_address>
         <size>0x8da</size>
         <input_file_ref idref="fl-4"/>
      </object_component>
      <object_component id="oc-22">
         <name>.debug_info</name>
         <load_address>0x12e1</load_address>
         <run_address>0x12e1</run_address>
         <size>0x4d0</size>
         <input_file_ref idref="fl-5"/>
      </object_component>
      <object_component id="oc-26">
         <name>.debug_info</name>
         <load_address>0x17b1</load_address>
         <run_address>0x17b1</run_address>
         <size>0xe8</size>
         <input_file_ref idref="fl-e"/>
      </object_component>
      <object_component id="oc-2b">
         <name>.debug_info</name>
         <load_address>0x1899</load_address>
         <run_address>0x1899</run_address>
         <size>0x5fb</size>
         <input_file_ref idref="fl-f"/>
      </object_component>
      <object_component id="oc-31">
         <name>.debug_info</name>
         <load_address>0x1e94</load_address>
         <run_address>0x1e94</run_address>
         <size>0x76c</size>
         <input_file_ref idref="fl-10"/>
      </object_component>
      <object_component id="oc-35">
         <name>.debug_info</name>
         <load_address>0x2600</load_address>
         <run_address>0x2600</run_address>
         <size>0xbc</size>
         <input_file_ref idref="fl-11"/>
      </object_component>
      <object_component id="oc-3a">
         <name>.debug_info</name>
         <load_address>0x26bc</load_address>
         <run_address>0x26bc</run_address>
         <size>0x5bc</size>
         <input_file_ref idref="fl-12"/>
      </object_component>
      <object_component id="oc-3f">
         <name>.debug_info</name>
         <load_address>0x2c78</load_address>
         <run_address>0x2c78</run_address>
         <size>0x27bd</size>
         <input_file_ref idref="fl-13"/>
      </object_component>
      <object_component id="oc-45">
         <name>.debug_info</name>
         <load_address>0x5435</load_address>
         <run_address>0x5435</run_address>
         <size>0x586</size>
         <input_file_ref idref="fl-14"/>
      </object_component>
      <object_component id="oc-49">
         <name>.debug_info</name>
         <load_address>0x59bb</load_address>
         <run_address>0x59bb</run_address>
         <size>0x5a4</size>
         <input_file_ref idref="fl-15"/>
      </object_component>
      <object_component id="oc-4d">
         <name>.debug_info</name>
         <load_address>0x5f5f</load_address>
         <run_address>0x5f5f</run_address>
         <size>0xcd</size>
         <input_file_ref idref="fl-16"/>
      </object_component>
      <object_component id="oc-51">
         <name>.debug_info</name>
         <load_address>0x602c</load_address>
         <run_address>0x602c</run_address>
         <size>0x81f</size>
         <input_file_ref idref="fl-17"/>
      </object_component>
      <object_component id="oc-54">
         <name>.debug_info</name>
         <load_address>0x684b</load_address>
         <run_address>0x684b</run_address>
         <size>0x498</size>
         <input_file_ref idref="fl-18"/>
      </object_component>
      <object_component id="oc-57">
         <name>.debug_info</name>
         <load_address>0x6ce3</load_address>
         <run_address>0x6ce3</run_address>
         <size>0x57e</size>
         <input_file_ref idref="fl-19"/>
      </object_component>
      <object_component id="oc-5b">
         <name>.debug_info</name>
         <load_address>0x7261</load_address>
         <run_address>0x7261</run_address>
         <size>0x7e8</size>
         <input_file_ref idref="fl-1a"/>
      </object_component>
      <object_component id="oc-5f">
         <name>.debug_info</name>
         <load_address>0x7a49</load_address>
         <run_address>0x7a49</run_address>
         <size>0x534</size>
         <input_file_ref idref="fl-1b"/>
      </object_component>
      <object_component id="oc-63">
         <name>.debug_info</name>
         <load_address>0x7f7d</load_address>
         <run_address>0x7f7d</run_address>
         <size>0x4cf</size>
         <input_file_ref idref="fl-1c"/>
      </object_component>
      <object_component id="oc-67">
         <name>.debug_info</name>
         <load_address>0x844c</load_address>
         <run_address>0x844c</run_address>
         <size>0x534</size>
         <input_file_ref idref="fl-1d"/>
      </object_component>
      <object_component id="oc-6b">
         <name>.debug_info</name>
         <load_address>0x8980</load_address>
         <run_address>0x8980</run_address>
         <size>0x549</size>
         <input_file_ref idref="fl-1e"/>
      </object_component>
      <object_component id="oc-70">
         <name>.debug_info</name>
         <load_address>0x8ec9</load_address>
         <run_address>0x8ec9</run_address>
         <size>0x6aa</size>
         <input_file_ref idref="fl-1f"/>
      </object_component>
      <object_component id="oc-74">
         <name>.debug_info</name>
         <load_address>0x9573</load_address>
         <run_address>0x9573</run_address>
         <size>0x942</size>
         <input_file_ref idref="fl-20"/>
      </object_component>
      <object_component id="oc-79">
         <name>.debug_info</name>
         <load_address>0x9eb5</load_address>
         <run_address>0x9eb5</run_address>
         <size>0x53e</size>
         <input_file_ref idref="fl-21"/>
      </object_component>
      <object_component id="oc-7d">
         <name>.debug_info</name>
         <load_address>0xa3f3</load_address>
         <run_address>0xa3f3</run_address>
         <size>0x680</size>
         <input_file_ref idref="fl-22"/>
      </object_component>
      <object_component id="oc-81">
         <name>.debug_info</name>
         <load_address>0xaa73</load_address>
         <run_address>0xaa73</run_address>
         <size>0x7d4</size>
         <input_file_ref idref="fl-23"/>
      </object_component>
      <object_component id="oc-85">
         <name>.debug_info</name>
         <load_address>0xb247</load_address>
         <run_address>0xb247</run_address>
         <size>0xbd</size>
         <input_file_ref idref="fl-24"/>
      </object_component>
      <object_component id="oc-8a">
         <name>.debug_info</name>
         <load_address>0xb304</load_address>
         <run_address>0xb304</run_address>
         <size>0x144b</size>
         <input_file_ref idref="fl-25"/>
      </object_component>
      <object_component id="oc-8f">
         <name>.debug_info</name>
         <load_address>0xc74f</load_address>
         <run_address>0xc74f</run_address>
         <size>0x5ad</size>
         <input_file_ref idref="fl-26"/>
      </object_component>
      <object_component id="oc-93">
         <name>.debug_info</name>
         <load_address>0xccfc</load_address>
         <run_address>0xccfc</run_address>
         <size>0x574</size>
         <input_file_ref idref="fl-27"/>
      </object_component>
      <object_component id="oc-97">
         <name>.debug_info</name>
         <load_address>0xd270</load_address>
         <run_address>0xd270</run_address>
         <size>0xd1</size>
         <input_file_ref idref="fl-28"/>
      </object_component>
      <object_component id="oc-9b">
         <name>.debug_info</name>
         <load_address>0xd341</load_address>
         <run_address>0xd341</run_address>
         <size>0x55b</size>
         <input_file_ref idref="fl-29"/>
      </object_component>
      <object_component id="oc-9f">
         <name>.debug_info</name>
         <load_address>0xd89c</load_address>
         <run_address>0xd89c</run_address>
         <size>0x4b7</size>
         <input_file_ref idref="fl-2a"/>
      </object_component>
      <object_component id="oc-a3">
         <name>.debug_info</name>
         <load_address>0xdd53</load_address>
         <run_address>0xdd53</run_address>
         <size>0x4f2</size>
         <input_file_ref idref="fl-2b"/>
      </object_component>
      <object_component id="oc-a7">
         <name>.debug_info</name>
         <load_address>0xe245</load_address>
         <run_address>0xe245</run_address>
         <size>0x534</size>
         <input_file_ref idref="fl-2c"/>
      </object_component>
      <object_component id="oc-ab">
         <name>.debug_info</name>
         <load_address>0xe779</load_address>
         <run_address>0xe779</run_address>
         <size>0x4de</size>
         <input_file_ref idref="fl-2d"/>
      </object_component>
      <object_component id="oc-b0">
         <name>.debug_info</name>
         <load_address>0xec57</load_address>
         <run_address>0xec57</run_address>
         <size>0xed4</size>
         <input_file_ref idref="fl-2e"/>
      </object_component>
      <object_component id="oc-b4">
         <name>.debug_info</name>
         <load_address>0xfb2b</load_address>
         <run_address>0xfb2b</run_address>
         <size>0x744</size>
         <input_file_ref idref="fl-2f"/>
      </object_component>
      <object_component id="oc-ba">
         <name>.debug_info</name>
         <load_address>0x1026f</load_address>
         <run_address>0x1026f</run_address>
         <size>0xef</size>
         <input_file_ref idref="fl-30"/>
      </object_component>
      <object_component id="oc-be">
         <name>.debug_info</name>
         <load_address>0x1035e</load_address>
         <run_address>0x1035e</run_address>
         <size>0x662</size>
         <input_file_ref idref="fl-31"/>
      </object_component>
      <object_component id="oc-c2">
         <name>.debug_info</name>
         <load_address>0x109c0</load_address>
         <run_address>0x109c0</run_address>
         <size>0x5ab</size>
         <input_file_ref idref="fl-32"/>
      </object_component>
      <object_component id="oc-c6">
         <name>.debug_info</name>
         <load_address>0x10f6b</load_address>
         <run_address>0x10f6b</run_address>
         <size>0x4f2</size>
         <input_file_ref idref="fl-33"/>
      </object_component>
      <object_component id="oc-ca">
         <name>.debug_info</name>
         <load_address>0x1145d</load_address>
         <run_address>0x1145d</run_address>
         <size>0x706</size>
         <input_file_ref idref="fl-34"/>
      </object_component>
      <object_component id="oc-ce">
         <name>.debug_info</name>
         <load_address>0x11b63</load_address>
         <run_address>0x11b63</run_address>
         <size>0x4d2</size>
         <input_file_ref idref="fl-35"/>
      </object_component>
      <object_component id="oc-d2">
         <name>.debug_info</name>
         <load_address>0x12035</load_address>
         <run_address>0x12035</run_address>
         <size>0x5f7</size>
         <input_file_ref idref="fl-36"/>
      </object_component>
      <object_component id="oc-d6">
         <name>.debug_info</name>
         <load_address>0x1262c</load_address>
         <run_address>0x1262c</run_address>
         <size>0x64a</size>
         <input_file_ref idref="fl-37"/>
      </object_component>
      <object_component id="oc-db">
         <name>.debug_info</name>
         <load_address>0x12c76</load_address>
         <run_address>0x12c76</run_address>
         <size>0xa1c</size>
         <input_file_ref idref="fl-38"/>
      </object_component>
      <object_component id="oc-e1">
         <name>.debug_info</name>
         <load_address>0x13692</load_address>
         <run_address>0x13692</run_address>
         <size>0xb97</size>
         <input_file_ref idref="fl-39"/>
      </object_component>
      <object_component id="oc-e7">
         <name>.debug_info</name>
         <load_address>0x14229</load_address>
         <run_address>0x14229</run_address>
         <size>0x64f</size>
         <input_file_ref idref="fl-3a"/>
      </object_component>
      <object_component id="oc-eb">
         <name>.debug_info</name>
         <load_address>0x14878</load_address>
         <run_address>0x14878</run_address>
         <size>0x510</size>
         <input_file_ref idref="fl-3b"/>
      </object_component>
      <object_component id="oc-111">
         <name>.debug_info</name>
         <load_address>0x14d88</load_address>
         <run_address>0x14d88</run_address>
         <size>0x6e</size>
      </object_component>
      <object_component id="oc-15">
         <name>.debug_abbrev</name>
         <load_address>0x0</load_address>
         <run_address>0x0</run_address>
         <size>0x63</size>
         <input_file_ref idref="fl-2"/>
      </object_component>
      <object_component id="oc-1b">
         <name>.debug_abbrev</name>
         <load_address>0x63</load_address>
         <run_address>0x63</run_address>
         <size>0xbd</size>
         <input_file_ref idref="fl-3"/>
      </object_component>
      <object_component id="oc-20">
         <name>.debug_abbrev</name>
         <load_address>0x120</load_address>
         <run_address>0x120</run_address>
         <size>0x99</size>
         <input_file_ref idref="fl-4"/>
      </object_component>
      <object_component id="oc-24">
         <name>.debug_abbrev</name>
         <load_address>0x1b9</load_address>
         <run_address>0x1b9</run_address>
         <size>0x6a</size>
         <input_file_ref idref="fl-5"/>
      </object_component>
      <object_component id="oc-28">
         <name>.debug_abbrev</name>
         <load_address>0x223</load_address>
         <run_address>0x223</run_address>
         <size>0x3a</size>
         <input_file_ref idref="fl-e"/>
      </object_component>
      <object_component id="oc-2f">
         <name>.debug_abbrev</name>
         <load_address>0x25d</load_address>
         <run_address>0x25d</run_address>
         <size>0xf7</size>
         <input_file_ref idref="fl-f"/>
      </object_component>
      <object_component id="oc-33">
         <name>.debug_abbrev</name>
         <load_address>0x354</load_address>
         <run_address>0x354</run_address>
         <size>0x145</size>
         <input_file_ref idref="fl-10"/>
      </object_component>
      <object_component id="oc-37">
         <name>.debug_abbrev</name>
         <load_address>0x499</load_address>
         <run_address>0x499</run_address>
         <size>0x26</size>
         <input_file_ref idref="fl-11"/>
      </object_component>
      <object_component id="oc-3d">
         <name>.debug_abbrev</name>
         <load_address>0x4bf</load_address>
         <run_address>0x4bf</run_address>
         <size>0x9f</size>
         <input_file_ref idref="fl-12"/>
      </object_component>
      <object_component id="oc-43">
         <name>.debug_abbrev</name>
         <load_address>0x55e</load_address>
         <run_address>0x55e</run_address>
         <size>0x1f8</size>
         <input_file_ref idref="fl-13"/>
      </object_component>
      <object_component id="oc-47">
         <name>.debug_abbrev</name>
         <load_address>0x756</load_address>
         <run_address>0x756</run_address>
         <size>0xec</size>
         <input_file_ref idref="fl-14"/>
      </object_component>
      <object_component id="oc-4b">
         <name>.debug_abbrev</name>
         <load_address>0x842</load_address>
         <run_address>0x842</run_address>
         <size>0xd5</size>
         <input_file_ref idref="fl-15"/>
      </object_component>
      <object_component id="oc-4f">
         <name>.debug_abbrev</name>
         <load_address>0x917</load_address>
         <run_address>0x917</run_address>
         <size>0x44</size>
         <input_file_ref idref="fl-16"/>
      </object_component>
      <object_component id="oc-53">
         <name>.debug_abbrev</name>
         <load_address>0x95b</load_address>
         <run_address>0x95b</run_address>
         <size>0xb7</size>
         <input_file_ref idref="fl-17"/>
      </object_component>
      <object_component id="oc-55">
         <name>.debug_abbrev</name>
         <load_address>0xa12</load_address>
         <run_address>0xa12</run_address>
         <size>0x68</size>
         <input_file_ref idref="fl-18"/>
      </object_component>
      <object_component id="oc-59">
         <name>.debug_abbrev</name>
         <load_address>0xa7a</load_address>
         <run_address>0xa7a</run_address>
         <size>0x83</size>
         <input_file_ref idref="fl-19"/>
      </object_component>
      <object_component id="oc-5d">
         <name>.debug_abbrev</name>
         <load_address>0xafd</load_address>
         <run_address>0xafd</run_address>
         <size>0x112</size>
         <input_file_ref idref="fl-1a"/>
      </object_component>
      <object_component id="oc-61">
         <name>.debug_abbrev</name>
         <load_address>0xc0f</load_address>
         <run_address>0xc0f</run_address>
         <size>0xb5</size>
         <input_file_ref idref="fl-1b"/>
      </object_component>
      <object_component id="oc-65">
         <name>.debug_abbrev</name>
         <load_address>0xcc4</load_address>
         <run_address>0xcc4</run_address>
         <size>0x8f</size>
         <input_file_ref idref="fl-1c"/>
      </object_component>
      <object_component id="oc-69">
         <name>.debug_abbrev</name>
         <load_address>0xd53</load_address>
         <run_address>0xd53</run_address>
         <size>0xb7</size>
         <input_file_ref idref="fl-1d"/>
      </object_component>
      <object_component id="oc-6e">
         <name>.debug_abbrev</name>
         <load_address>0xe0a</load_address>
         <run_address>0xe0a</run_address>
         <size>0xc2</size>
         <input_file_ref idref="fl-1e"/>
      </object_component>
      <object_component id="oc-72">
         <name>.debug_abbrev</name>
         <load_address>0xecc</load_address>
         <run_address>0xecc</run_address>
         <size>0x103</size>
         <input_file_ref idref="fl-1f"/>
      </object_component>
      <object_component id="oc-77">
         <name>.debug_abbrev</name>
         <load_address>0xfcf</load_address>
         <run_address>0xfcf</run_address>
         <size>0x140</size>
         <input_file_ref idref="fl-20"/>
      </object_component>
      <object_component id="oc-7b">
         <name>.debug_abbrev</name>
         <load_address>0x110f</load_address>
         <run_address>0x110f</run_address>
         <size>0x9a</size>
         <input_file_ref idref="fl-21"/>
      </object_component>
      <object_component id="oc-7f">
         <name>.debug_abbrev</name>
         <load_address>0x11a9</load_address>
         <run_address>0x11a9</run_address>
         <size>0xd0</size>
         <input_file_ref idref="fl-22"/>
      </object_component>
      <object_component id="oc-83">
         <name>.debug_abbrev</name>
         <load_address>0x1279</load_address>
         <run_address>0x1279</run_address>
         <size>0xb7</size>
         <input_file_ref idref="fl-23"/>
      </object_component>
      <object_component id="oc-87">
         <name>.debug_abbrev</name>
         <load_address>0x1330</load_address>
         <run_address>0x1330</run_address>
         <size>0x38</size>
         <input_file_ref idref="fl-24"/>
      </object_component>
      <object_component id="oc-8d">
         <name>.debug_abbrev</name>
         <load_address>0x1368</load_address>
         <run_address>0x1368</run_address>
         <size>0x225</size>
         <input_file_ref idref="fl-25"/>
      </object_component>
      <object_component id="oc-91">
         <name>.debug_abbrev</name>
         <load_address>0x158d</load_address>
         <run_address>0x158d</run_address>
         <size>0xec</size>
         <input_file_ref idref="fl-26"/>
      </object_component>
      <object_component id="oc-95">
         <name>.debug_abbrev</name>
         <load_address>0x1679</load_address>
         <run_address>0x1679</run_address>
         <size>0xb7</size>
         <input_file_ref idref="fl-27"/>
      </object_component>
      <object_component id="oc-99">
         <name>.debug_abbrev</name>
         <load_address>0x1730</load_address>
         <run_address>0x1730</run_address>
         <size>0x38</size>
         <input_file_ref idref="fl-28"/>
      </object_component>
      <object_component id="oc-9d">
         <name>.debug_abbrev</name>
         <load_address>0x1768</load_address>
         <run_address>0x1768</run_address>
         <size>0xdc</size>
         <input_file_ref idref="fl-29"/>
      </object_component>
      <object_component id="oc-a1">
         <name>.debug_abbrev</name>
         <load_address>0x1844</load_address>
         <run_address>0x1844</run_address>
         <size>0x81</size>
         <input_file_ref idref="fl-2a"/>
      </object_component>
      <object_component id="oc-a5">
         <name>.debug_abbrev</name>
         <load_address>0x18c5</load_address>
         <run_address>0x18c5</run_address>
         <size>0xa6</size>
         <input_file_ref idref="fl-2b"/>
      </object_component>
      <object_component id="oc-a9">
         <name>.debug_abbrev</name>
         <load_address>0x196b</load_address>
         <run_address>0x196b</run_address>
         <size>0xb5</size>
         <input_file_ref idref="fl-2c"/>
      </object_component>
      <object_component id="oc-ad">
         <name>.debug_abbrev</name>
         <load_address>0x1a20</load_address>
         <run_address>0x1a20</run_address>
         <size>0x8f</size>
         <input_file_ref idref="fl-2d"/>
      </object_component>
      <object_component id="oc-b2">
         <name>.debug_abbrev</name>
         <load_address>0x1aaf</load_address>
         <run_address>0x1aaf</run_address>
         <size>0x15a</size>
         <input_file_ref idref="fl-2e"/>
      </object_component>
      <object_component id="oc-b8">
         <name>.debug_abbrev</name>
         <load_address>0x1c09</load_address>
         <run_address>0x1c09</run_address>
         <size>0xde</size>
         <input_file_ref idref="fl-2f"/>
      </object_component>
      <object_component id="oc-bc">
         <name>.debug_abbrev</name>
         <load_address>0x1ce7</load_address>
         <run_address>0x1ce7</run_address>
         <size>0x38</size>
         <input_file_ref idref="fl-30"/>
      </object_component>
      <object_component id="oc-c0">
         <name>.debug_abbrev</name>
         <load_address>0x1d1f</load_address>
         <run_address>0x1d1f</run_address>
         <size>0xd1</size>
         <input_file_ref idref="fl-31"/>
      </object_component>
      <object_component id="oc-c4">
         <name>.debug_abbrev</name>
         <load_address>0x1df0</load_address>
         <run_address>0x1df0</run_address>
         <size>0xd4</size>
         <input_file_ref idref="fl-32"/>
      </object_component>
      <object_component id="oc-c8">
         <name>.debug_abbrev</name>
         <load_address>0x1ec4</load_address>
         <run_address>0x1ec4</run_address>
         <size>0xa6</size>
         <input_file_ref idref="fl-33"/>
      </object_component>
      <object_component id="oc-cc">
         <name>.debug_abbrev</name>
         <load_address>0x1f6a</load_address>
         <run_address>0x1f6a</run_address>
         <size>0x136</size>
         <input_file_ref idref="fl-34"/>
      </object_component>
      <object_component id="oc-d0">
         <name>.debug_abbrev</name>
         <load_address>0x20a0</load_address>
         <run_address>0x20a0</run_address>
         <size>0x81</size>
         <input_file_ref idref="fl-35"/>
      </object_component>
      <object_component id="oc-d4">
         <name>.debug_abbrev</name>
         <load_address>0x2121</load_address>
         <run_address>0x2121</run_address>
         <size>0xd1</size>
         <input_file_ref idref="fl-36"/>
      </object_component>
      <object_component id="oc-d8">
         <name>.debug_abbrev</name>
         <load_address>0x21f2</load_address>
         <run_address>0x21f2</run_address>
         <size>0x10b</size>
         <input_file_ref idref="fl-37"/>
      </object_component>
      <object_component id="oc-de">
         <name>.debug_abbrev</name>
         <load_address>0x22fd</load_address>
         <run_address>0x22fd</run_address>
         <size>0x1a2</size>
         <input_file_ref idref="fl-38"/>
      </object_component>
      <object_component id="oc-e5">
         <name>.debug_abbrev</name>
         <load_address>0x249f</load_address>
         <run_address>0x249f</run_address>
         <size>0x1de</size>
         <input_file_ref idref="fl-39"/>
      </object_component>
      <object_component id="oc-e9">
         <name>.debug_abbrev</name>
         <load_address>0x267d</load_address>
         <run_address>0x267d</run_address>
         <size>0x118</size>
         <input_file_ref idref="fl-3a"/>
      </object_component>
      <object_component id="oc-ed">
         <name>.debug_abbrev</name>
         <load_address>0x2795</load_address>
         <run_address>0x2795</run_address>
         <size>0xbf</size>
         <input_file_ref idref="fl-3b"/>
      </object_component>
      <object_component id="oc-112">
         <name>.debug_abbrev</name>
         <load_address>0x2854</load_address>
         <run_address>0x2854</run_address>
         <size>0xd</size>
      </object_component>
      <object_component id="oc-19">
         <name>.debug_frame</name>
         <load_address>0x0</load_address>
         <run_address>0x0</run_address>
         <size>0xe1</size>
         <input_file_ref idref="fl-3"/>
      </object_component>
      <object_component id="oc-1e">
         <name>.debug_frame</name>
         <load_address>0xe1</load_address>
         <run_address>0xe1</run_address>
         <size>0x154</size>
         <input_file_ref idref="fl-4"/>
      </object_component>
      <object_component id="oc-1a">
         <name>.debug_line</name>
         <load_address>0x0</load_address>
         <run_address>0x0</run_address>
         <size>0x3e</size>
         <input_file_ref idref="fl-3"/>
      </object_component>
      <object_component id="oc-1f">
         <name>.debug_line</name>
         <load_address>0x3e</load_address>
         <run_address>0x3e</run_address>
         <size>0x84</size>
         <input_file_ref idref="fl-4"/>
      </object_component>
      <object_component id="oc-27">
         <name>.debug_line</name>
         <load_address>0xc2</load_address>
         <run_address>0xc2</run_address>
         <size>0x54</size>
         <input_file_ref idref="fl-e"/>
      </object_component>
      <object_component id="oc-2e">
         <name>.debug_line</name>
         <load_address>0x116</load_address>
         <run_address>0x116</run_address>
         <size>0x51</size>
         <input_file_ref idref="fl-f"/>
      </object_component>
      <object_component id="oc-32">
         <name>.debug_line</name>
         <load_address>0x167</load_address>
         <run_address>0x167</run_address>
         <size>0x69</size>
         <input_file_ref idref="fl-10"/>
      </object_component>
      <object_component id="oc-36">
         <name>.debug_line</name>
         <load_address>0x1d0</load_address>
         <run_address>0x1d0</run_address>
         <size>0x37</size>
         <input_file_ref idref="fl-11"/>
      </object_component>
      <object_component id="oc-3c">
         <name>.debug_line</name>
         <load_address>0x207</load_address>
         <run_address>0x207</run_address>
         <size>0x57</size>
         <input_file_ref idref="fl-12"/>
      </object_component>
      <object_component id="oc-42">
         <name>.debug_line</name>
         <load_address>0x25e</load_address>
         <run_address>0x25e</run_address>
         <size>0x328</size>
         <input_file_ref idref="fl-13"/>
      </object_component>
      <object_component id="oc-46">
         <name>.debug_line</name>
         <load_address>0x586</load_address>
         <run_address>0x586</run_address>
         <size>0x41</size>
         <input_file_ref idref="fl-14"/>
      </object_component>
      <object_component id="oc-4a">
         <name>.debug_line</name>
         <load_address>0x5c7</load_address>
         <run_address>0x5c7</run_address>
         <size>0x46</size>
         <input_file_ref idref="fl-15"/>
      </object_component>
      <object_component id="oc-4e">
         <name>.debug_line</name>
         <load_address>0x60d</load_address>
         <run_address>0x60d</run_address>
         <size>0x55</size>
         <input_file_ref idref="fl-16"/>
      </object_component>
      <object_component id="oc-52">
         <name>.debug_line</name>
         <load_address>0x662</load_address>
         <run_address>0x662</run_address>
         <size>0xad</size>
         <input_file_ref idref="fl-17"/>
      </object_component>
      <object_component id="oc-5c">
         <name>.debug_line</name>
         <load_address>0x70f</load_address>
         <run_address>0x70f</run_address>
         <size>0x5b</size>
         <input_file_ref idref="fl-1a"/>
      </object_component>
      <object_component id="oc-60">
         <name>.debug_line</name>
         <load_address>0x76a</load_address>
         <run_address>0x76a</run_address>
         <size>0x44</size>
         <input_file_ref idref="fl-1b"/>
      </object_component>
      <object_component id="oc-64">
         <name>.debug_line</name>
         <load_address>0x7ae</load_address>
         <run_address>0x7ae</run_address>
         <size>0x3d</size>
         <input_file_ref idref="fl-1c"/>
      </object_component>
      <object_component id="oc-68">
         <name>.debug_line</name>
         <load_address>0x7eb</load_address>
         <run_address>0x7eb</run_address>
         <size>0x3d</size>
         <input_file_ref idref="fl-1d"/>
      </object_component>
      <object_component id="oc-6d">
         <name>.debug_line</name>
         <load_address>0x828</load_address>
         <run_address>0x828</run_address>
         <size>0x44</size>
         <input_file_ref idref="fl-1e"/>
      </object_component>
      <object_component id="oc-71">
         <name>.debug_line</name>
         <load_address>0x86c</load_address>
         <run_address>0x86c</run_address>
         <size>0x56</size>
         <input_file_ref idref="fl-1f"/>
      </object_component>
      <object_component id="oc-76">
         <name>.debug_line</name>
         <load_address>0x8c2</load_address>
         <run_address>0x8c2</run_address>
         <size>0xa8</size>
         <input_file_ref idref="fl-20"/>
      </object_component>
      <object_component id="oc-7a">
         <name>.debug_line</name>
         <load_address>0x96a</load_address>
         <run_address>0x96a</run_address>
         <size>0x40</size>
         <input_file_ref idref="fl-21"/>
      </object_component>
      <object_component id="oc-7e">
         <name>.debug_line</name>
         <load_address>0x9aa</load_address>
         <run_address>0x9aa</run_address>
         <size>0x38</size>
         <input_file_ref idref="fl-22"/>
      </object_component>
      <object_component id="oc-82">
         <name>.debug_line</name>
         <load_address>0x9e2</load_address>
         <run_address>0x9e2</run_address>
         <size>0xa8</size>
         <input_file_ref idref="fl-23"/>
      </object_component>
      <object_component id="oc-86">
         <name>.debug_line</name>
         <load_address>0xa8a</load_address>
         <run_address>0xa8a</run_address>
         <size>0x3c</size>
         <input_file_ref idref="fl-24"/>
      </object_component>
      <object_component id="oc-8c">
         <name>.debug_line</name>
         <load_address>0xac6</load_address>
         <run_address>0xac6</run_address>
         <size>0x1b0</size>
         <input_file_ref idref="fl-25"/>
      </object_component>
      <object_component id="oc-90">
         <name>.debug_line</name>
         <load_address>0xc76</load_address>
         <run_address>0xc76</run_address>
         <size>0x40</size>
         <input_file_ref idref="fl-26"/>
      </object_component>
      <object_component id="oc-94">
         <name>.debug_line</name>
         <load_address>0xcb6</load_address>
         <run_address>0xcb6</run_address>
         <size>0x3c</size>
         <input_file_ref idref="fl-27"/>
      </object_component>
      <object_component id="oc-98">
         <name>.debug_line</name>
         <load_address>0xcf2</load_address>
         <run_address>0xcf2</run_address>
         <size>0x4d</size>
         <input_file_ref idref="fl-28"/>
      </object_component>
      <object_component id="oc-9c">
         <name>.debug_line</name>
         <load_address>0xd3f</load_address>
         <run_address>0xd3f</run_address>
         <size>0x3c</size>
         <input_file_ref idref="fl-29"/>
      </object_component>
      <object_component id="oc-a0">
         <name>.debug_line</name>
         <load_address>0xd7b</load_address>
         <run_address>0xd7b</run_address>
         <size>0x37</size>
         <input_file_ref idref="fl-2a"/>
      </object_component>
      <object_component id="oc-a4">
         <name>.debug_line</name>
         <load_address>0xdb2</load_address>
         <run_address>0xdb2</run_address>
         <size>0x3c</size>
         <input_file_ref idref="fl-2b"/>
      </object_component>
      <object_component id="oc-a8">
         <name>.debug_line</name>
         <load_address>0xdee</load_address>
         <run_address>0xdee</run_address>
         <size>0x44</size>
         <input_file_ref idref="fl-2c"/>
      </object_component>
      <object_component id="oc-ac">
         <name>.debug_line</name>
         <load_address>0xe32</load_address>
         <run_address>0xe32</run_address>
         <size>0x37</size>
         <input_file_ref idref="fl-2d"/>
      </object_component>
      <object_component id="oc-b1">
         <name>.debug_line</name>
         <load_address>0xe69</load_address>
         <run_address>0xe69</run_address>
         <size>0x15d</size>
         <input_file_ref idref="fl-2e"/>
      </object_component>
      <object_component id="oc-b7">
         <name>.debug_line</name>
         <load_address>0xfc6</load_address>
         <run_address>0xfc6</run_address>
         <size>0x6a</size>
         <input_file_ref idref="fl-2f"/>
      </object_component>
      <object_component id="oc-bb">
         <name>.debug_line</name>
         <load_address>0x1030</load_address>
         <run_address>0x1030</run_address>
         <size>0x58</size>
         <input_file_ref idref="fl-30"/>
      </object_component>
      <object_component id="oc-bf">
         <name>.debug_line</name>
         <load_address>0x1088</load_address>
         <run_address>0x1088</run_address>
         <size>0x57</size>
         <input_file_ref idref="fl-31"/>
      </object_component>
      <object_component id="oc-c3">
         <name>.debug_line</name>
         <load_address>0x10df</load_address>
         <run_address>0x10df</run_address>
         <size>0x5c</size>
         <input_file_ref idref="fl-32"/>
      </object_component>
      <object_component id="oc-c7">
         <name>.debug_line</name>
         <load_address>0x113b</load_address>
         <run_address>0x113b</run_address>
         <size>0x3c</size>
         <input_file_ref idref="fl-33"/>
      </object_component>
      <object_component id="oc-cb">
         <name>.debug_line</name>
         <load_address>0x1177</load_address>
         <run_address>0x1177</run_address>
         <size>0x5b</size>
         <input_file_ref idref="fl-34"/>
      </object_component>
      <object_component id="oc-cf">
         <name>.debug_line</name>
         <load_address>0x11d2</load_address>
         <run_address>0x11d2</run_address>
         <size>0x3a</size>
         <input_file_ref idref="fl-35"/>
      </object_component>
      <object_component id="oc-d3">
         <name>.debug_line</name>
         <load_address>0x120c</load_address>
         <run_address>0x120c</run_address>
         <size>0x3c</size>
         <input_file_ref idref="fl-36"/>
      </object_component>
      <object_component id="oc-d7">
         <name>.debug_line</name>
         <load_address>0x1248</load_address>
         <run_address>0x1248</run_address>
         <size>0x3f</size>
         <input_file_ref idref="fl-37"/>
      </object_component>
      <object_component id="oc-dd">
         <name>.debug_line</name>
         <load_address>0x1287</load_address>
         <run_address>0x1287</run_address>
         <size>0xd7</size>
         <input_file_ref idref="fl-38"/>
      </object_component>
      <object_component id="oc-e4">
         <name>.debug_line</name>
         <load_address>0x135e</load_address>
         <run_address>0x135e</run_address>
         <size>0x112</size>
         <input_file_ref idref="fl-39"/>
      </object_component>
      <object_component id="oc-e8">
         <name>.debug_line</name>
         <load_address>0x1470</load_address>
         <run_address>0x1470</run_address>
         <size>0x3d</size>
         <input_file_ref idref="fl-3a"/>
      </object_component>
      <object_component id="oc-ec">
         <name>.debug_line</name>
         <load_address>0x14ad</load_address>
         <run_address>0x14ad</run_address>
         <size>0x39</size>
         <input_file_ref idref="fl-3b"/>
      </object_component>
   </object_component_list>
   <logical_group_list>
      <logical_group id="lg-10c">
         <name>.text</name>
         <load_address>0x20000</load_address>
         <run_address>0x20000</run_address>
         <size>0x40cd</size>
         <contents>
            <object_component_ref idref="oc-3e"/>
            <object_component_ref idref="oc-88"/>
            <object_component_ref idref="oc-ae"/>
            <object_component_ref idref="oc-df"/>
            <object_component_ref idref="oc-5a"/>
            <object_component_ref idref="oc-d9"/>
            <object_component_ref idref="oc-80"/>
            <object_component_ref idref="oc-c1"/>
            <object_component_ref idref="oc-50"/>
            <object_component_ref idref="oc-73"/>
            <object_component_ref idref="oc-9a"/>
            <object_component_ref idref="oc-d5"/>
            <object_component_ref idref="oc-bd"/>
            <object_component_ref idref="oc-c9"/>
            <object_component_ref idref="oc-b6"/>
            <object_component_ref idref="oc-6f"/>
            <object_component_ref idref="oc-5e"/>
            <object_component_ref idref="oc-8e"/>
            <object_component_ref idref="oc-e6"/>
            <object_component_ref idref="oc-cd"/>
            <object_component_ref idref="oc-78"/>
            <object_component_ref idref="oc-a6"/>
            <object_component_ref idref="oc-66"/>
            <object_component_ref idref="oc-b3"/>
            <object_component_ref idref="oc-d1"/>
            <object_component_ref idref="oc-6a"/>
            <object_component_ref idref="oc-48"/>
            <object_component_ref idref="oc-1c"/>
            <object_component_ref idref="oc-30"/>
            <object_component_ref idref="oc-4c"/>
            <object_component_ref idref="oc-44"/>
            <object_component_ref idref="oc-a2"/>
            <object_component_ref idref="oc-c5"/>
            <object_component_ref idref="oc-96"/>
            <object_component_ref idref="oc-29"/>
            <object_component_ref idref="oc-10"/>
            <object_component_ref idref="oc-62"/>
            <object_component_ref idref="oc-b9"/>
            <object_component_ref idref="oc-92"/>
            <object_component_ref idref="oc-16"/>
            <object_component_ref idref="oc-7c"/>
            <object_component_ref idref="oc-aa"/>
            <object_component_ref idref="oc-84"/>
            <object_component_ref idref="oc-38"/>
            <object_component_ref idref="oc-9e"/>
            <object_component_ref idref="oc-ea"/>
            <object_component_ref idref="oc-2d"/>
            <object_component_ref idref="oc-34"/>
         </contents>
      </logical_group>
      <split_section id="lg-2">
         <name>.text</name>
         <contents>
            <logical_group_ref idref="lg-10c"/>
         </contents>
      </split_section>
      <logical_group id="lg-3">
         <name>.stack</name>
         <run_address>0xc0</run_address>
         <size>0x2000</size>
         <contents>
            <object_component_ref idref="oc-25"/>
            <object_component_ref idref="oc-108"/>
         </contents>
      </logical_group>
      <logical_group id="lg-4">
         <name>.sysstack</name>
         <run_address>0x20c0</run_address>
         <size>0x1000</size>
         <contents>
            <object_component_ref idref="oc-ee"/>
            <object_component_ref idref="oc-10a"/>
         </contents>
      </logical_group>
      <logical_group id="lg-5">
         <name>.data</name>
         <run_address>0xc0</run_address>
         <size>0x0</size>
         <contents>
         </contents>
      </logical_group>
      <logical_group id="lg-10d">
         <name>.bss</name>
         <run_address>0x50c0</run_address>
         <size>0xefc</size>
         <contents>
            <object_component_ref idref="oc-21"/>
            <object_component_ref idref="oc-56"/>
            <object_component_ref idref="oc-af"/>
            <object_component_ref idref="oc-da"/>
            <object_component_ref idref="oc-89"/>
            <object_component_ref idref="oc-12"/>
            <object_component_ref idref="oc-e0"/>
            <object_component_ref idref="oc-39"/>
            <object_component_ref idref="oc-2a"/>
         </contents>
      </logical_group>
      <split_section id="lg-6">
         <name>.bss</name>
         <contents>
            <logical_group_ref idref="lg-10d"/>
         </contents>
      </split_section>
      <logical_group id="lg-10e">
         <name>.const.1</name>
         <load_address>0x5fbc</load_address>
         <run_address>0x5fbc</run_address>
         <size>0x202</size>
         <contents>
            <object_component_ref idref="oc-ef"/>
         </contents>
      </logical_group>
      <logical_group id="lg-10f">
         <name>.const.2</name>
         <load_address>0x61c0</load_address>
         <run_address>0x61c0</run_address>
         <size>0x92</size>
         <contents>
            <object_component_ref idref="oc-18"/>
         </contents>
      </logical_group>
      <logical_group id="lg-110">
         <name>.const.3</name>
         <load_address>0x6254</load_address>
         <run_address>0x6254</run_address>
         <size>0x78</size>
         <contents>
            <object_component_ref idref="oc-41"/>
            <object_component_ref idref="oc-40"/>
            <object_component_ref idref="oc-f0"/>
            <object_component_ref idref="oc-75"/>
            <object_component_ref idref="oc-6c"/>
         </contents>
      </logical_group>
      <split_section id="lg-7">
         <name>.const</name>
         <contents>
            <logical_group_ref idref="lg-10e"/>
            <logical_group_ref idref="lg-10f"/>
            <logical_group_ref idref="lg-110"/>
         </contents>
      </split_section>
      <logical_group id="lg-8">
         <name>.sysmem</name>
         <run_address>0x30c0</run_address>
         <size>0x2000</size>
         <contents>
            <object_component_ref idref="oc-e3"/>
            <object_component_ref idref="oc-109"/>
         </contents>
      </logical_group>
      <logical_group id="lg-9">
         <name>.switch</name>
         <run_address>0x0</run_address>
         <size>0x0</size>
         <contents>
         </contents>
      </logical_group>
      <logical_group id="lg-a">
         <name>.cinit</name>
         <load_address>0x40000</load_address>
         <run_address>0x40000</run_address>
         <size>0xb24</size>
         <contents>
            <object_component_ref idref="oc-23"/>
            <object_component_ref idref="oc-8b"/>
            <object_component_ref idref="oc-58"/>
            <object_component_ref idref="oc-14"/>
            <object_component_ref idref="oc-3b"/>
            <object_component_ref idref="oc-2c"/>
            <object_component_ref idref="oc-dc"/>
            <object_component_ref idref="oc-e2"/>
         </contents>
      </logical_group>
      <logical_group id="lg-b">
         <name>.pinit</name>
         <run_address>0x0</run_address>
         <size>0x0</size>
         <contents>
         </contents>
      </logical_group>
      <logical_group id="lg-c">
         <name>.cio</name>
         <run_address>0x40b28</run_address>
         <size>0x240</size>
         <contents>
            <object_component_ref idref="oc-b5"/>
         </contents>
      </logical_group>
      <logical_group id="lg-d">
         <name>.args</name>
         <run_address>0x0</run_address>
         <size>0x0</size>
         <contents>
         </contents>
      </logical_group>
      <logical_group id="lg-e">
         <name>vectors</name>
         <load_address>0x4fe00</load_address>
         <run_address>0x4fe00</run_address>
         <size>0x100</size>
         <contents>
            <object_component_ref idref="oc-11"/>
         </contents>
      </logical_group>
      <logical_group id="lg-f">
         <name>.ioport</name>
         <run_address>0x0</run_address>
         <size>0x0</size>
         <contents>
         </contents>
      </logical_group>
      <logical_group id="lg-ff">
         <name>.debug_info</name>
         <load_address>0x0</load_address>
         <run_address>0x0</run_address>
         <size>0x14df6</size>
         <contents>
            <object_component_ref idref="oc-13"/>
            <object_component_ref idref="oc-17"/>
            <object_component_ref idref="oc-1d"/>
            <object_component_ref idref="oc-22"/>
            <object_component_ref idref="oc-26"/>
            <object_component_ref idref="oc-2b"/>
            <object_component_ref idref="oc-31"/>
            <object_component_ref idref="oc-35"/>
            <object_component_ref idref="oc-3a"/>
            <object_component_ref idref="oc-3f"/>
            <object_component_ref idref="oc-45"/>
            <object_component_ref idref="oc-49"/>
            <object_component_ref idref="oc-4d"/>
            <object_component_ref idref="oc-51"/>
            <object_component_ref idref="oc-54"/>
            <object_component_ref idref="oc-57"/>
            <object_component_ref idref="oc-5b"/>
            <object_component_ref idref="oc-5f"/>
            <object_component_ref idref="oc-63"/>
            <object_component_ref idref="oc-67"/>
            <object_component_ref idref="oc-6b"/>
            <object_component_ref idref="oc-70"/>
            <object_component_ref idref="oc-74"/>
            <object_component_ref idref="oc-79"/>
            <object_component_ref idref="oc-7d"/>
            <object_component_ref idref="oc-81"/>
            <object_component_ref idref="oc-85"/>
            <object_component_ref idref="oc-8a"/>
            <object_component_ref idref="oc-8f"/>
            <object_component_ref idref="oc-93"/>
            <object_component_ref idref="oc-97"/>
            <object_component_ref idref="oc-9b"/>
            <object_component_ref idref="oc-9f"/>
            <object_component_ref idref="oc-a3"/>
            <object_component_ref idref="oc-a7"/>
            <object_component_ref idref="oc-ab"/>
            <object_component_ref idref="oc-b0"/>
            <object_component_ref idref="oc-b4"/>
            <object_component_ref idref="oc-ba"/>
            <object_component_ref idref="oc-be"/>
            <object_component_ref idref="oc-c2"/>
            <object_component_ref idref="oc-c6"/>
            <object_component_ref idref="oc-ca"/>
            <object_component_ref idref="oc-ce"/>
            <object_component_ref idref="oc-d2"/>
            <object_component_ref idref="oc-d6"/>
            <object_component_ref idref="oc-db"/>
            <object_component_ref idref="oc-e1"/>
            <object_component_ref idref="oc-e7"/>
            <object_component_ref idref="oc-eb"/>
            <object_component_ref idref="oc-111"/>
         </contents>
      </logical_group>
      <logical_group id="lg-101">
         <name>.debug_abbrev</name>
         <load_address>0x0</load_address>
         <run_address>0x0</run_address>
         <size>0x2861</size>
         <contents>
            <object_component_ref idref="oc-15"/>
            <object_component_ref idref="oc-1b"/>
            <object_component_ref idref="oc-20"/>
            <object_component_ref idref="oc-24"/>
            <object_component_ref idref="oc-28"/>
            <object_component_ref idref="oc-2f"/>
            <object_component_ref idref="oc-33"/>
            <object_component_ref idref="oc-37"/>
            <object_component_ref idref="oc-3d"/>
            <object_component_ref idref="oc-43"/>
[...]
         <value>0xffffffff</value>
      </symbol>
      <symbol id="sm-8">
         <name>___binit__</name>
         <value>0xffffffff</value>
      </symbol>
      <symbol id="sm-9">
         <name>__STACK_SIZE</name>
         <value>0x2000</value>
      </symbol>
      <symbol id="sm-a">
         <name>__STACK_END</name>
         <value>0x20c0</value>
      </symbol>
      <symbol id="sm-b">
         <name>__SYSMEM_SIZE</name>
         <value>0x2000</value>
      </symbol>
      <symbol id="sm-c">
         <name>___c_args__</name>
         <value>0xffffffff</value>
      </symbol>
      <symbol id="sm-d">
         <name>__SYSSTACK_SIZE</name>
         <value>0x1000</value>
      </symbol>
      <symbol id="sm-e">
         <name>.text</name>
         <value>0xffffffff</value>
      </symbol>
      <symbol id="sm-f">
         <name>___text__</name>
         <value>0xffffffff</value>
      </symbol>
      <symbol id="sm-10">
         <name>etext</name>
         <value>0xffffffff</value>
      </symbol>
      <symbol id="sm-11">
         <name>___etext__</name>
         <value>0xffffffff</value>
      </symbol>
      <symbol id="sm-12">
         <name>.data</name>
         <value>0xffffffff</value>
      </symbol>
      <symbol id="sm-13">
         <name>___data__</name>
         <value>0xffffffff</value>
      </symbol>
      <symbol id="sm-14">
         <name>edata</name>
         <value>0xffffffff</value>
      </symbol>
      <symbol id="sm-15">
         <name>___edata__</name>
         <value>0xffffffff</value>
      </symbol>
      <symbol id="sm-16">
         <name>.bss</name>
         <value>0xffffffff</value>
      </symbol>
      <symbol id="sm-17">
         <name>___bss__</name>
         <value>0xffffffff</value>
      </symbol>
      <symbol id="sm-18">
         <name>end</name>
         <value>0xffffffff</value>
      </symbol>
      <symbol id="sm-19">
         <name>___end__</name>
         <value>0xffffffff</value>
      </symbol>
      <symbol id="sm-4b">
         <name>_lp_filter</name>
         <value>0x5f76</value>
         <object_component_ref idref="oc-12"/>
      </symbol>
      <symbol id="sm-5c">
         <name>_main</name>
         <value>0x24038</value>
         <object_component_ref idref="oc-16"/>
      </symbol>
      <symbol id="sm-66">
         <name>_downsample</name>
         <value>0x23d43</value>
         <object_component_ref idref="oc-1c"/>
      </symbol>
      <symbol id="sm-67">
         <name>_decimate</name>
         <value>0x23d53</value>
         <object_component_ref idref="oc-1c"/>
      </symbol>
      <symbol id="sm-68">
         <name>_upsample</name>
         <value>0x23d63</value>
         <object_component_ref idref="oc-1c"/>
      </symbol>
      <symbol id="sm-69">
         <name>_interpolate</name>
         <value>0x23d73</value>
         <object_component_ref idref="oc-1c"/>
      </symbol>
      <symbol id="sm-6a">
         <name>_resample</name>
         <value>0x23d83</value>
         <object_component_ref idref="oc-1c"/>
      </symbol>
      <symbol id="sm-74">
         <name>_signal1</name>
         <value>0x50c0</value>
         <object_component_ref idref="oc-21"/>
      </symbol>
      <symbol id="sm-75">
         <name>_signal2</name>
         <value>0x58c0</value>
         <object_component_ref idref="oc-21"/>
      </symbol>
      <symbol id="sm-81">
         <name>__sysstack</name>
         <value>0x20c0</value>
         <object_component_ref idref="oc-ee"/>
      </symbol>
      <symbol id="sm-82">
         <name>_c_int00</name>
         <value>0x23f8d</value>
         <object_component_ref idref="oc-10"/>
      </symbol>
      <symbol id="sm-83">
         <name>__stack</name>
         <value>0xc0</value>
         <object_component_ref idref="oc-25"/>
      </symbol>
      <symbol id="sm-93">
         <name>C$$EXIT</name>
         <value>0x240c4</value>
         <object_component_ref idref="oc-2d"/>
      </symbol>
      <symbol id="sm-94">
         <name>_exit</name>
         <value>0x23f4f</value>
         <object_component_ref idref="oc-29"/>
      </symbol>
      <symbol id="sm-95">
         <name>_abort</name>
         <value>0x240c3</value>
         <object_component_ref idref="oc-2d"/>
      </symbol>
      <symbol id="sm-96">
         <name>__cleanup_ptr</name>
         <value>0x5fb4</value>
         <object_component_ref idref="oc-2a"/>
      </symbol>
      <symbol id="sm-97">
         <name>__dtors_ptr</name>
         <value>0x5fb8</value>
         <object_component_ref idref="oc-2a"/>
      </symbol>
      <symbol id="sm-a1">
         <name>_printf</name>
         <value>0x23d95</value>
         <object_component_ref idref="oc-30"/>
      </symbol>
      <symbol id="sm-ab">
         <name>_Reset</name>
         <value>0x4fe00</value>
         <object_component_ref idref="oc-11"/>
      </symbol>
      <symbol id="sm-b9">
         <name>__unlock</name>
         <value>0x5fb0</value>
         <object_component_ref idref="oc-39"/>
      </symbol>
      <symbol id="sm-ba">
         <name>__lock</name>
         <value>0x5fac</value>
         <object_component_ref idref="oc-39"/>
      </symbol>
      <symbol id="sm-bb">
         <name>__register_lock</name>
         <value>0x2409f</value>
         <object_component_ref idref="oc-38"/>
      </symbol>
      <symbol id="sm-bc">
         <name>__nop</name>
         <value>0x240a7</value>
         <object_component_ref idref="oc-38"/>
      </symbol>
      <symbol id="sm-bd">
         <name>__register_unlock</name>
         <value>0x24097</value>
         <object_component_ref idref="oc-38"/>
      </symbol>
      <symbol id="sm-cf">
         <name>__printfi</name>
         <value>0x21362</value>
         <object_component_ref idref="oc-3e"/>
      </symbol>
      <symbol id="sm-d9">
         <name>__args_main</name>
         <value>0x23e32</value>
         <object_component_ref idref="oc-44"/>
      </symbol>
      <symbol id="sm-da">
         <name>__TI_args_main</name>
         <value>0x1</value>
      </symbol>
      <symbol id="sm-e4">
         <name>_atoi</name>
         <value>0x23ce7</value>
         <object_component_ref idref="oc-48"/>
      </symbol>
      <symbol id="sm-ec">
         <name>_auto_init</name>
         <value>0x23de5</value>
         <object_component_ref idref="oc-4c"/>
      </symbol>
      <symbol id="sm-f6">
         <name>__eqld</name>
         <value>0x23125</value>
         <object_component_ref idref="oc-50"/>
      </symbol>
      <symbol id="sm-f7">
         <name>__cmpd</name>
         <value>0x23159</value>
         <object_component_ref idref="oc-50"/>
      </symbol>
      <symbol id="sm-f8">
         <name>__neqd</name>
         <value>0x22fc7</value>
         <object_component_ref idref="oc-50"/>
      </symbol>
      <symbol id="sm-f9">
         <name>__gtrd</name>
         <value>0x23090</value>
         <object_component_ref idref="oc-50"/>
      </symbol>
      <symbol id="sm-fa">
         <name>__geqd</name>
         <value>0x230db</value>
         <object_component_ref idref="oc-50"/>
      </symbol>
      <symbol id="sm-fb">
         <name>__leqd</name>
         <value>0x23043</value>
         <object_component_ref idref="oc-50"/>
      </symbol>
      <symbol id="sm-fc">
         <name>__lssd</name>
         <value>0x22ffb</value>
         <object_component_ref idref="oc-50"/>
      </symbol>
      <symbol id="sm-104">
         <name>__ctypes_</name>
         <value>0x5fbc</value>
         <object_component_ref idref="oc-ef"/>
      </symbol>
      <symbol id="sm-10e">
         <name>__tmpnams</name>
         <value>0x5bb0</value>
         <object_component_ref idref="oc-56"/>
      </symbol>
      <symbol id="sm-10f">
         <name>__ft_end</name>
         <value>0x5cf0</value>
         <object_component_ref idref="oc-56"/>
      </symbol>
      <symbol id="sm-110">
         <name>__ftable</name>
         <value>0x5ac0</value>
         <object_component_ref idref="oc-56"/>
      </symbol>
      <symbol id="sm-11c">
         <name>__divd</name>
         <value>0x224c4</value>
         <object_component_ref idref="oc-5a"/>
      </symbol>
      <symbol id="sm-127">
         <name>__divul</name>
         <value>0x23845</value>
         <object_component_ref idref="oc-5e"/>
      </symbol>
      <symbol id="sm-131">
         <name>__fixdi</name>
         <value>0x23fc1</value>
         <object_component_ref idref="oc-62"/>
      </symbol>
      <symbol id="sm-13b">
         <name>__fixdli</name>
         <value>0x23b39</value>
         <object_component_ref idref="oc-66"/>
      </symbol>
      <symbol id="sm-147">
         <name>__fltlid</name>
         <value>0x23c80</value>
         <object_component_ref idref="oc-6a"/>
      </symbol>
      <symbol id="sm-151">
         <name>_putchar</name>
         <value>0x23836</value>
         <object_component_ref idref="oc-6f"/>
      </symbol>
      <symbol id="sm-152">
         <name>_putc</name>
         <value>0x2379f</value>
         <object_component_ref idref="oc-6f"/>
      </symbol>
      <symbol id="sm-153">
         <name>_fputc</name>
         <value>0x2379f</value>
         <object_component_ref idref="oc-6f"/>
      </symbol>
      <symbol id="sm-161">
         <name>_puts</name>
         <value>0x232e6</value>
         <object_component_ref idref="oc-73"/>
      </symbol>
      <symbol id="sm-162">
         <name>_fputs</name>
         <value>0x231b1</value>
         <object_component_ref idref="oc-73"/>
      </symbol>
      <symbol id="sm-16c">
         <name>__frcmpyd_div</name>
         <value>0x23a54</value>
         <object_component_ref idref="oc-78"/>
      </symbol>
      <symbol id="sm-176">
         <name>___isinf</name>
         <value>0x24056</value>
         <object_component_ref idref="oc-7c"/>
      </symbol>
      <symbol id="sm-180">
         <name>__divull</name>
         <value>0x22c44</value>
         <object_component_ref idref="oc-80"/>
      </symbol>
      <symbol id="sm-181">
         <name>__mpylli</name>
         <value>0x22b8c</value>
         <object_component_ref idref="oc-80"/>
      </symbol>
      <symbol id="sm-182">
         <name>__remlli</name>
         <value>0x22b5d</value>
         <object_component_ref idref="oc-80"/>
      </symbol>
      <symbol id="sm-183">
         <name>__divlli</name>
         <value>0x22d38</value>
         <object_component_ref idref="oc-80"/>
      </symbol>
      <symbol id="sm-184">
         <name>__remull</name>
         <value>0x22b0f</value>
         <object_component_ref idref="oc-80"/>
      </symbol>
      <symbol id="sm-18c">
         <name>__mpyli</name>
         <value>0x24084</value>
         <object_component_ref idref="oc-84"/>
      </symbol>
      <symbol id="sm-18d">
         <name>I$$LMPY</name>
         <value>0x24084</value>
         <object_component_ref idref="oc-84"/>
      </symbol>
      <symbol id="sm-19f">
         <name>_add_device</name>
         <value>0x219f7</value>
         <object_component_ref idref="oc-88"/>
      </symbol>
      <symbol id="sm-1a0">
         <name>_rename</name>
         <value>0x21719</value>
         <object_component_ref idref="oc-88"/>
      </symbol>
      <symbol id="sm-1a1">
         <name>_read</name>
         <value>0x217a8</value>
         <object_component_ref idref="oc-88"/>
      </symbol>
      <symbol id="sm-1a2">
         <name>_unlink</name>
         <value>0x216e6</value>
         <object_component_ref idref="oc-88"/>
      </symbol>
      <symbol id="sm-1a3">
         <name>_remove_device</name>
         <value>0x21772</value>
         <object_component_ref idref="oc-88"/>
      </symbol>
      <symbol id="sm-1a4">
         <name>_open</name>
         <value>0x21856</value>
         <object_component_ref idref="oc-88"/>
      </symbol>
      <symbol id="sm-1a5">
         <name>_find_registered_device</name>
         <value>0x2197b</value>
         <object_component_ref idref="oc-88"/>
      </symbol>
      <symbol id="sm-1a6">
         <name>_lseek</name>
         <value>0x21915</value>
         <object_component_ref idref="oc-88"/>
      </symbol>
      <symbol id="sm-1a7">
         <name>_close</name>
         <value>0x21984</value>
         <object_component_ref idref="oc-88"/>
      </symbol>
      <symbol id="sm-1a8">
         <name>_write</name>
         <value>0x215a4</value>
         <object_component_ref idref="oc-88"/>
      </symbol>
      <symbol id="sm-1b2">
         <name>_ltoa</name>
         <value>0x238e6</value>
         <object_component_ref idref="oc-8e"/>
      </symbol>
      <symbol id="sm-1bd">
         <name>_memccpy</name>
         <value>0x24015</value>
         <object_component_ref idref="oc-92"/>
      </symbol>
      <symbol id="sm-1c5">
         <name>_memcpy</name>
         <value>0x23f10</value>
         <object_component_ref idref="oc-96"/>
      </symbol>
      <symbol id="sm-1cf">
         <name>__mpyd</name>
         <value>0x23314</value>
         <object_component_ref idref="oc-9a"/>
      </symbol>
      <symbol id="sm-1d9">
         <name>__negd</name>
         <value>0x240a9</value>
         <object_component_ref idref="oc-9e"/>
      </symbol>
      <symbol id="sm-1e3">
         <name>__remli</name>
         <value>0x23e7d</value>
         <object_component_ref idref="oc-a2"/>
      </symbol>
      <symbol id="sm-1ee">
         <name>__remul</name>
         <value>0x23ac7</value>
         <object_component_ref idref="oc-a6"/>
      </symbol>
      <symbol id="sm-1f8">
         <name>__subd</name>
         <value>0x24070</value>
         <object_component_ref idref="oc-aa"/>
      </symbol>
      <symbol id="sm-204">
         <name>_HOSTopen</name>
         <value>0x21df2</value>
         <object_component_ref idref="oc-ae"/>
      </symbol>
      <symbol id="sm-205">
         <name>_HOSTread</name>
         <value>0x21d65</value>
         <object_component_ref idref="oc-ae"/>
      </symbol>
      <symbol id="sm-206">
         <name>_HOSTtime</name>
         <value>0x21c59</value>
         <object_component_ref idref="oc-ae"/>
      </symbol>
      <symbol id="sm-207">
         <name>_getenv</name>
         <value>0x21ae7</value>
         <object_component_ref idref="oc-ae"/>
      </symbol>
      <symbol id="sm-208">
         <name>_HOSTrename</name>
         <value>0x21cb7</value>
         <object_component_ref idref="oc-ae"/>
      </symbol>
      <symbol id="sm-209">
         <name>_HOSTclock</name>
         <value>0x21fb1</value>
         <object_component_ref idref="oc-ae"/>
      </symbol>
      <symbol id="sm-20a">
         <name>_HOSTwrite</name>
         <value>0x21b62</value>
         <object_component_ref idref="oc-ae"/>
      </symbol>
      <symbol id="sm-20b">
         <name>_HOSTlseek</name>
         <value>0x21e91</value>
         <object_component_ref idref="oc-ae"/>
      </symbol>
      <symbol id="sm-20c">
         <name>_HOSTunlink</name>
         <value>0x21bef</value>
         <object_component_ref idref="oc-ae"/>
      </symbol>
      <symbol id="sm-20d">
         <name>_HOSTclose</name>
         <value>0x21f46</value>
         <object_component_ref idref="oc-ae"/>
      </symbol>
      <symbol id="sm-21f">
         <name>C$$IO$$</name>
         <value>0x2379a</value>
         <object_component_ref idref="oc-b6"/>
      </symbol>
      <symbol id="sm-220">
         <name>__CIOBUF_</name>
         <value>0x40b28</value>
         <object_component_ref idref="oc-b5"/>
      </symbol>
      <symbol id="sm-221">
         <name>_readmsg</name>
         <value>0x23ba8</value>
         <object_component_ref idref="oc-b3"/>
      </symbol>
      <symbol id="sm-222">
         <name>_writemsg</name>
         <value>0x236e5</value>
         <object_component_ref idref="oc-b6"/>
      </symbol>
      <symbol id="sm-22a">
         <name>__remu</name>
         <value>0x24000</value>
         <object_component_ref idref="oc-b9"/>
      </symbol>
      <symbol id="sm-22b">
         <name>__divu</name>
         <value>0x23feb</value>
         <object_component_ref idref="oc-b9"/>
      </symbol>
      <symbol id="sm-22c">
         <name>I$$UMOD</name>
         <value>0x24000</value>
         <object_component_ref idref="oc-b9"/>
      </symbol>
      <symbol id="sm-22d">
         <name>I$$UDIV</name>
         <value>0x23feb</value>
         <object_component_ref idref="oc-b9"/>
      </symbol>
      <symbol id="sm-237">
         <name>__rd_ok</name>
         <value>0x235c6</value>
         <object_component_ref idref="oc-bd"/>
      </symbol>
      <symbol id="sm-238">
         <name>__wrt_ok</name>
         <value>0x23546</value>
         <object_component_ref idref="oc-bd"/>
      </symbol>
      <symbol id="sm-242">
         <name>__addd</name>
         <value>0x22d6d</value>
         <object_component_ref idref="oc-c1"/>
      </symbol>
      <symbol id="sm-24c">
         <name>__divli</name>
         <value>0x23ec8</value>
         <object_component_ref idref="oc-c5"/>
      </symbol>
      <symbol id="sm-256">
         <name>__doflush</name>
         <value>0x23623</value>
         <object_component_ref idref="oc-c9"/>
      </symbol>
      <symbol id="sm-257">
         <name>_fflush</name>
         <value>0x2368c</value>
         <object_component_ref idref="oc-c9"/>
      </symbol>
      <symbol id="sm-261">
         <name>__frcmpyd</name>
         <value>0x239de</value>
         <object_component_ref idref="oc-cd"/>
      </symbol>
      <symbol id="sm-26b">
         <name>_fseek</name>
         <value>0x23c15</value>
         <object_component_ref idref="oc-d1"/>
      </symbol>
      <symbol id="sm-275">
         <name>_setvbuf</name>
         <value>0x23460</value>
         <object_component_ref idref="oc-d5"/>
      </symbol>
      <symbol id="sm-284">
         <name>__cleanup</name>
         <value>0x229b1</value>
         <object_component_ref idref="oc-d9"/>
      </symbol>
      <symbol id="sm-285">
         <name>_fopen</name>
         <value>0x22ad4</value>
         <object_component_ref idref="oc-d9"/>
      </symbol>
      <symbol id="sm-286">
         <name>_freopen</name>
         <value>0x22a0b</value>
         <object_component_ref idref="oc-d9"/>
      </symbol>
      <symbol id="sm-296">
         <name>__sys_memory</name>
         <value>0x30c0</value>
         <object_component_ref idref="oc-e3"/>
      </symbol>
      <symbol id="sm-297">
         <name>_chkheap</name>
         <value>0x22496</value>
         <object_component_ref idref="oc-df"/>
      </symbol>
      <symbol id="sm-298">
         <name>_realloc</name>
         <value>0x22235</value>
         <object_component_ref idref="oc-df"/>
      </symbol>
      <symbol id="sm-299">
         <name>_free_memory</name>
         <value>0x22440</value>
         <object_component_ref idref="oc-df"/>
      </symbol>
      <symbol id="sm-29a">
         <name>_max_free</name>
         <value>0x223e6</value>
         <object_component_ref idref="oc-df"/>
      </symbol>
      <symbol id="sm-29b">
         <name>_free</name>
         <value>0x2200f</value>
         <object_component_ref idref="oc-df"/>
      </symbol>
      <symbol id="sm-29c">
         <name>_calloc</name>
         <value>0x2249e</value>
         <object_component_ref idref="oc-df"/>
      </symbol>
      <symbol id="sm-29d">
         <name>_malloc</name>
         <value>0x22140</value>
         <object_component_ref idref="oc-df"/>
      </symbol>
      <symbol id="sm-29e">
         <name>_minit</name>
         <value>0x220db</value>
         <object_component_ref idref="oc-df"/>
      </symbol>
      <symbol id="sm-2a8">
         <name>_fclose</name>
         <value>0x23963</value>
         <object_component_ref idref="oc-e6"/>
      </symbol>
      <symbol id="sm-2b2">
         <name>_remove</name>
         <value>0x240b9</value>
         <object_component_ref idref="oc-ea"/>
      </symbol>
   </symbol_table>
</link_info>
